Archive member included because of file (symbol)

../arm/arm7lib/libarm7lib.a(DAC.o)
                              APRSBeacon.o (_ZN3DAC11GetInstanceEv)
../arm/arm7lib/libarm7lib.a(SPI0.o)
                              APRSBeacon.o (_ZN4SPI011GetInstanceEv)
../arm/arm7lib/libarm7lib.a(SPI1.o)
                              APRSBeacon.o (_ZN4SPI111GetInstanceEv)
../arm/arm7lib/libarm7lib.a(SystemControl.o)
                              APRSBeacon.o (_ZN13SystemControl11GetInstanceEv)
../arm/arm7lib/libarm7lib.a(TimerBase.o)
                              ../arm/arm7lib/libarm7lib.a(SystemControl.o) (_ZN9TimerBase7GetTickEv)
../arm/arm7lib/libarm7lib.a(Timer0.o)
                              ../arm/arm7lib/libarm7lib.a(SystemControl.o) (_ZN6Timer011GetInstanceEv)
../arm/arm7lib/libarm7lib.a(Timer1.o)
                              ../arm/arm7lib/libarm7lib.a(SystemControl.o) (_ZN6Timer111GetInstanceEv)
../arm/arm7lib/libarm7lib.a(UART0.o)
                              Engineering.o (_ZN5UART011GetInstanceEv)
../arm/arm7lib/libarm7lib.a(UART1.o)
                              APRSBeacon.o (_ZN5UART111GetInstanceEv)
../arm/arm7lib/libarm7lib.a(VIC.o)
                              ../arm/arm7lib/libarm7lib.a(SystemControl.o) (_Z9enableIRQv)
../arm/arm7lib/libarm7lib.a(WatchDogTimer.o)
                              Engineering.o (_ZN13WatchDogTimer5ResetEv)
../arm/arm7lib/libarm7lib.a(CMX867A.o)
                              AFSK.o (_ZN7CMX867A11GetInstanceEv)
../arm/arm7lib/libarm7lib.a(GPSLassen.o)
                              Engineering.o (_ZN9GPSLassen11GetInstanceEv)
../arm/arm7lib/libarm7lib.a(LM92.o)
                              Engineering.o (_ZN4LM9211GetInstanceEv)
../arm/arm7lib/libarm7lib.a(M25P80.o)
                              Log.o (_ZN6M25P8011GetInstanceEv)
../arm/arm7lib/libarm7lib.a(GPSData.o)
                              Engineering.o (_ZN7GPSDataC1Ev)
../arm/arm7lib/libarm7lib.a(MIC-E.o)
                              Engineering.o (_ZN10MICEncoder6EncodeEPK7GPSData)
../arm/arm7lib/libarm7lib.a(NMEA.o)
                              Engineering.o (_ZN4NMEA5GPGGAEPK7GPSDataPc)
../arm/arm7lib/libarm7lib.a(RTCTime.o)
                              ../arm/arm7lib/libarm7lib.a(GPSLassen.o) (_ZN7RTCTimeC1Emmm)
../arm/arm7lib/libarm7lib.a(FIFO.o)
                              ../arm/arm7lib/libarm7lib.a(UART0.o) (_ZN4FIFOC1Ev)
../arm/arm7lib/libarm7lib.a(AX25.o)
                              AFSK.o (_ZN4AX25C1Ev)
../arm/arm7lib/libarm7lib.a(I2C0.o)
                              ../arm/arm7lib/libarm7lib.a(LM92.o) (_ZN4I2C011GetInstanceEv)
../arm/arm7lib/libarm7lib.a(RTC.o)
                              ../arm/arm7lib/libarm7lib.a(SystemControl.o) (_ZN3RTC11GetInstanceEv)
../arm/arm7lib/libarm7lib.a(CRC16.o)
                              ../arm/arm7lib/libarm7lib.a(AX25.o) (_ZN5CRC169CalculateEPKvmm)
/home/elijah/CodeSourcery/Sourcery_G++_Lite/bin/../lib/gcc/arm-none-eabi/4.5.2/../../../../arm-none-eabi/lib/libm.a(lib_a-sf_lround.o)
                              ../arm/arm7lib/libarm7lib.a(GPSLassen.o) (lroundf)
/home/elijah/CodeSourcery/Sourcery_G++_Lite/bin/../lib/gcc/arm-none-eabi/4.5.2/../../../../arm-none-eabi/lib/libm.a(lib_a-w_atan2.o)
                              ../arm/arm7lib/libarm7lib.a(GPSLassen.o) (atan2)
/home/elijah/CodeSourcery/Sourcery_G++_Lite/bin/../lib/gcc/arm-none-eabi/4.5.2/../../../../arm-none-eabi/lib/libm.a(lib_a-w_sqrt.o)
                              ../arm/arm7lib/libarm7lib.a(GPSLassen.o) (sqrt)
/home/elijah/CodeSourcery/Sourcery_G++_Lite/bin/../lib/gcc/arm-none-eabi/4.5.2/../../../../arm-none-eabi/lib/libm.a(lib_a-e_atan2.o)
                              /home/elijah/CodeSourcery/Sourcery_G++_Lite/bin/../lib/gcc/arm-none-eabi/4.5.2/../../../../arm-none-eabi/lib/libm.a(lib_a-w_atan2.o) (__ieee754_atan2)
/home/elijah/CodeSourcery/Sourcery_G++_Lite/bin/../lib/gcc/arm-none-eabi/4.5.2/../../../../arm-none-eabi/lib/libm.a(lib_a-e_sqrt.o)
                              /home/elijah/CodeSourcery/Sourcery_G++_Lite/bin/../lib/gcc/arm-none-eabi/4.5.2/../../../../arm-none-eabi/lib/libm.a(lib_a-w_sqrt.o) (__ieee754_sqrt)
/home/elijah/CodeSourcery/Sourcery_G++_Lite/bin/../lib/gcc/arm-none-eabi/4.5.2/../../../../arm-none-eabi/lib/libm.a(lib_a-s_atan.o)
                              /home/elijah/CodeSourcery/Sourcery_G++_Lite/bin/../lib/gcc/arm-none-eabi/4.5.2/../../../../arm-none-eabi/lib/libm.a(lib_a-e_atan2.o) (atan)
/home/elijah/CodeSourcery/Sourcery_G++_Lite/bin/../lib/gcc/arm-none-eabi/4.5.2/../../../../arm-none-eabi/lib/libm.a(lib_a-s_fabs.o)
                              /home/elijah/CodeSourcery/Sourcery_G++_Lite/bin/../lib/gcc/arm-none-eabi/4.5.2/../../../../arm-none-eabi/lib/libm.a(lib_a-e_atan2.o) (fabs)
/home/elijah/CodeSourcery/Sourcery_G++_Lite/bin/../lib/gcc/arm-none-eabi/4.5.2/../../../../arm-none-eabi/lib/libm.a(lib_a-s_fpclassify.o)
[...]
Memory Configuration

Name             Origin             Length             Attributes
flash            0x00000000         0x00080000         xr
ram_isp_low      0x40000120         0x000000df         a
ram              0x40000000         0x00007f00         rw
ram_isp_high     0x40007fe0         0x00000020         a
ram_usb_dma      0x7fd00000         0x00002000         rw
*default*        0x00000000         0xffffffff

Linker script and memory map

LOAD /home/elijah/CodeSourcery/Sourcery_G++_Lite/bin/../lib/gcc/arm-none-eabi/4.5.2/crti.o
LOAD /home/elijah/CodeSourcery/Sourcery_G++_Lite/bin/../lib/gcc/arm-none-eabi/4.5.2/crtbegin.o
LOAD crt.o
LOAD CRunTime.o
LOAD AFSK.o
LOAD main.o
LOAD Engineering.o
LOAD APRSBeacon.o
LOAD IOPorts.o
LOAD Log.o
LOAD ../arm/arm7lib/libarm7lib.a
LOAD /home/elijah/CodeSourcery/Sourcery_G++_Lite/bin/../lib/gcc/arm-none-eabi/4.5.2/../../../../arm-none-eabi/lib/libstdc++.a
LOAD /home/elijah/CodeSourcery/Sourcery_G++_Lite/bin/../lib/gcc/arm-none-eabi/4.5.2/../../../../arm-none-eabi/lib/libm.a
START GROUP
LOAD /home/elijah/CodeSourcery/Sourcery_G++_Lite/bin/../lib/gcc/arm-none-eabi/4.5.2/libgcc.a
LOAD /home/elijah/CodeSourcery/Sourcery_G++_Lite/bin/../lib/gcc/arm-none-eabi/4.5.2/../../../../arm-none-eabi/lib/libc.a
END GROUP
LOAD /home/elijah/CodeSourcery/Sourcery_G++_Lite/bin/../lib/gcc/arm-none-eabi/4.5.2/crtend.o
LOAD /home/elijah/CodeSourcery/Sourcery_G++_Lite/bin/../lib/gcc/arm-none-eabi/4.5.2/crtn.o
                0x00001000                C_STACK_SIZE = 0x1000
                0x00000400                IRQ_STACK_SIZE = 0x400
                0x00000100                FIQ_STACK_SIZE = 0x100
                0x00000100                SVC_STACK_SIZE = 0x100
                0x00000100                ABT_STACK_SIZE = 0x100
                0x00000100                UND_STACK_SIZE = 0x100

.crt            0x00000000      0x15c
                0x00000000                . = ALIGN (0x4)
 *crt.o(.text)
 .text          0x00000000      0x15c crt.o
                0x00000000                _boot
                0x00000094                _start
                0x0000015c                . = ALIGN (0x4)

.text           0x00000160     0xaef8
 *(.text)
 .text          0x00000160       0x50 /home/elijah/CodeSourcery/Sourcery_G++_Lite/bin/../lib/gcc/arm-none-eabi/4.5.2/crtbegin.o
 .text          0x000001b0       0x84 /home/elijah/CodeSourcery/Sourcery_G++_Lite/bin/../lib/gcc/arm-none-eabi/4.5.2/../../../../arm-none-eabi/lib/libm.a(lib_a-sf_lround.o)
                0x000001b0                lroundf
 .text          0x00000234       0x10 /home/elijah/CodeSourcery/Sourcery_G++_Lite/bin/../lib/gcc/arm-none-eabi/4.5.2/../../../../arm-none-eabi/lib/libm.a(lib_a-w_atan2.o)
                0x00000234                atan2
 .text          0x00000244      0x124 /home/elijah/CodeSourcery/Sourcery_G++_Lite/bin/../lib/gcc/arm-none-eabi/4.5.2/../../../../arm-none-eabi/lib/libm.a(lib_a-w_sqrt.o)
                0x00000244                sqrt
 .text          0x00000368      0x2e8 /home/elijah/CodeSourcery/Sourcery_G++_Lite/bin/../lib/gcc/arm-none-eabi/4.5.2/../../../../arm-none-eabi/lib/libm.a(lib_a-e_atan2.o)
                0x00000368                __ieee754_atan2
 .text          0x00000650      0x238 /home/elijah/CodeSourcery/Sourcery_G++_Lite/bin/../lib/gcc/arm-none-eabi/4.5.2/../../../../arm-none-eabi/lib/libm.a(lib_a-e_sqrt.o)
                0x00000650                __ieee754_sqrt
 .text          0x00000888      0x4a0 /home/elijah/CodeSourcery/Sourcery_G++_Lite/bin/../lib/gcc/arm-none-eabi/4.5.2/../../../../arm-none-eabi/lib/libm.a(lib_a-s_atan.o)
                0x00000888                atan
 .text          0x00000d28       0x10 /home/elijah/CodeSourcery/Sourcery_G++_Lite/bin/../lib/gcc/arm-none-eabi/4.5.2/../../../../arm-none-eabi/lib/libm.a(lib_a-s_fabs.o)
                0x00000d28                fabs
 .text          0x00000d38       0x8c /home/elijah/CodeSourcery/Sourcery_G++_Lite/bin/../lib/gcc/arm-none-eabi/4.5.2/../../../../arm-none-eabi/lib/libm.a(lib_a-s_fpclassify.o)
                0x00000d38                __fpclassifyd
 .text          0x00000dc4        0x8 /home/elijah/CodeSourcery/Sourcery_G++_Lite/bin/../lib/gcc/arm-none-eabi/4.5.2/../../../../arm-none-eabi/lib/libm.a(lib_a-s_matherr.o)
                0x00000dc4                matherr
 .text          0x00000dcc      0x114 /home/elijah/CodeSourcery/Sourcery_G++_Lite/bin/../lib/gcc/arm-none-eabi/4.5.2/libgcc.a(_udivsi3.o)
                0x00000dcc                __udivsi3
                0x00000dcc                __aeabi_uidiv
                0x00000ec0                __aeabi_uidivmod
 .text          0x00000ee0        0x4 /home/elijah/CodeSourcery/Sourcery_G++_Lite/bin/../lib/gcc/arm-none-eabi/4.5.2/libgcc.a(_dvmd_tls.o)
                0x00000ee0                __aeabi_ldiv0
                0x00000ee0                __aeabi_idiv0
 .text          0x00000ee4      0x41c /home/elijah/CodeSourcery/Sourcery_G++_Lite/bin/../lib/gcc/arm-none-eabi/4.5.2/libgcc.a(_arm_addsubdf3.o)
                0x00000ee4                __aeabi_drsub
                0x00000eec                __aeabi_dsub
                0x00000eec                __subdf3
                0x00000ef0                __adddf3
                0x00000ef0                __aeabi_dadd
                0x00001200                __aeabi_ui2d
                0x00001200                __floatunsidf
                0x00001224                __floatsidf
                0x00001224                __aeabi_i2d
                0x0000124c                __extendsfdf2
                0x0000124c                __aeabi_f2d
                0x0000128c                __aeabi_ul2d
                0x0000128c                __floatundidf
                0x000012a0                __floatdidf
                0x000012a0                __aeabi_l2d
 .text          0x00001300      0x49c /home/elijah/CodeSourcery/Sourcery_G++_Lite/bin/../lib/gcc/arm-none-eabi/4.5.2/libgcc.a(_arm_muldivdf3.o)
                0x00001300                __aeabi_dmul
                0x00001300                __muldf3
                0x00001590                __aeabi_ddiv
                0x00001590                __divdf3
 .text          0x0000179c      0x144 /home/elijah/CodeSourcery/Sourcery_G++_Lite/bin/../lib/gcc/arm-none-eabi/4.5.2/libgcc.a(_arm_cmpdf2.o)
                0x0000179c                __gtdf2
                0x0000179c                __gedf2
                0x000017a4                __ltdf2
                0x000017a4                __ledf2
                0x000017ac                __cmpdf2
                0x000017ac                __eqdf2
                0x000017ac                __nedf2
                0x00001834                __aeabi_cdrcmple
                0x00001850                __aeabi_cdcmple
                0x00001850                __aeabi_cdcmpeq
                0x00001868                __aeabi_dcmpeq
                0x00001880                __aeabi_dcmplt
                0x00001898                __aeabi_dcmple
                0x000018b0                __aeabi_dcmpge
                0x000018c8                __aeabi_dcmpgt
 .text          0x000018e0       0xa0 /home/elijah/CodeSourcery/Sourcery_G++_Lite/bin/../lib/gcc/arm-none-eabi/4.5.2/libgcc.a(_arm_truncdfsf2.o)
                0x000018e0                __aeabi_d2f
                0x000018e0                __truncdfsf2
 .text          0x00001980      0x2ac /home/elijah/CodeSourcery/Sourcery_G++_Lite/bin/../lib/gcc/arm-none-eabi/4.5.2/libgcc.a(_arm_addsubsf3.o)
                0x00001980                __aeabi_frsub
                0x00001988                __subsf3
                0x00001988                __aeabi_fsub
                0x0000198c                __aeabi_fadd
                0x0000198c                __addsf3
                0x00001b48                __aeabi_ui2f
                0x00001b48                __floatunsisf
                0x00001b50                __aeabi_i2f
                0x00001b50                __floatsisf
                0x00001b70                __floatundisf
                0x00001b70                __aeabi_ul2f
                0x00001b80                __floatdisf
                0x00001b80                __aeabi_l2f
 .text          0x00001c2c      0x2f8 /home/elijah/CodeSourcery/Sourcery_G++_Lite/bin/../lib/gcc/arm-none-eabi/4.5.2/libgcc.a(_arm_muldivsf3.o)
                0x00001c2c                __mulsf3
                0x00001c2c                __aeabi_fmul
                0x00001dc4                __divsf3
                0x00001dc4                __aeabi_fdiv
 .text          0x00001f24       0x5c /home/elijah/CodeSourcery/Sourcery_G++_Lite/bin/../lib/gcc/arm-none-eabi/4.5.2/libgcc.a(_arm_fixsfsi.o)
                0x00001f24                __fixsfsi
                0x00001f24                __aeabi_f2iz
 .text          0x00001f80       0x10 /home/elijah/CodeSourcery/Sourcery_G++_Lite/bin/../lib/gcc/arm-none-eabi/4.5.2/../../../../arm-none-eabi/lib/libc.a(lib_a-errno.o)
                0x00001f80                __errno
 .text          0x00001f90       0x20 /home/elijah/CodeSourcery/Sourcery_G++_Lite/bin/../lib/gcc/arm-none-eabi/4.5.2/../../../../arm-none-eabi/lib/libc.a(lib_a-gmtime.o)
                0x00001f90                gmtime
 .text          0x00001fb0       0x14 /home/elijah/CodeSourcery/Sourcery_G++_Lite/bin/../lib/gcc/arm-none-eabi/4.5.2/../../../../arm-none-eabi/lib/libc.a(lib_a-gmtime_r.o)
                0x00001fb0                gmtime_r
 .text          0x00001fc4       0x80 /home/elijah/CodeSourcery/Sourcery_G++_Lite/bin/../lib/gcc/arm-none-eabi/4.5.2/../../../../arm-none-eabi/lib/libc.a(lib_a-init.o)
                0x00001fc4                __libc_init_array
 .text          0x00002044      0x1c0 /home/elijah/CodeSourcery/Sourcery_G++_Lite/bin/../lib/gcc/arm-none-eabi/4.5.2/../../../../arm-none-eabi/lib/libc.a(lib_a-memcpy.o)
                0x00002044                memcpy
 .text          0x00002204      0x100 /home/elijah/CodeSourcery/Sourcery_G++_Lite/bin/../lib/gcc/arm-none-eabi/4.5.2/../../../../arm-none-eabi/lib/libc.a(lib_a-memset.o)
                0x00002204                memset
 .text          0x00002304      0x75c /home/elijah/CodeSourcery/Sourcery_G++_Lite/bin/../lib/gcc/arm-none-eabi/4.5.2/../../../../arm-none-eabi/lib/libc.a(lib_a-mktm_r.o)
                0x00002304                __tzcalc_limits
                0x00002550                _mktm_r
 .text          0x00002a60       0xdc /home/elijah/CodeSourcery/Sourcery_G++_Lite/bin/../lib/gcc/arm-none-eabi/4.5.2/../../../../arm-none-eabi/lib/libc.a(lib_a-sprintf.o)
                0x00002a60                _sprintf_r
                0x00002ac8                sprintf
 .text          0x00002b3c       0x94 /home/elijah/CodeSourcery/Sourcery_G++_Lite/bin/../lib/gcc/arm-none-eabi/4.5.2/../../../../arm-none-eabi/lib/libc.a(lib_a-strcat.o)
                0x00002b3c                strcat
 .text          0x00002bd0       0xf0 /home/elijah/CodeSourcery/Sourcery_G++_Lite/bin/../lib/gcc/arm-none-eabi/4.5.2/../../../../arm-none-eabi/lib/libc.a(lib_a-strcpy.o)
                0x00002bd0                strcpy
 .text          0x00002cc0       0x60 /home/elijah/CodeSourcery/Sourcery_G++_Lite/bin/../lib/gcc/arm-none-eabi/4.5.2/../../../../arm-none-eabi/lib/libc.a(lib_a-strlen.o)
                0x00002cc0                strlen
 .text          0x00002d20     0x2138 /home/elijah/CodeSourcery/Sourcery_G++_Lite/bin/../lib/gcc/arm-none-eabi/4.5.2/../../../../arm-none-eabi/lib/libc.a(lib_a-svfprintf.o)
                0x00002d20                _svfprintf_r
 .text          0x00004e58        0x8 /home/elijah/CodeSourcery/Sourcery_G++_Lite/bin/../lib/gcc/arm-none-eabi/4.5.2/../../../../arm-none-eabi/lib/libc.a(lib_a-tzlock.o)
                0x00004e58                __tz_lock
                0x00004e5c                __tz_unlock
 .text          0x00004e60       0xc8 /home/elijah/CodeSourcery/Sourcery_G++_Lite/bin/../lib/gcc/arm-none-eabi/4.5.2/../../../../arm-none-eabi/lib/libc.a(lib_a-vsnprintf.o)
                0x00004e60                _vsnprintf_r
                0x00004ee4                vsnprintf
 .text          0x00004f28     0x17d0 /home/elijah/CodeSourcery/Sourcery_G++_Lite/bin/../lib/gcc/arm-none-eabi/4.5.2/../../../../arm-none-eabi/lib/libc.a(lib_a-dtoa.o)
                0x000050f8                _dtoa_r
 .text          0x000066f8        0xc /home/elijah/CodeSourcery/Sourcery_G++_Lite/bin/../lib/gcc/arm-none-eabi/4.5.2/../../../../arm-none-eabi/lib/libc.a(lib_a-gettzinfo.o)
                0x000066f8                __gettzinfo
 .text          0x00006704       0xd0 /home/elijah/CodeSourcery/Sourcery_G++_Lite/bin/../lib/gcc/arm-none-eabi/4.5.2/../../../../arm-none-eabi/lib/libc.a(lib_a-locale.o)
                0x00006704                _setlocale_r
                0x00006770                __locale_charset
                0x0000677c                __locale_mb_cur_max
                0x0000678c                __locale_msgcharset
                0x00006798                __locale_cjk_lang
                0x000067a0                _localeconv_r
                0x000067ac                setlocale
                0x000067c8                localeconv
 .text          0x000067d4      0x70c /home/elijah/CodeSourcery/Sourcery_G++_Lite/bin/../lib/gcc/arm-none-eabi/4.5.2/../../../../arm-none-eabi/lib/libc.a(lib_a-mallocr.o)
                0x000067d4                _malloc_r
 .text          0x00006ee0      0x104 /home/elijah/CodeSourcery/Sourcery_G++_Lite/bin/../lib/gcc/arm-none-eabi/4.5.2/../../../../arm-none-eabi/lib/libc.a(lib_a-memchr.o)
                0x00006ee0                memchr
 .text          0x00006fe4        0x8 /home/elijah/CodeSourcery/Sourcery_G++_Lite/bin/../lib/gcc/arm-none-eabi/4.5.2/../../../../arm-none-eabi/lib/libc.a(lib_a-mlock.o)
                0x00006fe4                __malloc_lock
                0x00006fe8                __malloc_unlock
 .text          0x00006fec      0xcfc /home/elijah/CodeSourcery/Sourcery_G++_Lite/bin/../lib/gcc/arm-none-eabi/4.5.2/../../../../arm-none-eabi/lib/libc.a(lib_a-mprec.o)
                0x00006fec                _Balloc
                0x00007074                _Bfree
                0x00007090                __multadd
                0x0000716c                __s2b
                0x00007258                __hi0bits
                0x000072a8                __lo0bits
                0x00007338                __i2b
                0x0000735c                __multiply
                0x00007544                __pow5mult
                0x00007638                __lshift
                0x0000773c                __mcmp
                0x0000779c                __mdiff
                0x000078f4                __ulp
                0x00007954                __b2d
                0x00007a18                __d2b
                0x00007b20                __ratio
                0x00007b98                _mprec_log10
                0x00007bec                __copybits
                0x00007c60                __any_on
 .text          0x00007ce8      0x230 /home/elijah/CodeSourcery/Sourcery_G++_Lite/bin/../lib/gcc/arm-none-eabi/4.5.2/../../../../arm-none-eabi/lib/libc.a(lib_a-strcmp.o)
                0x00007ce8                strcmp
 .text          0x00007f18     0x1238 /home/elijah/CodeSourcery/Sourcery_G++_Lite/bin/../lib/gcc/arm-none-eabi/4.5.2/../../../../arm-none-eabi/lib/libc.a(lib_a-svfiprintf.o)
                0x00007f18                __ssprint_r
                0x000080b4                _svfiprintf_r
 .text          0x00009150       0x9c /home/elijah/CodeSourcery/Sourcery_G++_Lite/bin/../lib/gcc/arm-none-eabi/4.5.2/../../../../arm-none-eabi/lib/libc.a(lib_a-callocr.o)
                0x00009150                _calloc_r
 .text          0x000091ec      0x360 /home/elijah/CodeSourcery/Sourcery_G++_Lite/bin/../lib/gcc/arm-none-eabi/4.5.2/../../../../arm-none-eabi/lib/libc.a(lib_a-freer.o)
                0x000091ec                _malloc_trim_r
                0x000092e8                _free_r
 .text          0x0000954c      0x128 /home/elijah/CodeSourcery/Sourcery_G++_Lite/bin/../lib/gcc/arm-none-eabi/4.5.2/../../../../arm-none-eabi/lib/libc.a(lib_a-memmove.o)
                0x0000954c                memmove
 .text          0x00009674      0x5c0 /home/elijah/CodeSourcery/Sourcery_G++_Lite/bin/../lib/gcc/arm-none-eabi/4.5.2/../../../../arm-none-eabi/lib/libc.a(lib_a-reallocr.o)
                0x00009674                _realloc_r
 .text          0x00009c34      0x148 /home/elijah/CodeSourcery/Sourcery_G++_Lite/bin/../lib/gcc/arm-none-eabi/4.5.2/libgcc.a(_divsi3.o)
                0x00009c34                __aeabi_idiv
                0x00009c34                __divsi3
                0x00009d5c                __aeabi_idivmod
 .text          0x00009d7c       0x5c /home/elijah/CodeSourcery/Sourcery_G++_Lite/bin/../lib/gcc/arm-none-eabi/4.5.2/libgcc.a(_arm_fixdfsi.o)
                0x00009d7c                __fixdfsi
                0x00009d7c                __aeabi_d2iz
 .text          0x00009dd8       0x3c /home/elijah/CodeSourcery/Sourcery_G++_Lite/bin/../lib/gcc/arm-none-eabi/4.5.2/libgcc.a(_aeabi_uldivmod.o)
                0x00009dd8                __aeabi_uldivmod
 .text          0x00009e14       0x80 /home/elijah/CodeSourcery/Sourcery_G++_Lite/bin/../lib/gcc/arm-none-eabi/4.5.2/libgcc.a(bpabi.o)
                0x00009e14                __gnu_ldivmod_helper
                0x00009e54                __gnu_uldivmod_helper
 .text          0x00009e94      0x4a8 /home/elijah/CodeSourcery/Sourcery_G++_Lite/bin/../lib/gcc/arm-none-eabi/4.5.2/libgcc.a(_divdi3.o)
                0x00009e94                __divdi3
 .text          0x0000a33c      0x434 /home/elijah/CodeSourcery/Sourcery_G++_Lite/bin/../lib/gcc/arm-none-eabi/4.5.2/libgcc.a(_udivdi3.o)
                0x0000a33c                __udivdi3
 .text          0x0000a770       0x48 /home/elijah/CodeSourcery/Sourcery_G++_Lite/bin/../lib/gcc/arm-none-eabi/4.5.2/libgcc.a(_clzsi2.o)
                0x0000a770                __clzsi2
 *(.rodata)
 .rodata        0x0000a7b8        0x8 AFSK.o
 .rodata        0x0000a7c0       0x48 APRSBeacon.o
                0x0000a7c0                _ZTV6M25P80
                0x0000a7d8                _ZTV9GPSLassen
                0x0000a7f0                _ZTV7CMX867A
 .rodata        0x0000a808      0x200 ../arm/arm7lib/libarm7lib.a(CRC16.o)
                0x0000a808                _ZN5CRC168CRCTableE
 .rodata        0x0000aa08       0x40 /home/elijah/CodeSourcery/Sourcery_G++_Lite/bin/../lib/gcc/arm-none-eabi/4.5.2/../../../../arm-none-eabi/lib/libm.a(lib_a-s_atan.o)
 .rodata        0x0000aa48       0x68 /home/elijah/CodeSourcery/Sourcery_G++_Lite/bin/../lib/gcc/arm-none-eabi/4.5.2/../../../../arm-none-eabi/lib/libc.a(lib_a-mktm_r.o)
 .rodata        0x0000aab0       0x20 /home/elijah/CodeSourcery/Sourcery_G++_Lite/bin/../lib/gcc/arm-none-eabi/4.5.2/../../../../arm-none-eabi/lib/libc.a(lib_a-svfprintf.o)
 .rodata        0x0000aad0      0x128 /home/elijah/CodeSourcery/Sourcery_G++_Lite/bin/../lib/gcc/arm-none-eabi/4.5.2/../../../../arm-none-eabi/lib/libc.a(lib_a-mprec.o)
                0x0000aae0                __mprec_tens
                0x0000aba8                __mprec_bigtens
                0x0000abd0                __mprec_tinytens
 .rodata        0x0000abf8       0x20 /home/elijah/CodeSourcery/Sourcery_G++_Lite/bin/../lib/gcc/arm-none-eabi/4.5.2/../../../../arm-none-eabi/lib/libc.a(lib_a-svfiprintf.o)
 *(.rodata*)
 .rodata.str1.4
                0x0000ac18       0x1e AFSK.o
                                 0x20 (size before relaxing)
 *fill*         0x0000ac36        0x2 00
 .rodata.str1.4
                0x0000ac38      0x13e Engineering.o
                                0x144 (size before relaxing)
 *fill*         0x0000ad76        0x2 00
 .rodata.str1.4
                0x0000ad78       0xfa APRSBeacon.o
                                0x100 (size before relaxing)
 *fill*         0x0000ae72        0x2 00
 .rodata.str1.4
                0x0000ae74       0x1e Log.o
                                 0x24 (size before relaxing)
 *fill*         0x0000ae92        0x2 00
 .rodata.str1.4
                0x0000ae94        0x3 ../arm/arm7lib/libarm7lib.a(UART0.o)
                                  0x4 (size before relaxing)
 *fill*         0x0000ae97        0x1 00
 .rodata.str1.4
                0x0000ae98       0x36 ../arm/arm7lib/libarm7lib.a(GPSLassen.o)
                                 0x38 (size before relaxing)
 *fill*         0x0000aece        0x2 00
 .rodata.str1.4
                0x0000aed0       0xb1 ../arm/arm7lib/libarm7lib.a(NMEA.o)
                                 0xb4 (size before relaxing)
 *fill*         0x0000af81        0x3 00
 .rodata.str1.4
                0x0000af84        0x5 /home/elijah/CodeSourcery/Sourcery_G++_Lite/bin/../lib/gcc/arm-none-eabi/4.5.2/../../../../arm-none-eabi/lib/libm.a(lib_a-w_sqrt.o)
                                  0x8 (size before relaxing)
 .rodata.str1.4
                0x00000000        0x5 /home/elijah/CodeSourcery/Sourcery_G++_Lite/bin/../lib/gcc/arm-none-eabi/4.5.2/../../../../arm-none-eabi/lib/libc.a(lib_a-impure.o)
                                  0x4 (size before relaxing)
 *fill*         0x0000af89        0x3 00
 .rodata.str1.4
                0x0000af8c       0x42 /home/elijah/CodeSourcery/Sourcery_G++_Lite/bin/../lib/gcc/arm-none-eabi/4.5.2/../../../../arm-none-eabi/lib/libc.a(lib_a-svfprintf.o)
                                 0x44 (size before relaxing)
 *fill*         0x0000afce        0x2 00
 .rodata.str1.4
                0x0000afd0       0x10 /home/elijah/CodeSourcery/Sourcery_G++_Lite/bin/../lib/gcc/arm-none-eabi/4.5.2/../../../../arm-none-eabi/lib/libc.a(lib_a-dtoa.o)
                                 0x14 (size before relaxing)
 .rodata.str1.4
                0x0000afe0        0x8 /home/elijah/CodeSourcery/Sourcery_G++_Lite/bin/../lib/gcc/arm-none-eabi/4.5.2/../../../../arm-none-eabi/lib/libc.a(lib_a-locale.o)
                                 0x14 (size before relaxing)
 .rodata.str1.4
                0x00000000       0x30 /home/elijah/CodeSourcery/Sourcery_G++_Lite/bin/../lib/gcc/arm-none-eabi/4.5.2/../../../../arm-none-eabi/lib/libc.a(lib_a-svfiprintf.o)
 *(.glue_7)
 .glue_7        0x00000000        0x0 linker stubs
 *(.glue_7t)
 .glue_7t       0x00000000        0x0 linker stubs
                0x0000afe8                . = ALIGN (0x4)
 *(.init)
 .init          0x0000afe8        0xc /home/elijah/CodeSourcery/Sourcery_G++_Lite/bin/../lib/gcc/arm-none-eabi/4.5.2/crti.o
                0x0000afe8                _init
 .init          0x0000aff4        0xc /home/elijah/CodeSourcery/Sourcery_G++_Lite/bin/../lib/gcc/arm-none-eabi/4.5.2/crtn.o
                0x0000b000                . = ALIGN (0x4)
                0x0000b000                __preinit_array_start = .
 *(.preinit_array)
                0x0000b000                __preinit_array_end = .
                0x0000b000                . = ALIGN (0x4)
                0x0000b000                __init_array_start = .
 *(SORT(.init_array.*))
 *(.init_array)
 .init_array    0x0000b000        0x4 /home/elijah/CodeSourcery/Sourcery_G++_Lite/bin/../lib/gcc/arm-none-eabi/4.5.2/crtbegin.o
 .init_array    0x0000b004        0x4 AFSK.o
 .init_array    0x0000b008        0x4 Engineering.o
 .init_array    0x0000b00c        0x4 APRSBeacon.o
 .init_array    0x0000b010        0x4 Log.o
 .init_array    0x0000b014        0x4 ../arm/arm7lib/libarm7lib.a(DAC.o)
 .init_array    0x0000b018        0x4 ../arm/arm7lib/libarm7lib.a(SystemControl.o)
 .init_array    0x0000b01c        0x4 ../arm/arm7lib/libarm7lib.a(Timer0.o)
 .init_array    0x0000b020        0x4 ../arm/arm7lib/libarm7lib.a(Timer1.o)
 .init_array    0x0000b024        0x4 ../arm/arm7lib/libarm7lib.a(UART0.o)
 .init_array    0x0000b028        0x4 ../arm/arm7lib/libarm7lib.a(UART1.o)
 .init_array    0x0000b02c        0x4 ../arm/arm7lib/libarm7lib.a(CMX867A.o)
 .init_array    0x0000b030        0x4 ../arm/arm7lib/libarm7lib.a(GPSLassen.o)
 .init_array    0x0000b034        0x4 ../arm/arm7lib/libarm7lib.a(M25P80.o)
 .init_array    0x0000b038        0x4 ../arm/arm7lib/libarm7lib.a(RTC.o)
                0x0000b03c                __init_array_end = .
                0x0000b03c                . = ALIGN (0x4)
 *crtbegin.o(.ctors)
 *(EXCLUDE_FILE(*crtend.o) .ctors)
 *(SORT(.ctors.*))
 *crtend.o(.ctors)
                0x0000b03c                . = ALIGN (0x4)
 *(.fini)
 .fini          0x0000b03c        0xc /home/elijah/CodeSourcery/Sourcery_G++_Lite/bin/../lib/gcc/arm-none-eabi/4.5.2/crti.o
                0x0000b03c                _fini
 .fini          0x0000b048        0xc /home/elijah/CodeSourcery/Sourcery_G++_Lite/bin/../lib/gcc/arm-none-eabi/4.5.2/crtn.o
                0x0000b054                . = ALIGN (0x4)
                0x0000b054                __fini_array_start = .
 *(.fini_array)
 .fini_array    0x0000b054        0x4 /home/elijah/CodeSourcery/Sourcery_G++_Lite/bin/../lib/gcc/arm-none-eabi/4.5.2/crtbegin.o
 *(SORT(.fini_array.*))
                0x0000b058                __fini_array_end = .
 *crtbegin.o(.dtors)
 *(EXCLUDE_FILE(*crtend.o) .dtors)
 *(SORT(.dtors.*))
 *crtend.o(.dtors)

.vfp11_veneer   0x0000b058        0x0
 .vfp11_veneer  0x00000000        0x0 linker stubs

.v4_bx          0x0000b058        0x0
 .v4_bx         0x00000000        0x0 linker stubs

.text._sbrk_r   0x0000b058       0x34
 .text._sbrk_r  0x0000b058       0x34 CRunTime.o
                0x0000b058                _sbrk_r

.text._ZN4AFSK11GetInstanceEv
                0x0000b08c        0xc
 .text._ZN4AFSK11GetInstanceEv
                0x0000b08c        0xc AFSK.o
                0x0000b08c                _ZN4AFSK11GetInstanceEv

.text._ZN4AFSKC2Ev
                0x0000b098       0x8c
 .text._ZN4AFSKC2Ev
                0x0000b098       0x8c AFSK.o
                0x0000b098                _ZN4AFSKC1Ev
                0x0000b098                _ZN4AFSKC2Ev

.text._ZN4AFSK8TransmitEPKcS1_
                0x0000b124       0x68
 .text._ZN4AFSK8TransmitEPKcS1_
                0x0000b124       0x68 AFSK.o
                0x0000b124                _ZN4AFSK8TransmitEPKcS1_

.text._ZN4AFSK6UpdateEv
                0x0000b18c       0x8c
 .text._ZN4AFSK6UpdateEv
                0x0000b18c       0x8c AFSK.o
                0x0000b18c                _ZN4AFSK6UpdateEv

.text._ZN4AFSK10IsTransmitEv
                0x0000b218        0x8
 .text._ZN4AFSK10IsTransmitEv
                0x0000b218        0x8 AFSK.o
                0x0000b218                _ZN4AFSK10IsTransmitEv

.text._GLOBAL__I__ZN4AFSK11GetInstanceEv
                0x0000b220        0xc
 .text._GLOBAL__I__ZN4AFSK11GetInstanceEv
                0x0000b220        0xc AFSK.o

.text.main      0x0000b22c       0x28
 .text.main     0x0000b22c       0x28 main.o
                0x0000b22c                main

.text._ZN11Engineering11GetInstanceEv
                0x0000b254        0xc
 .text._ZN11Engineering11GetInstanceEv
                0x0000b254        0xc Engineering.o
                0x0000b254                _ZN11Engineering11GetInstanceEv

.text._ZN11Engineering6EnableEv
                0x0000b260       0x20
 .text._ZN11Engineering6EnableEv
                0x0000b260       0x20 Engineering.o
                0x0000b260                _ZN11Engineering6EnableEv

.text._ZN11Engineering4MenuEv
                0x0000b280       0x90
 .text._ZN11Engineering4MenuEv
                0x0000b280       0x90 Engineering.o
                0x0000b280                _ZN11Engineering4MenuEv

.text._ZN11Engineering18MICEncoderTestCaseEP7GPSDatam
                0x0000b310      0x1dc
 .text._ZN11Engineering18MICEncoderTestCaseEP7GPSDatam
                0x0000b310      0x1dc Engineering.o
                0x0000b310                _ZN11Engineering18MICEncoderTestCaseEP7GPSDatam

.text._ZN11Engineering14ProcessCommandEv
                0x0000b4ec      0x3ac
 .text._ZN11Engineering14ProcessCommandEv
                0x0000b4ec      0x3ac Engineering.o
                0x0000b4ec                _ZN11Engineering14ProcessCommandEv

.text._GLOBAL__I__ZN11Engineering11GetInstanceEv
                0x0000b898       0x20
 .text._GLOBAL__I__ZN11Engineering11GetInstanceEv
                0x0000b898       0x20 Engineering.o

.text._ZN7CMX867A8SPIWriteEh
                0x0000b8b8       0x1c
 .text._ZN7CMX867A8SPIWriteEh
                0x0000b8b8       0x1c APRSBeacon.o
                0x0000b8b8                _ZN7CMX867A8SPIWriteEh

.text._ZN7CMX867A7SPIReadEv
                0x0000b8d4       0x14
 .text._ZN7CMX867A7SPIReadEv
                0x0000b8d4       0x14 APRSBeacon.o
                0x0000b8d4                _ZN7CMX867A7SPIReadEv

.text._ZN7CMX867A7IOSetCSEb
                0x0000b8e8       0x1c
 .text._ZN7CMX867A7IOSetCSEb
                0x0000b8e8       0x1c APRSBeacon.o
                0x0000b8e8                _ZN7CMX867A7IOSetCSEb

.text._ZN6M25P808SPIWriteEh
                0x0000b904       0x1c
 .text._ZN6M25P808SPIWriteEh
                0x0000b904       0x1c APRSBeacon.o
                0x0000b904                _ZN6M25P808SPIWriteEh

.text._ZN6M25P807SPIReadEv
                0x0000b920       0x18
 .text._ZN6M25P807SPIReadEv
                0x0000b920       0x18 APRSBeacon.o
                0x0000b920                _ZN6M25P807SPIReadEv

.text._ZN6M25P807IOSetCSEb
                0x0000b938       0x1c
 .text._ZN6M25P807IOSetCSEb
                0x0000b938       0x1c APRSBeacon.o
                0x0000b938                _ZN6M25P807IOSetCSEb

.text._ZN9GPSLassen9WriteDataEh
                0x0000b954       0x1c
 .text._ZN9GPSLassen9WriteDataEh
                0x0000b954       0x1c APRSBeacon.o
                0x0000b954                _ZN9GPSLassen9WriteDataEh

.text._ZN9GPSLassen8ReadDataEv
                0x0000b970       0x14
 .text._ZN9GPSLassen8ReadDataEv
                0x0000b970       0x14 APRSBeacon.o
                0x0000b970                _ZN9GPSLassen8ReadDataEv

.text._ZN9GPSLassen7HasDataEv
                0x0000b984       0x14
 .text._ZN9GPSLassen7HasDataEv
                0x0000b984       0x14 APRSBeacon.o
                0x0000b984                _ZN9GPSLassen7HasDataEv

.text._ZN10APRSBeaconC2Ev
                0x0000b998       0x14
 .text._ZN10APRSBeaconC2Ev
                0x0000b998       0x14 APRSBeacon.o
                0x0000b998                _ZN10APRSBeaconC1Ev
                0x0000b998                _ZN10APRSBeaconC2Ev

.text._ZN10APRSBeacon12StatusPacketEPK7GPSDataPc
                0x0000b9ac      0x188
 .text._ZN10APRSBeacon12StatusPacketEPK7GPSDataPc
                0x0000b9ac      0x188 APRSBeacon.o
                0x0000b9ac                _ZN10APRSBeacon12StatusPacketEPK7GPSDataPc

.text._ZN10APRSBeacon15ScheduleMessageEv
                0x0000bb34      0x37c
 .text._ZN10APRSBeacon15ScheduleMessageEv
                0x0000bb34      0x37c APRSBeacon.o
                0x0000bb34                _ZN10APRSBeacon15ScheduleMessageEv

.text._ZN10APRSBeacon3RunEv
                0x0000beb0       0xdc
 .text._ZN10APRSBeacon3RunEv
                0x0000beb0       0xdc APRSBeacon.o
                0x0000beb0                _ZN10APRSBeacon3RunEv

.text._GLOBAL__I__ZN9GPSLassen7HasDataEv
                0x0000bf8c       0x1c
 .text._GLOBAL__I__ZN9GPSLassen7HasDataEv
                0x0000bf8c       0x1c APRSBeacon.o

.text._ZN7IOPorts6EnableEv
                0x0000bfa8       0x54
 .text._ZN7IOPorts6EnableEv
                0x0000bfa8       0x54 IOPorts.o
                0x0000bfa8                _ZN7IOPorts6EnableEv

.text._ZN7IOPorts10RadioPowerEb
                0x0000bffc       0x1c
 .text._ZN7IOPorts10RadioPowerEb
                0x0000bffc       0x1c IOPorts.o
                0x0000bffc                _ZN7IOPorts10RadioPowerEb

.text._ZN7IOPorts8RadioPTTEb
                0x0000c018       0x1c
 .text._ZN7IOPorts8RadioPTTEb
                0x0000c018       0x1c IOPorts.o
                0x0000c018                _ZN7IOPorts8RadioPTTEb

.text._ZN7IOPorts9RadioFreqEb
                0x0000c034       0x1c
 .text._ZN7IOPorts9RadioFreqEb
                0x0000c034       0x1c IOPorts.o
                0x0000c034                _ZN7IOPorts9RadioFreqEb

.text._ZN7IOPorts9StatusLEDENS_10STATUS_LEDEb
                0x0000c050       0x8c
 .text._ZN7IOPorts9StatusLEDENS_10STATUS_LEDEb
                0x0000c050       0x8c IOPorts.o
                0x0000c050                _ZN7IOPorts9StatusLEDENS_10STATUS_LEDEb

.text._ZN3Log11GetInstanceEv
                0x0000c0dc        0xc
 .text._ZN3Log11GetInstanceEv
                0x0000c0dc        0xc Log.o
                0x0000c0dc                _ZN3Log11GetInstanceEv

.text._ZN3Log4DumpEv
                0x0000c0e8      0x15c
 .text._ZN3Log4DumpEv
                0x0000c0e8      0x15c Log.o
                0x0000c0e8                _ZN3Log4DumpEv

.text._ZN3Log5FlushEv
                0x0000c244       0x3c
 .text._ZN3Log5FlushEv
                0x0000c244       0x3c Log.o
                0x0000c244                _ZN3Log5FlushEv

.text._ZN3Log4TypeENS_15LOG_RECORD_TYPEE
                0x0000c280       0x30
 .text._ZN3Log4TypeENS_15LOG_RECORD_TYPEE
                0x0000c280       0x30 Log.o
                0x0000c280                _ZN3Log4TypeENS_15LOG_RECORD_TYPEE

.text._ZN3Log9TimeStampEPK7GPSData
                0x0000c2b0       0xa0
 .text._ZN3Log9TimeStampEPK7GPSData
                0x0000c2b0       0xa0 Log.o
                0x0000c2b0                _ZN3Log9TimeStampEPK7GPSData

.text._ZN3Log6GPSFixEPK7GPSData
                0x0000c350      0x210
 .text._ZN3Log6GPSFixEPK7GPSData
                0x0000c350      0x210 Log.o
                0x0000c350                _ZN3Log6GPSFixEPK7GPSData

.text._ZN3Log5EraseEv
                0x0000c560       0x20
 .text._ZN3Log5EraseEv
                0x0000c560       0x20 Log.o
                0x0000c560                _ZN3Log5EraseEv

.text._GLOBAL__I__ZN3Log11GetInstanceEv
                0x0000c580       0x24
 .text._GLOBAL__I__ZN3Log11GetInstanceEv
                0x0000c580       0x24 Log.o

.text._ZN3DAC11GetInstanceEv
                0x0000c5a4        0xc
 .text._ZN3DAC11GetInstanceEv
                0x0000c5a4        0xc ../arm/arm7lib/libarm7lib.a(DAC.o)
                0x0000c5a4                _ZN3DAC11GetInstanceEv

.text._ZN3DAC3SetEm
                0x0000c5b0       0x1c
 .text._ZN3DAC3SetEm
                0x0000c5b0       0x1c ../arm/arm7lib/libarm7lib.a(DAC.o)
                0x0000c5b0                _ZN3DAC3SetEm

.text._ZN3DAC6EnableEv
                0x0000c5cc       0x18
 .text._ZN3DAC6EnableEv
                0x0000c5cc       0x18 ../arm/arm7lib/libarm7lib.a(DAC.o)
                0x0000c5cc                _ZN3DAC6EnableEv

.text._GLOBAL__I__ZN3DAC11GetInstanceEv
                0x0000c5e4       0x14
 .text._GLOBAL__I__ZN3DAC11GetInstanceEv
                0x0000c5e4       0x14 ../arm/arm7lib/libarm7lib.a(DAC.o)

.text._ZN4SPI011GetInstanceEv
                0x0000c5f8        0xc
 .text._ZN4SPI011GetInstanceEv
                0x0000c5f8        0xc ../arm/arm7lib/libarm7lib.a(SPI0.o)
                0x0000c5f8                _ZN4SPI011GetInstanceEv

.text._ZN4SPI06EnableEb
                0x0000c604       0x54
 .text._ZN4SPI06EnableEb
                0x0000c604       0x54 ../arm/arm7lib/libarm7lib.a(SPI0.o)
                0x0000c604                _ZN4SPI06EnableEb

.text._ZN4SPI05SetCSEb
                0x0000c658       0x1c
 .text._ZN4SPI05SetCSEb
                0x0000c658       0x1c ../arm/arm7lib/libarm7lib.a(SPI0.o)
                0x0000c658                _ZN4SPI05SetCSEb

.text._ZN4SPI05WriteEh
                0x0000c674       0x1c
 .text._ZN4SPI05WriteEh
                0x0000c674       0x1c ../arm/arm7lib/libarm7lib.a(SPI0.o)
                0x0000c674                _ZN4SPI05WriteEh

.text._ZN4SPI04ReadEv
                0x0000c690       0x2c
 .text._ZN4SPI04ReadEv
                0x0000c690       0x2c ../arm/arm7lib/libarm7lib.a(SPI0.o)
                0x0000c690                _ZN4SPI04ReadEv

.text._ZN4SPI111GetInstanceEv
                0x0000c6bc        0xc
 .text._ZN4SPI111GetInstanceEv
                0x0000c6bc        0xc ../arm/arm7lib/libarm7lib.a(SPI1.o)
                0x0000c6bc                _ZN4SPI111GetInstanceEv

.text._ZN4SPI15SetCSEb
                0x0000c6c8       0x1c
 .text._ZN4SPI15SetCSEb
                0x0000c6c8       0x1c ../arm/arm7lib/libarm7lib.a(SPI1.o)
                0x0000c6c8                _ZN4SPI15SetCSEb

.text._ZN4SPI15WriteEm
                0x0000c6e4       0x3c
 .text._ZN4SPI15WriteEm
                0x0000c6e4       0x3c ../arm/arm7lib/libarm7lib.a(SPI1.o)
                0x0000c6e4                _ZN4SPI15WriteEm

.text._ZN4SPI14ReadEv
                0x0000c720       0x28
 .text._ZN4SPI14ReadEv
                0x0000c720       0x28 ../arm/arm7lib/libarm7lib.a(SPI1.o)
                0x0000c720                _ZN4SPI14ReadEv

.text._ZN13SystemControl11GetInstanceEv
                0x0000c748        0xc
 .text._ZN13SystemControl11GetInstanceEv
                0x0000c748        0xc ../arm/arm7lib/libarm7lib.a(SystemControl.o)
                0x0000c748                _ZN13SystemControl11GetInstanceEv

.text._ZN13SystemControl9GetPClockEv
                0x0000c754        0x8
 .text._ZN13SystemControl9GetPClockEv
                0x0000c754        0x8 ../arm/arm7lib/libarm7lib.a(SystemControl.o)
                0x0000c754                _ZN13SystemControl9GetPClockEv

.text._ZN13SystemControl6EnableENS_14ClockFrequencyENS_18SystemTickTimeBaseE
                0x0000c75c      0x19c
 .text._ZN13SystemControl6EnableENS_14ClockFrequencyENS_18SystemTickTimeBaseE
                0x0000c75c      0x19c ../arm/arm7lib/libarm7lib.a(SystemControl.o)
                0x0000c75c                _ZN13SystemControl6EnableENS_14ClockFrequencyENS_18SystemTickTimeBaseE

.text._ZN13SystemControl5SleepEm
                0x0000c8f8       0x38
 .text._ZN13SystemControl5SleepEm
                0x0000c8f8       0x38 ../arm/arm7lib/libarm7lib.a(SystemControl.o)
                0x0000c8f8                _ZN13SystemControl5SleepEm

.text._ZN13SystemControl7GetTickEv
                0x0000c930       0x1c
 .text._ZN13SystemControl7GetTickEv
                0x0000c930       0x1c ../arm/arm7lib/libarm7lib.a(SystemControl.o)
                0x0000c930                _ZN13SystemControl7GetTickEv

.text._GLOBAL__I__ZN13SystemControl11GetInstanceEv
                0x0000c94c       0x20
 .text._GLOBAL__I__ZN13SystemControl11GetInstanceEv
                0x0000c94c       0x20 ../arm/arm7lib/libarm7lib.a(SystemControl.o)

.text._ZN9TimerBaseC2Ev
                0x0000c96c       0x14
 .text._ZN9TimerBaseC2Ev
                0x0000c96c       0x14 ../arm/arm7lib/libarm7lib.a(TimerBase.o)
                0x0000c96c                _ZN9TimerBaseC1Ev
                0x0000c96c                _ZN9TimerBaseC2Ev

.text._ZN9TimerBase9TimerTickEv
                0x0000c980       0x50
 .text._ZN9TimerBase9TimerTickEv
                0x0000c980       0x50 ../arm/arm7lib/libarm7lib.a(TimerBase.o)
                0x0000c980                _ZN9TimerBase9TimerTickEv

.text._ZN9TimerBase9SetPeriodEm
                0x0000c9d0        0x8
 .text._ZN9TimerBase9SetPeriodEm
                0x0000c9d0        0x8 ../arm/arm7lib/libarm7lib.a(TimerBase.o)
                0x0000c9d0                _ZN9TimerBase9SetPeriodEm

.text._ZN9TimerBase7GetTickEv
                0x0000c9d8        0x8
 .text._ZN9TimerBase7GetTickEv
                0x0000c9d8        0x8 ../arm/arm7lib/libarm7lib.a(TimerBase.o)
                0x0000c9d8                _ZN9TimerBase7GetTickEv

.text._ZN6Timer011GetInstanceEv
                0x0000c9e0        0xc
 .text._ZN6Timer011GetInstanceEv
                0x0000c9e0        0xc ../arm/arm7lib/libarm7lib.a(Timer0.o)
                0x0000c9e0                _ZN6Timer011GetInstanceEv

.text._ZN6Timer09SetPeriodEm
                0x0000c9ec       0x50
 .text._ZN6Timer09SetPeriodEm
                0x0000c9ec       0x50 ../arm/arm7lib/libarm7lib.a(Timer0.o)
                0x0000c9ec                _ZN6Timer09SetPeriodEm

.text._ZN6Timer06EnableEv
                0x0000ca3c       0x4c
 .text._ZN6Timer06EnableEv
                0x0000ca3c       0x4c ../arm/arm7lib/libarm7lib.a(Timer0.o)
                0x0000ca3c                _ZN6Timer06EnableEv

.text._ZN6Timer09TimerTickEv
                0x0000ca88       0x20
 .text._ZN6Timer09TimerTickEv
                0x0000ca88       0x20 ../arm/arm7lib/libarm7lib.a(Timer0.o)
                0x0000ca88                _ZN6Timer09TimerTickEv

.text._Z9Timer0ISRv
                0x0000caa8        0xc
 .text._Z9Timer0ISRv
                0x0000caa8        0xc ../arm/arm7lib/libarm7lib.a(Timer0.o)
                0x0000caa8                _Z9Timer0ISRv

.text._GLOBAL__I__ZN6Timer011GetInstanceEv
                0x0000cab4       0x18
 .text._GLOBAL__I__ZN6Timer011GetInstanceEv
                0x0000cab4       0x18 ../arm/arm7lib/libarm7lib.a(Timer0.o)

.text._ZN6Timer111GetInstanceEv
                0x0000cacc        0xc
 .text._ZN6Timer111GetInstanceEv
                0x0000cacc        0xc ../arm/arm7lib/libarm7lib.a(Timer1.o)
                0x0000cacc                _ZN6Timer111GetInstanceEv

.text._ZN6Timer19SetPeriodEm
                0x0000cad8       0x50
 .text._ZN6Timer19SetPeriodEm
                0x0000cad8       0x50 ../arm/arm7lib/libarm7lib.a(Timer1.o)
                0x0000cad8                _ZN6Timer19SetPeriodEm

.text._ZN6Timer16EnableEv
                0x0000cb28       0x4c
 .text._ZN6Timer16EnableEv
                0x0000cb28       0x4c ../arm/arm7lib/libarm7lib.a(Timer1.o)
                0x0000cb28                _ZN6Timer16EnableEv

.text._ZN6Timer19TimerTickEv
                0x0000cb74       0x20
 .text._ZN6Timer19TimerTickEv
                0x0000cb74       0x20 ../arm/arm7lib/libarm7lib.a(Timer1.o)
                0x0000cb74                _ZN6Timer19TimerTickEv

.text._Z9Timer1ISRv
                0x0000cb94        0xc
 .text._Z9Timer1ISRv
                0x0000cb94        0xc ../arm/arm7lib/libarm7lib.a(Timer1.o)
                0x0000cb94                _Z9Timer1ISRv

.text._GLOBAL__I__ZN6Timer111GetInstanceEv
                0x0000cba0       0x18
 .text._GLOBAL__I__ZN6Timer111GetInstanceEv
                0x0000cba0       0x18 ../arm/arm7lib/libarm7lib.a(Timer1.o)

.text._ZN5UART011GetInstanceEv
                0x0000cbb8        0xc
 .text._ZN5UART011GetInstanceEv
                0x0000cbb8        0xc ../arm/arm7lib/libarm7lib.a(UART0.o)
                0x0000cbb8                _ZN5UART011GetInstanceEv

.text._ZN5UART06EnableEN8UARTBase8BaudRateE
                0x0000cbc4       0x94
 .text._ZN5UART06EnableEN8UARTBase8BaudRateE
                0x0000cbc4       0x94 ../arm/arm7lib/libarm7lib.a(UART0.o)
                0x0000cbc4                _ZN5UART06EnableEN8UARTBase8BaudRateE

.text._ZN5UART05WriteEPKc
                0x0000cc58       0x34
 .text._ZN5UART05WriteEPKc
                0x0000cc58       0x34 ../arm/arm7lib/libarm7lib.a(UART0.o)
                0x0000cc58                _ZN5UART05WriteEPKc

.text._ZN5UART09WriteLineEPKcz
                0x0000cc8c       0x98
 .text._ZN5UART09WriteLineEPKcz
                0x0000cc8c       0x98 ../arm/arm7lib/libarm7lib.a(UART0.o)
                0x0000cc8c                _ZN5UART09WriteLineEPKcz

.text._ZN5UART08ReadCharEv
                0x0000cd24       0x10
 .text._ZN5UART08ReadCharEv
                0x0000cd24       0x10 ../arm/arm7lib/libarm7lib.a(UART0.o)
                0x0000cd24                _ZN5UART08ReadCharEv

.text._ZN5UART011IsCharReadyEv
                0x0000cd34       0x10
 .text._ZN5UART011IsCharReadyEv
                0x0000cd34       0x10 ../arm/arm7lib/libarm7lib.a(UART0.o)
                0x0000cd34                _ZN5UART011IsCharReadyEv

.text._ZN5UART03ISREv
                0x0000cd44       0x5c
 .text._ZN5UART03ISREv
                0x0000cd44       0x5c ../arm/arm7lib/libarm7lib.a(UART0.o)
                0x0000cd44                _ZN5UART03ISREv

.text._Z8UART0ISRv
                0x0000cda0        0xc
 .text._Z8UART0ISRv
                0x0000cda0        0xc ../arm/arm7lib/libarm7lib.a(UART0.o)
                0x0000cda0                _Z8UART0ISRv

.text._GLOBAL__I__Z8UART0ISRv
                0x0000cdac       0x18
 .text._GLOBAL__I__Z8UART0ISRv
                0x0000cdac       0x18 ../arm/arm7lib/libarm7lib.a(UART0.o)

.text._ZN5UART111GetInstanceEv
                0x0000cdc4        0xc
 .text._ZN5UART111GetInstanceEv
                0x0000cdc4        0xc ../arm/arm7lib/libarm7lib.a(UART1.o)
                0x0000cdc4                _ZN5UART111GetInstanceEv

.text._ZN5UART19WriteCharEh
                0x0000cdd0       0x20
 .text._ZN5UART19WriteCharEh
                0x0000cdd0       0x20 ../arm/arm7lib/libarm7lib.a(UART1.o)
                0x0000cdd0                _ZN5UART19WriteCharEh

.text._ZN5UART18ReadCharEv
                0x0000cdf0       0x10
 .text._ZN5UART18ReadCharEv
                0x0000cdf0       0x10 ../arm/arm7lib/libarm7lib.a(UART1.o)
                0x0000cdf0                _ZN5UART18ReadCharEv

.text._ZN5UART111IsCharReadyEv
                0x0000ce00       0x10
 .text._ZN5UART111IsCharReadyEv
                0x0000ce00       0x10 ../arm/arm7lib/libarm7lib.a(UART1.o)
                0x0000ce00                _ZN5UART111IsCharReadyEv

.text._GLOBAL__I__Z8UART1ISRv
                0x0000ce10       0x18
 .text._GLOBAL__I__Z8UART1ISRv
                0x0000ce10       0x18 ../arm/arm7lib/libarm7lib.a(UART1.o)

.text._Z10disableIRQv
                0x0000ce28       0x10
 .text._Z10disableIRQv
                0x0000ce28       0x10 ../arm/arm7lib/libarm7lib.a(VIC.o)
                0x0000ce28                _Z10disableIRQv

.text._Z9enableIRQv
                0x0000ce38       0x10
 .text._Z9enableIRQv
                0x0000ce38       0x10 ../arm/arm7lib/libarm7lib.a(VIC.o)
                0x0000ce38                _Z9enableIRQv

.text._ZN13WatchDogTimer5ResetEv
                0x0000ce48       0x30
 .text._ZN13WatchDogTimer5ResetEv
                0x0000ce48       0x30 ../arm/arm7lib/libarm7lib.a(WatchDogTimer.o)
                0x0000ce48                _ZN13WatchDogTimer5ResetEv

.text._ZN7CMX867A11GetInstanceEv
                0x0000ce78        0xc
 .text._ZN7CMX867A11GetInstanceEv
                0x0000ce78        0xc ../arm/arm7lib/libarm7lib.a(CMX867A.o)
                0x0000ce78                _ZN7CMX867A11GetInstanceEv

.text._ZN7CMX867A8SendByteEh
                0x0000ce84       0x70
 .text._ZN7CMX867A8SendByteEh
                0x0000ce84       0x70 ../arm/arm7lib/libarm7lib.a(CMX867A.o)
                0x0000ce84                _ZN7CMX867A8SendByteEh

.text._ZN7CMX867A6EnableEv
                0x0000cef4      0x104
 .text._ZN7CMX867A6EnableEv
                0x0000cef4      0x104 ../arm/arm7lib/libarm7lib.a(CMX867A.o)
                0x0000cef4                _ZN7CMX867A6EnableEv

.text._ZN7CMX867A6StatusEv
                0x0000cff8       0x88
 .text._ZN7CMX867A6StatusEv
                0x0000cff8       0x88 ../arm/arm7lib/libarm7lib.a(CMX867A.o)
                0x0000cff8                _ZN7CMX867A6StatusEv

.text._ZN7CMX867A13IsTxDataReadyEv
                0x0000d080       0x1c
 .text._ZN7CMX867A13IsTxDataReadyEv
                0x0000d080       0x1c ../arm/arm7lib/libarm7lib.a(CMX867A.o)
                0x0000d080                _ZN7CMX867A13IsTxDataReadyEv

.text._GLOBAL__I__ZN7CMX867A11GetInstanceEv
                0x0000d09c       0x18
 .text._GLOBAL__I__ZN7CMX867A11GetInstanceEv
                0x0000d09c       0x18 ../arm/arm7lib/libarm7lib.a(CMX867A.o)

.text._ZN9GPSLassen11GetInstanceEv
                0x0000d0b4        0xc
 .text._ZN9GPSLassen11GetInstanceEv
                0x0000d0b4        0xc ../arm/arm7lib/libarm7lib.a(GPSLassen.o)
                0x0000d0b4                _ZN9GPSLassen11GetInstanceEv

.text._ZN9GPSLassen4DataEv
                0x0000d0c0        0x8
 .text._ZN9GPSLassen4DataEv
                0x0000d0c0        0x8 ../arm/arm7lib/libarm7lib.a(GPSLassen.o)
                0x0000d0c0                _ZN9GPSLassen4DataEv

.text._ZN9GPSLassen11IsDataReadyEv
                0x0000d0c8       0x1c
 .text._ZN9GPSLassen11IsDataReadyEv
                0x0000d0c8       0x1c ../arm/arm7lib/libarm7lib.a(GPSLassen.o)
                0x0000d0c8                _ZN9GPSLassen11IsDataReadyEv

.text._ZN9GPSLassen20ProcessGPSTimePacketEPKNS_15GPS_TIME_PACKETE
                0x0000d0e4       0x70
 .text._ZN9GPSLassen20ProcessGPSTimePacketEPKNS_15GPS_TIME_PACKETE
                0x0000d0e4       0x70 ../arm/arm7lib/libarm7lib.a(GPSLassen.o)
                0x0000d0e4                _ZN9GPSLassen20ProcessGPSTimePacketEPKNS_15GPS_TIME_PACKETE

.text._ZN9GPSLassen22ProcessAllInViewPacketEPKNS_22GPS_ALL_IN_VIEW_PACKETE
                0x0000d154       0xac
 .text._ZN9GPSLassen22ProcessAllInViewPacketEPKNS_22GPS_ALL_IN_VIEW_PACKETE
                0x0000d154       0xac ../arm/arm7lib/libarm7lib.a(GPSLassen.o)
                0x0000d154                _ZN9GPSLassen22ProcessAllInViewPacketEPKNS_22GPS_ALL_IN_VIEW_PACKETE

.text._ZN9GPSLassen10TimeOfWeekEm
                0x0000d200       0x70
 .text._ZN9GPSLassen10TimeOfWeekEm
                0x0000d200       0x70 ../arm/arm7lib/libarm7lib.a(GPSLassen.o)
                0x0000d200                _ZN9GPSLassen10TimeOfWeekEm

.text._ZN9GPSLassen16ProcessLLAPacketEPKNS_14GPS_LLA_PACKETE
                0x0000d270      0x1c8
 .text._ZN9GPSLassen16ProcessLLAPacketEPKNS_14GPS_LLA_PACKETE
                0x0000d270      0x1c8 ../arm/arm7lib/libarm7lib.a(GPSLassen.o)
                0x0000d270                _ZN9GPSLassen16ProcessLLAPacketEPKNS_14GPS_LLA_PACKETE

.text._ZN9GPSLassen18ProcessVelocityFixEPKNS_23GPS_VELOCITY_FIX_PACKETE
                0x0000d438      0x158
 .text._ZN9GPSLassen18ProcessVelocityFixEPKNS_23GPS_VELOCITY_FIX_PACKETE
                0x0000d438      0x158 ../arm/arm7lib/libarm7lib.a(GPSLassen.o)
                0x0000d438                _ZN9GPSLassen18ProcessVelocityFixEPKNS_23GPS_VELOCITY_FIX_PACKETE

.text._ZN9GPSLassen22ProcessSoftwareVersionEPKNS_27GPS_SOFTWARE_VERSION_PACKETE
                0x0000d590       0x74
 .text._ZN9GPSLassen22ProcessSoftwareVersionEPKNS_27GPS_SOFTWARE_VERSION_PACKETE
                0x0000d590       0x74 ../arm/arm7lib/libarm7lib.a(GPSLassen.o)
                0x0000d590                _ZN9GPSLassen22ProcessSoftwareVersionEPKNS_27GPS_SOFTWARE_VERSION_PACKETE

.text._ZN9GPSLassen12ParseMessageEv
                0x0000d604      0x1ac
 .text._ZN9GPSLassen12ParseMessageEv
                0x0000d604      0x1ac ../arm/arm7lib/libarm7lib.a(GPSLassen.o)
                0x0000d604                _ZN9GPSLassen12ParseMessageEv

.text._ZN9GPSLassen6UpdateEv
                0x0000d7b0       0xf0
 .text._ZN9GPSLassen6UpdateEv
                0x0000d7b0       0xf0 ../arm/arm7lib/libarm7lib.a(GPSLassen.o)
                0x0000d7b0                _ZN9GPSLassen6UpdateEv

.text._ZN9GPSLassen7VersionEv
                0x0000d8a0        0x8
 .text._ZN9GPSLassen7VersionEv
                0x0000d8a0        0x8 ../arm/arm7lib/libarm7lib.a(GPSLassen.o)
                0x0000d8a0                _ZN9GPSLassen7VersionEv

.text._GLOBAL__I__ZN9GPSLassenC2Ev
                0x0000d8a8       0x44
 .text._GLOBAL__I__ZN9GPSLassenC2Ev
                0x0000d8a8       0x44 ../arm/arm7lib/libarm7lib.a(GPSLassen.o)

.text._ZN4LM9211GetInstanceEv
                0x0000d8ec        0xc
 .text._ZN4LM9211GetInstanceEv
                0x0000d8ec        0xc ../arm/arm7lib/libarm7lib.a(LM92.o)
                0x0000d8ec                _ZN4LM9211GetInstanceEv

.text._ZN4LM927ReadRawEv
                0x0000d8f8       0x54
 .text._ZN4LM927ReadRawEv
                0x0000d8f8       0x54 ../arm/arm7lib/libarm7lib.a(LM92.o)
                0x0000d8f8                _ZN4LM927ReadRawEv

.text._ZN4LM929ReadTempFEv
                0x0000d94c       0x38
 .text._ZN4LM929ReadTempFEv
                0x0000d94c       0x38 ../arm/arm7lib/libarm7lib.a(LM92.o)
                0x0000d94c                _ZN4LM929ReadTempFEv

.text._ZN6M25P8011GetInstanceEv
                0x0000d984        0xc
 .text._ZN6M25P8011GetInstanceEv
                0x0000d984        0xc ../arm/arm7lib/libarm7lib.a(M25P80.o)
                0x0000d984                _ZN6M25P8011GetInstanceEv

.text._ZN6M25P8017IsWriteInProgressEv
                0x0000d990       0x70
 .text._ZN6M25P8017IsWriteInProgressEv
                0x0000d990       0x70 ../arm/arm7lib/libarm7lib.a(M25P80.o)
                0x0000d990                _ZN6M25P8017IsWriteInProgressEv

.text._ZN6M25P809BulkEraseEv
                0x0000da00       0xac
 .text._ZN6M25P809BulkEraseEv
                0x0000da00       0xac ../arm/arm7lib/libarm7lib.a(M25P80.o)
                0x0000da00                _ZN6M25P809BulkEraseEv

.text._ZN6M25P8011SendAddressEm
                0x0000daac       0x60
 .text._ZN6M25P8011SendAddressEm
                0x0000daac       0x60 ../arm/arm7lib/libarm7lib.a(M25P80.o)
                0x0000daac                _ZN6M25P8011SendAddressEm

.text._ZN6M25P8010WriteBlockEmPKvm
                0x0000db0c      0x1b4
 .text._ZN6M25P8010WriteBlockEmPKvm
                0x0000db0c      0x1b4 ../arm/arm7lib/libarm7lib.a(M25P80.o)
                0x0000db0c                _ZN6M25P8010WriteBlockEmPKvm

.text._ZN6M25P809ReadBlockEmPvm
                0x0000dcc0      0x10c
 .text._ZN6M25P809ReadBlockEmPvm
                0x0000dcc0      0x10c ../arm/arm7lib/libarm7lib.a(M25P80.o)
                0x0000dcc0                _ZN6M25P809ReadBlockEmPvm

.text._GLOBAL__I__ZN6M25P8011GetInstanceEv
                0x0000ddcc       0x18
 .text._GLOBAL__I__ZN6M25P8011GetInstanceEv
                0x0000ddcc       0x18 ../arm/arm7lib/libarm7lib.a(M25P80.o)

.text._ZN7GPSDataC2Ev
                0x0000dde4       0x20
 .text._ZN7GPSDataC2Ev
                0x0000dde4       0x20 ../arm/arm7lib/libarm7lib.a(GPSData.o)
                0x0000dde4                _ZN7GPSDataC2Ev
                0x0000dde4                _ZN7GPSDataC1Ev

.text._ZNK7GPSData10SpeedKnotsEv
                0x0000de04       0x30
 .text._ZNK7GPSData10SpeedKnotsEv
                0x0000de04       0x30 ../arm/arm7lib/libarm7lib.a(GPSData.o)
                0x0000de04                _ZNK7GPSData10SpeedKnotsEv

.text._ZNK7GPSData12AltitudeFeetEv
                0x0000de34       0x28
 .text._ZNK7GPSData12AltitudeFeetEv
                0x0000de34       0x28 ../arm/arm7lib/libarm7lib.a(GPSData.o)
                0x0000de34                _ZNK7GPSData12AltitudeFeetEv

.text._ZNK7GPSData14TimeSinceEpochEv
                0x0000de5c       0x54
 .text._ZNK7GPSData14TimeSinceEpochEv
                0x0000de5c       0x54 ../arm/arm7lib/libarm7lib.a(GPSData.o)
                0x0000de5c                _ZNK7GPSData14TimeSinceEpochEv

.text._ZN10MICEncoder6EncodeEPK7GPSData
                0x0000deb0      0x3d0
 .text._ZN10MICEncoder6EncodeEPK7GPSData
                0x0000deb0      0x3d0 ../arm/arm7lib/libarm7lib.a(MIC-E.o)
                0x0000deb0                _ZN10MICEncoder6EncodeEPK7GPSData

.text._ZN10MICEncoder14GetDestAddressEv
                0x0000e280        0x4
 .text._ZN10MICEncoder14GetDestAddressEv
                0x0000e280        0x4 ../arm/arm7lib/libarm7lib.a(MIC-E.o)
                0x0000e280                _ZN10MICEncoder14GetDestAddressEv

.text._ZN10MICEncoder19GetInformationFieldEv
                0x0000e284        0x8
 .text._ZN10MICEncoder19GetInformationFieldEv
                0x0000e284        0x8 ../arm/arm7lib/libarm7lib.a(MIC-E.o)
                0x0000e284                _ZN10MICEncoder19GetInformationFieldEv

.text._ZN4NMEA4TimeEPK7GPSDataPc
                0x0000e28c       0x44
 .text._ZN4NMEA4TimeEPK7GPSDataPc
                0x0000e28c       0x44 ../arm/arm7lib/libarm7lib.a(NMEA.o)
                0x0000e28c                _ZN4NMEA4TimeEPK7GPSDataPc

.text._ZN4NMEA11CoordinatesEPK7GPSDataPc
                0x0000e2d0      0x288
 .text._ZN4NMEA11CoordinatesEPK7GPSDataPc
                0x0000e2d0      0x288 ../arm/arm7lib/libarm7lib.a(NMEA.o)
                0x0000e2d0                _ZN4NMEA11CoordinatesEPK7GPSDataPc

.text._ZN4NMEA14AppendChecksumEPc
                0x0000e558       0x68
 .text._ZN4NMEA14AppendChecksumEPc
                0x0000e558       0x68 ../arm/arm7lib/libarm7lib.a(NMEA.o)
                0x0000e558                _ZN4NMEA14AppendChecksumEPc

.text._ZN4NMEA5GPGGAEPK7GPSDataPc
                0x0000e5c0      0x12c
 .text._ZN4NMEA5GPGGAEPK7GPSDataPc
                0x0000e5c0      0x12c ../arm/arm7lib/libarm7lib.a(NMEA.o)
                0x0000e5c0                _ZN4NMEA5GPGGAEPK7GPSDataPc

.text._ZN7RTCTimeC2Ev
                0x0000e6ec       0x10
 .text._ZN7RTCTimeC2Ev
                0x0000e6ec       0x10 ../arm/arm7lib/libarm7lib.a(RTCTime.o)
                0x0000e6ec                _ZN7RTCTimeC1Ev
                0x0000e6ec                _ZN7RTCTimeC2Ev

.text._ZN7RTCTimeC2Emmm
                0x0000e6fc       0x90
 .text._ZN7RTCTimeC2Emmm
                0x0000e6fc       0x90 ../arm/arm7lib/libarm7lib.a(RTCTime.o)
                0x0000e6fc                _ZN7RTCTimeC2Emmm
                0x0000e6fc                _ZN7RTCTimeC1Emmm

.text._ZN4FIFOC2Ev
                0x0000e78c       0x10
 .text._ZN4FIFOC2Ev
                0x0000e78c       0x10 ../arm/arm7lib/libarm7lib.a(FIFO.o)
                0x0000e78c                _ZN4FIFOC1Ev
                0x0000e78c                _ZN4FIFOC2Ev

.text._ZN4FIFO7HasDataEv
                0x0000e79c       0x10
 .text._ZN4FIFO7HasDataEv
                0x0000e79c       0x10 ../arm/arm7lib/libarm7lib.a(FIFO.o)
                0x0000e79c                _ZN4FIFO7HasDataEv

.text._ZN4FIFO4ReadEv
                0x0000e7ac       0x28
 .text._ZN4FIFO4ReadEv
                0x0000e7ac       0x28 ../arm/arm7lib/libarm7lib.a(FIFO.o)
                0x0000e7ac                _ZN4FIFO4ReadEv

.text._ZN4FIFO5WriteEh
                0x0000e7d4       0x1c
 .text._ZN4FIFO5WriteEh
                0x0000e7d4       0x1c ../arm/arm7lib/libarm7lib.a(FIFO.o)
                0x0000e7d4                _ZN4FIFO5WriteEh

.text._ZN4AX25C2Ev
                0x0000e7f0       0x14
 .text._ZN4AX25C2Ev
                0x0000e7f0       0x14 ../arm/arm7lib/libarm7lib.a(AX25.o)
                0x0000e7f0                _ZN4AX25C1Ev
                0x0000e7f0                _ZN4AX25C2Ev

.text._ZN4AX256StreamEv
                0x0000e804        0x8
 .text._ZN4AX256StreamEv
                0x0000e804        0x8 ../arm/arm7lib/libarm7lib.a(AX25.o)
                0x0000e804                _ZN4AX256StreamEv

.text._ZN4AX256LengthEv
                0x0000e80c        0x8
 .text._ZN4AX256LengthEv
                0x0000e80c        0x8 ../arm/arm7lib/libarm7lib.a(AX25.o)
                0x0000e80c                _ZN4AX256LengthEv

.text._ZN4AX2516SetPreambleCountEm
                0x0000e814        0x8
 .text._ZN4AX2516SetPreambleCountEm
                0x0000e814        0x8 ../arm/arm7lib/libarm7lib.a(AX25.o)
                0x0000e814                _ZN4AX2516SetPreambleCountEm

.text._ZN4AX2510SetAddressEmPKc
                0x0000e81c       0xfc
 .text._ZN4AX2510SetAddressEmPKc
                0x0000e81c       0xfc ../arm/arm7lib/libarm7lib.a(AX25.o)
                0x0000e81c                _ZN4AX2510SetAddressEmPKc

.text._ZN4AX2511SetDigiPathEPKcmS1_m
                0x0000e918       0x6c
 .text._ZN4AX2511SetDigiPathEPKcmS1_m
                0x0000e918       0x6c ../arm/arm7lib/libarm7lib.a(AX25.o)
                0x0000e918                _ZN4AX2511SetDigiPathEPKcmS1_m

.text._ZN4AX2516SetSourceAddressEPKcm
                0x0000e984       0x30
 .text._ZN4AX2516SetSourceAddressEPKcm
                0x0000e984       0x30 ../arm/arm7lib/libarm7lib.a(AX25.o)
                0x0000e984                _ZN4AX2516SetSourceAddressEPKcm

.text._ZN4AX2514SetDestAddressEPKcm
                0x0000e9b4       0x30
 .text._ZN4AX2514SetDestAddressEPKcm
                0x0000e9b4       0x30 ../arm/arm7lib/libarm7lib.a(AX25.o)
                0x0000e9b4                _ZN4AX2514SetDestAddressEPKcm

.text._ZN4AX259AddStreamEmb
                0x0000e9e4      0x8b8
 .text._ZN4AX259AddStreamEmb
                0x0000e9e4      0x8b8 ../arm/arm7lib/libarm7lib.a(AX25.o)
                0x0000e9e4                _ZN4AX259AddStreamEmb

.text._ZN4AX2515GenerateMessageEPKc
                0x0000f29c      0x180
 .text._ZN4AX2515GenerateMessageEPKc
                0x0000f29c      0x180 ../arm/arm7lib/libarm7lib.a(AX25.o)
                0x0000f29c                _ZN4AX2515GenerateMessageEPKc

.text._ZN4I2C011GetInstanceEv
                0x0000f41c        0xc
 .text._ZN4I2C011GetInstanceEv
                0x0000f41c        0xc ../arm/arm7lib/libarm7lib.a(I2C0.o)
                0x0000f41c                _ZN4I2C011GetInstanceEv

.text._ZN4I2C04StopEv
                0x0000f428       0x1c
 .text._ZN4I2C04StopEv
                0x0000f428       0x1c ../arm/arm7lib/libarm7lib.a(I2C0.o)
                0x0000f428                _ZN4I2C04StopEv

.text._ZN4I2C013WaitInterruptEv
                0x0000f444       0x58
 .text._ZN4I2C013WaitInterruptEv
                0x0000f444       0x58 ../arm/arm7lib/libarm7lib.a(I2C0.o)
                0x0000f444                _ZN4I2C013WaitInterruptEv

.text._ZN4I2C04ReadEPhm
                0x0000f49c      0x104
 .text._ZN4I2C04ReadEPhm
                0x0000f49c      0x104 ../arm/arm7lib/libarm7lib.a(I2C0.o)
                0x0000f49c                _ZN4I2C04ReadEPhm

.text._ZN4I2C05StartEm
                0x0000f5a0      0x20c
 .text._ZN4I2C05StartEm
                0x0000f5a0      0x20c ../arm/arm7lib/libarm7lib.a(I2C0.o)
                0x0000f5a0                _ZN4I2C05StartEm

.text._ZN3RTC11GetInstanceEv
                0x0000f7ac        0xc
 .text._ZN3RTC11GetInstanceEv
                0x0000f7ac        0xc ../arm/arm7lib/libarm7lib.a(RTC.o)
                0x0000f7ac                _ZN3RTC11GetInstanceEv

.text._ZN3RTC6EnableEv
                0x0000f7b8       0x14
 .text._ZN3RTC6EnableEv
                0x0000f7b8       0x14 ../arm/arm7lib/libarm7lib.a(RTC.o)
                0x0000f7b8                _ZN3RTC6EnableEv

.text._GLOBAL__I__ZN3RTC11GetInstanceEv
                0x0000f7cc       0x18
 .text._GLOBAL__I__ZN3RTC11GetInstanceEv
                0x0000f7cc       0x18 ../arm/arm7lib/libarm7lib.a(RTC.o)

.text._ZN5CRC169CalculateEPKvmm
                0x0000f7e4       0xcc
 .text._ZN5CRC169CalculateEPKvmm
                0x0000f7e4       0xcc ../arm/arm7lib/libarm7lib.a(CRC16.o)
                0x0000f7e4                _ZN5CRC169CalculateEPKvmm

.ARM.exidx      0x0000f8b0        0x8
 .ARM.exidx     0x0000f8b0        0x8 /home/elijah/CodeSourcery/Sourcery_G++_Lite/bin/../lib/gcc/arm-none-eabi/4.5.2/libgcc.a(_divdi3.o)
 .ARM.exidx     0x0000f8b8        0x0 /home/elijah/CodeSourcery/Sourcery_G++_Lite/bin/../lib/gcc/arm-none-eabi/4.5.2/libgcc.a(_udivdi3.o)
                                  0x8 (size before relaxing)
                0x0000f8b8                . = ALIGN (0x4)

.etext          0x0000f8b8        0x0
                0x0000f8b8                . = ALIGN (0x4)
                0x0000f8b8                _etext = .

.data           0x40000000      0x904 load address 0x0000f8b8
                0x40000000                . = ALIGN (0x4)
                0x40000000                _data = .
 *(.data)
 .data          0x40000000        0x1 /home/elijah/CodeSourcery/Sourcery_G++_Lite/bin/../lib/gcc/arm-none-eabi/4.5.2/../../../../arm-none-eabi/lib/libm.a(lib_a-s_lib_ver.o)
                0x40000000                __fdlib_version
 *fill*         0x40000001        0x7 00
 .data          0x40000008      0x430 /home/elijah/CodeSourcery/Sourcery_G++_Lite/bin/../lib/gcc/arm-none-eabi/4.5.2/../../../../arm-none-eabi/lib/libc.a(lib_a-impure.o)
                0x40000008                _impure_ptr
 .data          0x40000438       0x40 /home/elijah/CodeSourcery/Sourcery_G++_Lite/bin/../lib/gcc/arm-none-eabi/4.5.2/../../../../arm-none-eabi/lib/libc.a(lib_a-gettzinfo.o)
 .data          0x40000478       0x7c /home/elijah/CodeSourcery/Sourcery_G++_Lite/bin/../lib/gcc/arm-none-eabi/4.5.2/../../../../arm-none-eabi/lib/libc.a(lib_a-locale.o)
                0x40000498                __mb_cur_max
 .data          0x400004f4      0x410 /home/elijah/CodeSourcery/Sourcery_G++_Lite/bin/../lib/gcc/arm-none-eabi/4.5.2/../../../../arm-none-eabi/lib/libc.a(lib_a-mallocr.o)
                0x400004f4                __malloc_av_
                0x400008fc                __malloc_sbrk_base
                0x40000900                __malloc_trim_threshold
                0x40000904                _edata = .

.jcr            0x40000904        0x0 load address 0x000101bc
 .jcr           0x40000904        0x0 /home/elijah/CodeSourcery/Sourcery_G++_Lite/bin/../lib/gcc/arm-none-eabi/4.5.2/crtbegin.o

.bss            0x40000904      0x534 load address 0x000101bc
                0x40000904                __bss_start = .
 *(.bss)
 .bss           0x40000904        0x1 /home/elijah/CodeSourcery/Sourcery_G++_Lite/bin/../lib/gcc/arm-none-eabi/4.5.2/crtbegin.o
 *fill*         0x40000905        0x3 00
 .bss           0x40000908        0x4 CRunTime.o
 .bss           0x4000090c      0x110 AFSK.o
 .bss           0x40000a1c        0xc Engineering.o
 .bss           0x40000a28       0x18 APRSBeacon.o
 .bss           0x40000a40       0x34 Log.o
 .bss           0x40000a74        0x4 ../arm/arm7lib/libarm7lib.a(DAC.o)
 .bss           0x40000a78        0x4 ../arm/arm7lib/libarm7lib.a(SPI0.o)
 .bss           0x40000a7c        0x4 ../arm/arm7lib/libarm7lib.a(SPI1.o)
 .bss           0x40000a80        0xc ../arm/arm7lib/libarm7lib.a(SystemControl.o)
 .bss           0x40000a8c       0x10 ../arm/arm7lib/libarm7lib.a(Timer0.o)
 .bss           0x40000a9c       0x10 ../arm/arm7lib/libarm7lib.a(Timer1.o)
 .bss           0x40000aac      0x108 ../arm/arm7lib/libarm7lib.a(UART0.o)
 .bss           0x40000bb4      0x108 ../arm/arm7lib/libarm7lib.a(UART1.o)
 .bss           0x40000cbc        0x4 ../arm/arm7lib/libarm7lib.a(CMX867A.o)
 .bss           0x40000cc0      0x124 ../arm/arm7lib/libarm7lib.a(GPSLassen.o)
 .bss           0x40000de4        0x4 ../arm/arm7lib/libarm7lib.a(LM92.o)
 .bss           0x40000de8        0x4 ../arm/arm7lib/libarm7lib.a(M25P80.o)
 .bss           0x40000dec        0x4 ../arm/arm7lib/libarm7lib.a(I2C0.o)
 .bss           0x40000df0        0xc ../arm/arm7lib/libarm7lib.a(RTC.o)
 .bss           0x40000dfc        0x8 /home/elijah/CodeSourcery/Sourcery_G++_Lite/bin/../lib/gcc/arm-none-eabi/4.5.2/../../../../arm-none-eabi/lib/libc.a(lib_a-tzvars.o)
                0x40000dfc                _daylight
                0x40000e00                _timezone
 .bss           0x40000e04       0x34 /home/elijah/CodeSourcery/Sourcery_G++_Lite/bin/../lib/gcc/arm-none-eabi/4.5.2/../../../../arm-none-eabi/lib/libc.a(lib_a-mallocr.o)
                0x40000e04                __malloc_top_pad
                0x40000e08                __malloc_current_mallinfo
                0x40000e30                __malloc_max_sbrked_mem
                0x40000e34                __malloc_max_total_mem
                0x40000e38                . = ALIGN (0x4)
                0x40000e38                __bss_end = .

.stack          0x40000e38     0x18c8 load address 0x000106f0
                0x40000f00                . = ALIGN (0x100)
 *fill*         0x40000e38       0xc8 00
                0x40000f00                __stack_start = .
                0x40001300                . = (. + IRQ_STACK_SIZE)
 *fill*         0x40000f00      0x400 00
                0x40001300                . = ALIGN (0x4)
                0x40001300                __irq_stack_top__ = .
                0x40001400                . = (. + FIQ_STACK_SIZE)
 *fill*         0x40001300      0x100 00
                0x40001400                . = ALIGN (0x4)
                0x40001400                __fiq_stack_top__ = .
                0x40001500                . = (. + SVC_STACK_SIZE)
 *fill*         0x40001400      0x100 00
                0x40001500                . = ALIGN (0x4)
                0x40001500                __svc_stack_top__ = .
                0x40001600                . = (. + ABT_STACK_SIZE)
 *fill*         0x40001500      0x100 00
                0x40001600                . = ALIGN (0x4)
                0x40001600                __abt_stack_top__ = .
                0x40001700                . = (. + UND_STACK_SIZE)
 *fill*         0x40001600      0x100 00
                0x40001700                . = ALIGN (0x4)
                0x40001700                __und_stack_top__ = .
                0x40002700                . = (. + C_STACK_SIZE)
 *fill*         0x40001700     0x1000 00
                0x40002700                . = ALIGN (0x4)
                0x40002700                __c_stack_top__ = .
                0x40002700                __stack_end = .
                0x40002700                end = .
OUTPUT(APRSBeacon.elf elf32-littlearm)

.ARM.attributes
                0x00000000       0x30
 .ARM.attributes
                0x00000000       0x16 /home/elijah/CodeSourcery/Sourcery_G++_Lite/bin/../lib/gcc/arm-none-eabi/4.5.2/crti.o
 .ARM.attributes
                0x00000016       0x34 /home/elijah/CodeSourcery/Sourcery_G++_Lite/bin/../lib/gcc/arm-none-eabi/4.5.2/crtbegin.o
 .ARM.attributes
                0x0000004a       0x22 crt.o
 .ARM.attributes
                0x0000006c       0x32 CRunTime.o
 .ARM.attributes
                0x0000009e       0x32 AFSK.o
 .ARM.attributes
                0x000000d0       0x32 main.o
 .ARM.attributes
                0x00000102       0x32 Engineering.o
 .ARM.attributes
                0x00000134       0x32 APRSBeacon.o
 .ARM.attributes
                0x00000166       0x32 IOPorts.o
 .ARM.attributes
                0x00000198       0x32 Log.o
 .ARM.attributes
                0x000001ca       0x32 ../arm/arm7lib/libarm7lib.a(DAC.o)
 .ARM.attributes
                0x000001fc       0x32 ../arm/arm7lib/libarm7lib.a(SPI0.o)
 .ARM.attributes
                0x0000022e       0x32 ../arm/arm7lib/libarm7lib.a(SPI1.o)
 .ARM.attributes
                0x00000260       0x32 ../arm/arm7lib/libarm7lib.a(SystemControl.o)
 .ARM.attributes
                0x00000292       0x32 ../arm/arm7lib/libarm7lib.a(TimerBase.o)
 .ARM.attributes
                0x000002c4       0x32 ../arm/arm7lib/libarm7lib.a(Timer0.o)
 .ARM.attributes
                0x000002f6       0x32 ../arm/arm7lib/libarm7lib.a(Timer1.o)
 .ARM.attributes
                0x00000328       0x32 ../arm/arm7lib/libarm7lib.a(UART0.o)
 .ARM.attributes
                0x0000035a       0x32 ../arm/arm7lib/libarm7lib.a(UART1.o)
 .ARM.attributes
                0x0000038c       0x32 ../arm/arm7lib/libarm7lib.a(VIC.o)
 .ARM.attributes
                0x000003be       0x32 ../arm/arm7lib/libarm7lib.a(WatchDogTimer.o)
 .ARM.attributes
                0x000003f0       0x32 ../arm/arm7lib/libarm7lib.a(CMX867A.o)
 .ARM.attributes
                0x00000422       0x32 ../arm/arm7lib/libarm7lib.a(GPSLassen.o)
 .ARM.attributes
                0x00000454       0x32 ../arm/arm7lib/libarm7lib.a(LM92.o)
 .ARM.attributes
                0x00000486       0x32 ../arm/arm7lib/libarm7lib.a(M25P80.o)
 .ARM.attributes
                0x000004b8       0x32 ../arm/arm7lib/libarm7lib.a(GPSData.o)
 .ARM.attributes
                0x000004ea       0x32 ../arm/arm7lib/libarm7lib.a(MIC-E.o)
 .ARM.attributes
                0x0000051c       0x32 ../arm/arm7lib/libarm7lib.a(NMEA.o)
 .ARM.attributes
                0x0000054e       0x32 ../arm/arm7lib/libarm7lib.a(RTCTime.o)
 .ARM.attributes
                0x00000580       0x32 ../arm/arm7lib/libarm7lib.a(FIFO.o)
 .ARM.attributes
                0x000005b2       0x32 ../arm/arm7lib/libarm7lib.a(AX25.o)
 .ARM.attributes
                0x000005e4       0x32 ../arm/arm7lib/libarm7lib.a(I2C0.o)
 .ARM.attributes
                0x00000616       0x32 ../arm/arm7lib/libarm7lib.a(RTC.o)
 .ARM.attributes
                0x00000648       0x32 ../arm/arm7lib/libarm7lib.a(CRC16.o)
 .ARM.attributes
                0x0000067a       0x34 /home/elijah/CodeSourcery/Sourcery_G++_Lite/bin/../lib/gcc/arm-none-eabi/4.5.2/../../../../arm-none-eabi/lib/libm.a(lib_a-sf_lround.o)
 .ARM.attributes
                0x000006ae       0x34 /home/elijah/CodeSourcery/Sourcery_G++_Lite/bin/../lib/gcc/arm-none-eabi/4.5.2/../../../../arm-none-eabi/lib/libm.a(lib_a-w_atan2.o)
 .ARM.attributes
                0x000006e2       0x34 /home/elijah/CodeSourcery/Sourcery_G++_Lite/bin/../lib/gcc/arm-none-eabi/4.5.2/../../../../arm-none-eabi/lib/libm.a(lib_a-w_sqrt.o)
 .ARM.attributes
                0x00000716       0x34 /home/elijah/CodeSourcery/Sourcery_G++_Lite/bin/../lib/gcc/arm-none-eabi/4.5.2/../../../../arm-none-eabi/lib/libm.a(lib_a-e_atan2.o)
 .ARM.attributes
                0x0000074a       0x34 /home/elijah/CodeSourcery/Sourcery_G++_Lite/bin/../lib/gcc/arm-none-eabi/4.5.2/../../../../arm-none-eabi/lib/libm.a(lib_a-e_sqrt.o)
 .ARM.attributes
                0x0000077e       0x34 /home/elijah/CodeSourcery/Sourcery_G++_Lite/bin/../lib/gcc/arm-none-eabi/4.5.2/../../../../arm-none-eabi/lib/libm.a(lib_a-s_atan.o)
 .ARM.attributes
                0x000007b2       0x34 /home/elijah/CodeSourcery/Sourcery_G++_Lite/bin/../lib/gcc/arm-none-eabi/4.5.2/../../../../arm-none-eabi/lib/libm.a(lib_a-s_fabs.o)
 .ARM.attributes
                0x000007e6       0x34 /home/elijah/CodeSourcery/Sourcery_G++_Lite/bin/../lib/gcc/arm-none-eabi/4.5.2/../../../../arm-none-eabi/lib/libm.a(lib_a-s_fpclassify.o)
 .ARM.attributes
                0x0000081a       0x34 /home/elijah/CodeSourcery/Sourcery_G++_Lite/bin/../lib/gcc/arm-none-eabi/4.5.2/../../../../arm-none-eabi/lib/libm.a(lib_a-s_lib_ver.o)
 .ARM.attributes
                0x0000084e       0x34 /home/elijah/CodeSourcery/Sourcery_G++_Lite/bin/../lib/gcc/arm-none-eabi/4.5.2/../../../../arm-none-eabi/lib/libm.a(lib_a-s_matherr.o)
 .ARM.attributes
                0x00000882       0x1a /home/elijah/CodeSourcery/Sourcery_G++_Lite/bin/../lib/gcc/arm-none-eabi/4.5.2/libgcc.a(_udivsi3.o)
 .ARM.attributes
                0x0000089c       0x18 /home/elijah/CodeSourcery/Sourcery_G++_Lite/bin/../lib/gcc/arm-none-eabi/4.5.2/libgcc.a(_dvmd_tls.o)
 .ARM.attributes
                0x000008b4       0x1a /home/elijah/CodeSourcery/Sourcery_G++_Lite/bin/../lib/gcc/arm-none-eabi/4.5.2/libgcc.a(_arm_addsubdf3.o)
 .ARM.attributes
                0x000008ce       0x1a /home/elijah/CodeSourcery/Sourcery_G++_Lite/bin/../lib/gcc/arm-none-eabi/4.5.2/libgcc.a(_arm_muldivdf3.o)
 .ARM.attributes
                0x000008e8       0x1a /home/elijah/CodeSourcery/Sourcery_G++_Lite/bin/../lib/gcc/arm-none-eabi/4.5.2/libgcc.a(_arm_cmpdf2.o)
 .ARM.attributes
                0x00000902       0x1a /home/elijah/CodeSourcery/Sourcery_G++_Lite/bin/../lib/gcc/arm-none-eabi/4.5.2/libgcc.a(_arm_truncdfsf2.o)
 .ARM.attributes
                0x0000091c       0x1a /home/elijah/CodeSourcery/Sourcery_G++_Lite/bin/../lib/gcc/arm-none-eabi/4.5.2/libgcc.a(_arm_addsubsf3.o)
 .ARM.attributes
                0x00000936       0x1a /home/elijah/CodeSourcery/Sourcery_G++_Lite/bin/../lib/gcc/arm-none-eabi/4.5.2/libgcc.a(_arm_muldivsf3.o)
 .ARM.attributes
                0x00000950       0x1a /home/elijah/CodeSourcery/Sourcery_G++_Lite/bin/../lib/gcc/arm-none-eabi/4.5.2/libgcc.a(_arm_fixsfsi.o)
 .ARM.attributes
                0x0000096a       0x34 /home/elijah/CodeSourcery/Sourcery_G++_Lite/bin/../lib/gcc/arm-none-eabi/4.5.2/../../../../arm-none-eabi/lib/libc.a(lib_a-errno.o)
 .ARM.attributes
                0x0000099e       0x34 /home/elijah/CodeSourcery/Sourcery_G++_Lite/bin/../lib/gcc/arm-none-eabi/4.5.2/../../../../arm-none-eabi/lib/libc.a(lib_a-gmtime.o)
 .ARM.attributes
                0x000009d2       0x34 /home/elijah/CodeSourcery/Sourcery_G++_Lite/bin/../lib/gcc/arm-none-eabi/4.5.2/../../../../arm-none-eabi/lib/libc.a(lib_a-gmtime_r.o)
 .ARM.attributes
                0x00000a06       0x34 /home/elijah/CodeSourcery/Sourcery_G++_Lite/bin/../lib/gcc/arm-none-eabi/4.5.2/../../../../arm-none-eabi/lib/libc.a(lib_a-impure.o)
 .ARM.attributes
                0x00000a3a       0x34 /home/elijah/CodeSourcery/Sourcery_G++_Lite/bin/../lib/gcc/arm-none-eabi/4.5.2/../../../../arm-none-eabi/lib/libc.a(lib_a-init.o)
 .ARM.attributes
                0x00000a6e       0x34 /home/elijah/CodeSourcery/Sourcery_G++_Lite/bin/../lib/gcc/arm-none-eabi/4.5.2/../../../../arm-none-eabi/lib/libc.a(lib_a-memcpy.o)
 .ARM.attributes
                0x00000aa2       0x34 /home/elijah/CodeSourcery/Sourcery_G++_Lite/bin/../lib/gcc/arm-none-eabi/4.5.2/../../../../arm-none-eabi/lib/libc.a(lib_a-memset.o)
 .ARM.attributes
                0x00000ad6       0x34 /home/elijah/CodeSourcery/Sourcery_G++_Lite/bin/../lib/gcc/arm-none-eabi/4.5.2/../../../../arm-none-eabi/lib/libc.a(lib_a-mktm_r.o)
 .ARM.attributes
                0x00000b0a       0x34 /home/elijah/CodeSourcery/Sourcery_G++_Lite/bin/../lib/gcc/arm-none-eabi/4.5.2/../../../../arm-none-eabi/lib/libc.a(lib_a-sprintf.o)
 .ARM.attributes
                0x00000b3e       0x34 /home/elijah/CodeSourcery/Sourcery_G++_Lite/bin/../lib/gcc/arm-none-eabi/4.5.2/../../../../arm-none-eabi/lib/libc.a(lib_a-strcat.o)
 .ARM.attributes
                0x00000b72       0x34 /home/elijah/CodeSourcery/Sourcery_G++_Lite/bin/../lib/gcc/arm-none-eabi/4.5.2/../../../../arm-none-eabi/lib/libc.a(lib_a-strcpy.o)
 .ARM.attributes
                0x00000ba6       0x34 /home/elijah/CodeSourcery/Sourcery_G++_Lite/bin/../lib/gcc/arm-none-eabi/4.5.2/../../../../arm-none-eabi/lib/libc.a(lib_a-strlen.o)
 .ARM.attributes
                0x00000bda       0x34 /home/elijah/CodeSourcery/Sourcery_G++_Lite/bin/../lib/gcc/arm-none-eabi/4.5.2/../../../../arm-none-eabi/lib/libc.a(lib_a-svfprintf.o)
 .ARM.attributes
                0x00000c0e       0x34 /home/elijah/CodeSourcery/Sourcery_G++_Lite/bin/../lib/gcc/arm-none-eabi/4.5.2/../../../../arm-none-eabi/lib/libc.a(lib_a-tzlock.o)
 .ARM.attributes
                0x00000c42       0x34 /home/elijah/CodeSourcery/Sourcery_G++_Lite/bin/../lib/gcc/arm-none-eabi/4.5.2/../../../../arm-none-eabi/lib/libc.a(lib_a-tzvars.o)
 .ARM.attributes
                0x00000c76       0x34 /home/elijah/CodeSourcery/Sourcery_G++_Lite/bin/../lib/gcc/arm-none-eabi/4.5.2/../../../../arm-none-eabi/lib/libc.a(lib_a-vsnprintf.o)
 .ARM.attributes
                0x00000caa       0x34 /home/elijah/CodeSourcery/Sourcery_G++_Lite/bin/../lib/gcc/arm-none-eabi/4.5.2/../../../../arm-none-eabi/lib/libc.a(lib_a-dtoa.o)
 .ARM.attributes
                0x00000cde       0x34 /home/elijah/CodeSourcery/Sourcery_G++_Lite/bin/../lib/gcc/arm-none-eabi/4.5.2/../../../../arm-none-eabi/lib/libc.a(lib_a-gettzinfo.o)
 .ARM.attributes
                0x00000d12       0x34 /home/elijah/CodeSourcery/Sourcery_G++_Lite/bin/../lib/gcc/arm-none-eabi/4.5.2/../../../../arm-none-eabi/lib/libc.a(lib_a-locale.o)
 .ARM.attributes
                0x00000d46       0x34 /home/elijah/CodeSourcery/Sourcery_G++_Lite/bin/../lib/gcc/arm-none-eabi/4.5.2/../../../../arm-none-eabi/lib/libc.a(lib_a-mallocr.o)
 .ARM.attributes
                0x00000d7a       0x34 /home/elijah/CodeSourcery/Sourcery_G++_Lite/bin/../lib/gcc/arm-none-eabi/4.5.2/../../../../arm-none-eabi/lib/libc.a(lib_a-memchr.o)
 .ARM.attributes
                0x00000dae       0x34 /home/elijah/CodeSourcery/Sourcery_G++_Lite/bin/../lib/gcc/arm-none-eabi/4.5.2/../../../../arm-none-eabi/lib/libc.a(lib_a-mlock.o)
 .ARM.attributes
                0x00000de2       0x34 /home/elijah/CodeSourcery/Sourcery_G++_Lite/bin/../lib/gcc/arm-none-eabi/4.5.2/../../../../arm-none-eabi/lib/libc.a(lib_a-mprec.o)
 .ARM.attributes
                0x00000e16       0x34 /home/elijah/CodeSourcery/Sourcery_G++_Lite/bin/../lib/gcc/arm-none-eabi/4.5.2/../../../../arm-none-eabi/lib/libc.a(lib_a-strcmp.o)
 .ARM.attributes
                0x00000e4a       0x34 /home/elijah/CodeSourcery/Sourcery_G++_Lite/bin/../lib/gcc/arm-none-eabi/4.5.2/../../../../arm-none-eabi/lib/libc.a(lib_a-svfiprintf.o)
 .ARM.attributes
                0x00000e7e       0x34 /home/elijah/CodeSourcery/Sourcery_G++_Lite/bin/../lib/gcc/arm-none-eabi/4.5.2/../../../../arm-none-eabi/lib/libc.a(lib_a-callocr.o)
 .ARM.attributes
                0x00000eb2       0x34 /home/elijah/CodeSourcery/Sourcery_G++_Lite/bin/../lib/gcc/arm-none-eabi/4.5.2/../../../../arm-none-eabi/lib/libc.a(lib_a-freer.o)
 .ARM.attributes
                0x00000ee6       0x34 /home/elijah/CodeSourcery/Sourcery_G++_Lite/bin/../lib/gcc/arm-none-eabi/4.5.2/../../../../arm-none-eabi/lib/libc.a(lib_a-memmove.o)
 .ARM.attributes
                0x00000f1a       0x34 /home/elijah/CodeSourcery/Sourcery_G++_Lite/bin/../lib/gcc/arm-none-eabi/4.5.2/../../../../arm-none-eabi/lib/libc.a(lib_a-reallocr.o)
 .ARM.attributes
                0x00000f4e       0x1a /home/elijah/CodeSourcery/Sourcery_G++_Lite/bin/../lib/gcc/arm-none-eabi/4.5.2/libgcc.a(_divsi3.o)
 .ARM.attributes
                0x00000f68       0x1a /home/elijah/CodeSourcery/Sourcery_G++_Lite/bin/../lib/gcc/arm-none-eabi/4.5.2/libgcc.a(_arm_fixdfsi.o)
 .ARM.attributes
                0x00000f82       0x1a /home/elijah/CodeSourcery/Sourcery_G++_Lite/bin/../lib/gcc/arm-none-eabi/4.5.2/libgcc.a(_aeabi_uldivmod.o)
 .ARM.attributes
                0x00000f9c       0x34 /home/elijah/CodeSourcery/Sourcery_G++_Lite/bin/../lib/gcc/arm-none-eabi/4.5.2/libgcc.a(bpabi.o)
 .ARM.attributes
                0x00000fd0       0x34 /home/elijah/CodeSourcery/Sourcery_G++_Lite/bin/../lib/gcc/arm-none-eabi/4.5.2/libgcc.a(_divdi3.o)
 .ARM.attributes
                0x00001004       0x34 /home/elijah/CodeSourcery/Sourcery_G++_Lite/bin/../lib/gcc/arm-none-eabi/4.5.2/libgcc.a(_udivdi3.o)
 .ARM.attributes
                0x00001038       0x1a /home/elijah/CodeSourcery/Sourcery_G++_Lite/bin/../lib/gcc/arm-none-eabi/4.5.2/libgcc.a(_clzsi2.o)
 .ARM.attributes
                0x00001052       0x34 /home/elijah/CodeSourcery/Sourcery_G++_Lite/bin/../lib/gcc/arm-none-eabi/4.5.2/crtend.o
 .ARM.attributes
                0x00001086       0x18 /home/elijah/CodeSourcery/Sourcery_G++_Lite/bin/../lib/gcc/arm-none-eabi/4.5.2/crtn.o

.comment        0x00000000       0x2a
 .comment       0x00000000       0x2a CRunTime.o
                                 0x2b (size before relaxing)
 .comment       0x00000000       0x2b AFSK.o
 .comment       0x00000000       0x2b main.o
 .comment       0x00000000       0x2b Engineering.o
 .comment       0x00000000       0x2b APRSBeacon.o
 .comment       0x00000000       0x2b IOPorts.o
 .comment       0x00000000       0x2b Log.o
 .comment       0x00000000       0x2b ../arm/arm7lib/libarm7lib.a(DAC.o)
 .comment       0x00000000       0x2b ../arm/arm7lib/libarm7lib.a(SPI0.o)
 .comment       0x00000000       0x2b ../arm/arm7lib/libarm7lib.a(SPI1.o)
 .comment       0x00000000       0x2b ../arm/arm7lib/libarm7lib.a(SystemControl.o)
 .comment       0x00000000       0x2b ../arm/arm7lib/libarm7lib.a(TimerBase.o)
 .comment       0x00000000       0x2b ../arm/arm7lib/libarm7lib.a(Timer0.o)
 .comment       0x00000000       0x2b ../arm/arm7lib/libarm7lib.a(Timer1.o)
 .comment       0x00000000       0x2b ../arm/arm7lib/libarm7lib.a(UART0.o)
 .comment       0x00000000       0x2b ../arm/arm7lib/libarm7lib.a(UART1.o)
 .comment       0x00000000       0x2b ../arm/arm7lib/libarm7lib.a(VIC.o)
 .comment       0x00000000       0x2b ../arm/arm7lib/libarm7lib.a(WatchDogTimer.o)
 .comment       0x00000000       0x2b ../arm/arm7lib/libarm7lib.a(CMX867A.o)
 .comment       0x00000000       0x2b ../arm/arm7lib/libarm7lib.a(GPSLassen.o)
 .comment       0x00000000       0x2b ../arm/arm7lib/libarm7lib.a(LM92.o)
 .comment       0x00000000       0x2b ../arm/arm7lib/libarm7lib.a(M25P80.o)
 .comment       0x00000000       0x2b ../arm/arm7lib/libarm7lib.a(GPSData.o)
 .comment       0x00000000       0x2b ../arm/arm7lib/libarm7lib.a(MIC-E.o)
 .comment       0x00000000       0x2b ../arm/arm7lib/libarm7lib.a(NMEA.o)
 .comment       0x00000000       0x2b ../arm/arm7lib/libarm7lib.a(RTCTime.o)
 .comment       0x00000000       0x2b ../arm/arm7lib/libarm7lib.a(FIFO.o)
 .comment       0x00000000       0x2b ../arm/arm7lib/libarm7lib.a(AX25.o)
 .comment       0x00000000       0x2b ../arm/arm7lib/libarm7lib.a(I2C0.o)
 .comment       0x00000000       0x2b ../arm/arm7lib/libarm7lib.a(RTC.o)
 .comment       0x00000000       0x2b ../arm/arm7lib/libarm7lib.a(CRC16.o)

.debug_line     0x00000000     0x87d7
 .debug_line    0x00000000       0x78 crt.o
 .debug_line    0x00000078      0x19d CRunTime.o
 .debug_line    0x00000215      0x41a AFSK.o
 .debug_line    0x0000062f      0x3f1 main.o
 .debug_line    0x00000a20      0x522 Engineering.o
 .debug_line    0x00000f42      0x5c1 APRSBeacon.o
 .debug_line    0x00001503      0x44b IOPorts.o
 .debug_line    0x0000194e      0x5a3 Log.o
 .debug_line    0x00001ef1      0x3d1 ../arm/arm7lib/libarm7lib.a(DAC.o)
 .debug_line    0x000022c2      0x3f6 ../arm/arm7lib/libarm7lib.a(SPI0.o)
 .debug_line    0x000026b8      0x408 ../arm/arm7lib/libarm7lib.a(SPI1.o)
 .debug_line    0x00002ac0      0x535 ../arm/arm7lib/libarm7lib.a(SystemControl.o)
 .debug_line    0x00002ff5      0x3d7 ../arm/arm7lib/libarm7lib.a(TimerBase.o)
 .debug_line    0x000033cc      0x3fc ../arm/arm7lib/libarm7lib.a(Timer0.o)
 .debug_line    0x000037c8      0x476 ../arm/arm7lib/libarm7lib.a(Timer1.o)
 .debug_line    0x00003c3e      0x4ad ../arm/arm7lib/libarm7lib.a(UART0.o)
 .debug_line    0x000040eb      0x471 ../arm/arm7lib/libarm7lib.a(UART1.o)
 .debug_line    0x0000455c      0x409 ../arm/arm7lib/libarm7lib.a(VIC.o)
 .debug_line    0x00004965      0x396 ../arm/arm7lib/libarm7lib.a(WatchDogTimer.o)
 .debug_line    0x00004cfb      0x3fb ../arm/arm7lib/libarm7lib.a(CMX867A.o)
 .debug_line    0x000050f6      0x614 ../arm/arm7lib/libarm7lib.a(GPSLassen.o)
 .debug_line    0x0000570a      0x3c2 ../arm/arm7lib/libarm7lib.a(LM92.o)
 .debug_line    0x00005acc      0x491 ../arm/arm7lib/libarm7lib.a(M25P80.o)
 .debug_line    0x00005f5d      0x4cc ../arm/arm7lib/libarm7lib.a(GPSData.o)
 .debug_line    0x00006429      0x434 ../arm/arm7lib/libarm7lib.a(MIC-E.o)
 .debug_line    0x0000685d      0x43c ../arm/arm7lib/libarm7lib.a(NMEA.o)
 .debug_line    0x00006c99      0x3c7 ../arm/arm7lib/libarm7lib.a(RTCTime.o)
 .debug_line    0x00007060      0x3d4 ../arm/arm7lib/libarm7lib.a(FIFO.o)
 .debug_line    0x00007434      0x723 ../arm/arm7lib/libarm7lib.a(AX25.o)
 .debug_line    0x00007b57      0x4f8 ../arm/arm7lib/libarm7lib.a(I2C0.o)
 .debug_line    0x0000804f      0x3e8 ../arm/arm7lib/libarm7lib.a(RTC.o)
 .debug_line    0x00008437      0x3a0 ../arm/arm7lib/libarm7lib.a(CRC16.o)

.debug_info     0x00000000    0x35ec9
 .debug_info    0x00000000       0x4e crt.o
 .debug_info    0x0000004e      0x425 CRunTime.o
 .debug_info    0x00000473     0x1c96 AFSK.o
 .debug_info    0x00002109     0x230a main.o
 .debug_info    0x00004413     0x2081 Engineering.o
 .debug_info    0x00006494     0x2fbc APRSBeacon.o
 .debug_info    0x00009450     0x1a10 IOPorts.o
 .debug_info    0x0000ae60     0x22d3 Log.o
 .debug_info    0x0000d133     0x195e ../arm/arm7lib/libarm7lib.a(DAC.o)
 .debug_info    0x0000ea91     0x1944 ../arm/arm7lib/libarm7lib.a(SPI0.o)
 .debug_info    0x000103d5     0x19fe ../arm/arm7lib/libarm7lib.a(SPI1.o)
 .debug_info    0x00011dd3     0x1c7a ../arm/arm7lib/libarm7lib.a(SystemControl.o)
 .debug_info    0x00013a4d     0x18f5 ../arm/arm7lib/libarm7lib.a(TimerBase.o)
 .debug_info    0x00015342     0x19ee ../arm/arm7lib/libarm7lib.a(Timer0.o)
 .debug_info    0x00016d30     0x1baa ../arm/arm7lib/libarm7lib.a(Timer1.o)
 .debug_info    0x000188da     0x1d71 ../arm/arm7lib/libarm7lib.a(UART0.o)
 .debug_info    0x0001a64b     0x1c75 ../arm/arm7lib/libarm7lib.a(UART1.o)
 .debug_info    0x0001c2c0     0x1a4f ../arm/arm7lib/libarm7lib.a(VIC.o)
 .debug_info    0x0001dd0f     0x1769 ../arm/arm7lib/libarm7lib.a(WatchDogTimer.o)
 .debug_info    0x0001f478     0x196d ../arm/arm7lib/libarm7lib.a(CMX867A.o)
 .debug_info    0x00020de5     0x26f9 ../arm/arm7lib/libarm7lib.a(GPSLassen.o)
 .debug_info    0x000234de     0x18fc ../arm/arm7lib/libarm7lib.a(LM92.o)
 .debug_info    0x00024dda     0x1b02 ../arm/arm7lib/libarm7lib.a(M25P80.o)
 .debug_info    0x000268dc     0x1cfa ../arm/arm7lib/libarm7lib.a(GPSData.o)
 .debug_info    0x000285d6     0x1b85 ../arm/arm7lib/libarm7lib.a(MIC-E.o)
 .debug_info    0x0002a15b     0x1cd7 ../arm/arm7lib/libarm7lib.a(NMEA.o)
 .debug_info    0x0002be32     0x1977 ../arm/arm7lib/libarm7lib.a(RTCTime.o)
 .debug_info    0x0002d7a9     0x195c ../arm/arm7lib/libarm7lib.a(FIFO.o)
 .debug_info    0x0002f105     0x1e81 ../arm/arm7lib/libarm7lib.a(AX25.o)
 .debug_info    0x00030f86     0x1a1b ../arm/arm7lib/libarm7lib.a(I2C0.o)
 .debug_info    0x000329a1     0x1d0d ../arm/arm7lib/libarm7lib.a(RTC.o)
 .debug_info    0x000346ae     0x181b ../arm/arm7lib/libarm7lib.a(CRC16.o)

.debug_abbrev   0x00000000     0x7273
 .debug_abbrev  0x00000000       0x14 crt.o
 .debug_abbrev  0x00000014      0x127 CRunTime.o
 .debug_abbrev  0x0000013b      0x3d1 AFSK.o
 .debug_abbrev  0x0000050c      0x3f1 main.o
 .debug_abbrev  0x000008fd      0x4cb Engineering.o
 .debug_abbrev  0x00000dc8      0x5a6 APRSBeacon.o
 .debug_abbrev  0x0000136e      0x30d IOPorts.o
 .debug_abbrev  0x0000167b      0x505 Log.o
 .debug_abbrev  0x00001b80      0x3b4 ../arm/arm7lib/libarm7lib.a(DAC.o)
 .debug_abbrev  0x00001f34      0x321 ../arm/arm7lib/libarm7lib.a(SPI0.o)
 .debug_abbrev  0x00002255      0x362 ../arm/arm7lib/libarm7lib.a(SPI1.o)
 .debug_abbrev  0x000025b7      0x48a ../arm/arm7lib/libarm7lib.a(SystemControl.o)
 .debug_abbrev  0x00002a41      0x32c ../arm/arm7lib/libarm7lib.a(TimerBase.o)
 .debug_abbrev  0x00002d6d      0x3ad ../arm/arm7lib/libarm7lib.a(Timer0.o)
 .debug_abbrev  0x0000311a      0x3d8 ../arm/arm7lib/libarm7lib.a(Timer1.o)
 .debug_abbrev  0x000034f2      0x487 ../arm/arm7lib/libarm7lib.a(UART0.o)
 .debug_abbrev  0x00003979      0x450 ../arm/arm7lib/libarm7lib.a(UART1.o)
 .debug_abbrev  0x00003dc9      0x2eb ../arm/arm7lib/libarm7lib.a(VIC.o)
 .debug_abbrev  0x000040b4      0x271 ../arm/arm7lib/libarm7lib.a(WatchDogTimer.o)
 .debug_abbrev  0x00004325      0x384 ../arm/arm7lib/libarm7lib.a(CMX867A.o)
 .debug_abbrev  0x000046a9      0x589 ../arm/arm7lib/libarm7lib.a(GPSLassen.o)
 .debug_abbrev  0x00004c32      0x323 ../arm/arm7lib/libarm7lib.a(LM92.o)
 .debug_abbrev  0x00004f55      0x3a9 ../arm/arm7lib/libarm7lib.a(M25P80.o)
 .debug_abbrev  0x000052fe      0x402 ../arm/arm7lib/libarm7lib.a(GPSData.o)
 .debug_abbrev  0x00005700      0x34f ../arm/arm7lib/libarm7lib.a(MIC-E.o)
 .debug_abbrev  0x00005a4f      0x379 ../arm/arm7lib/libarm7lib.a(NMEA.o)
 .debug_abbrev  0x00005dc8      0x2f9 ../arm/arm7lib/libarm7lib.a(RTCTime.o)
 .debug_abbrev  0x000060c1      0x367 ../arm/arm7lib/libarm7lib.a(FIFO.o)
 .debug_abbrev  0x00006428      0x3de ../arm/arm7lib/libarm7lib.a(AX25.o)
 .debug_abbrev  0x00006806      0x36e ../arm/arm7lib/libarm7lib.a(I2C0.o)
 .debug_abbrev  0x00006b74      0x424 ../arm/arm7lib/libarm7lib.a(RTC.o)
 .debug_abbrev  0x00006f98      0x2db ../arm/arm7lib/libarm7lib.a(CRC16.o)

.debug_aranges  0x00000000      0xa38
 .debug_aranges
                0x00000000       0x20 crt.o
 .debug_aranges
                0x00000020       0x50 CRunTime.o
 .debug_aranges
                0x00000070       0x48 AFSK.o
 .debug_aranges
                0x000000b8       0x20 main.o
 .debug_aranges
                0x000000d8       0x50 Engineering.o
 .debug_aranges
                0x00000128       0x90 APRSBeacon.o
 .debug_aranges
                0x000001b8       0x60 IOPorts.o
 .debug_aranges
                0x00000218       0x90 Log.o
 .debug_aranges
                0x000002a8       0x48 ../arm/arm7lib/libarm7lib.a(DAC.o)
 .debug_aranges
                0x000002f0       0x48 ../arm/arm7lib/libarm7lib.a(SPI0.o)
 .debug_aranges
                0x00000338       0x48 ../arm/arm7lib/libarm7lib.a(SPI1.o)
 .debug_aranges
                0x00000380       0x70 ../arm/arm7lib/libarm7lib.a(SystemControl.o)
 .debug_aranges
                0x000003f0       0x40 ../arm/arm7lib/libarm7lib.a(TimerBase.o)
 .debug_aranges
                0x00000430       0x48 ../arm/arm7lib/libarm7lib.a(Timer0.o)
 .debug_aranges
                0x00000478       0x70 ../arm/arm7lib/libarm7lib.a(Timer1.o)
 .debug_aranges
                0x000004e8       0x70 ../arm/arm7lib/libarm7lib.a(UART0.o)
 .debug_aranges
                0x00000558       0x68 ../arm/arm7lib/libarm7lib.a(UART1.o)
 .debug_aranges
                0x000005c0       0x48 ../arm/arm7lib/libarm7lib.a(VIC.o)
 .debug_aranges
                0x00000608       0x20 ../arm/arm7lib/libarm7lib.a(WatchDogTimer.o)
 .debug_aranges
                0x00000628       0x48 ../arm/arm7lib/libarm7lib.a(CMX867A.o)
 .debug_aranges
                0x00000670       0xa8 ../arm/arm7lib/libarm7lib.a(GPSLassen.o)
 .debug_aranges
                0x00000718       0x40 ../arm/arm7lib/libarm7lib.a(LM92.o)
 .debug_aranges
                0x00000758       0x60 ../arm/arm7lib/libarm7lib.a(M25P80.o)
 .debug_aranges
                0x000007b8       0x68 ../arm/arm7lib/libarm7lib.a(GPSData.o)
 .debug_aranges
                0x00000820       0x30 ../arm/arm7lib/libarm7lib.a(MIC-E.o)
 .debug_aranges
                0x00000850       0x40 ../arm/arm7lib/libarm7lib.a(NMEA.o)
 .debug_aranges
                0x00000890       0x30 ../arm/arm7lib/libarm7lib.a(RTCTime.o)
 .debug_aranges
                0x000008c0       0x40 ../arm/arm7lib/libarm7lib.a(FIFO.o)
 .debug_aranges
                0x00000900       0x88 ../arm/arm7lib/libarm7lib.a(AX25.o)
 .debug_aranges
                0x00000988       0x50 ../arm/arm7lib/libarm7lib.a(I2C0.o)
 .debug_aranges
                0x000009d8       0x40 ../arm/arm7lib/libarm7lib.a(RTC.o)
 .debug_aranges
                0x00000a18       0x20 ../arm/arm7lib/libarm7lib.a(CRC16.o)

.debug_loc      0x00000000     0x3811
 .debug_loc     0x00000000       0xab CRunTime.o
 .debug_loc     0x000000ab      0x115 AFSK.o
 .debug_loc     0x000001c0       0x2c main.o
 .debug_loc     0x000001ec      0x18f Engineering.o
 .debug_loc     0x0000037b      0x397 APRSBeacon.o
 .debug_loc     0x00000712       0x52 IOPorts.o
 .debug_loc     0x00000764      0x559 Log.o
 .debug_loc     0x00000cbd       0x4c ../arm/arm7lib/libarm7lib.a(DAC.o)
 .debug_loc     0x00000d09       0x4c ../arm/arm7lib/libarm7lib.a(SPI0.o)
 .debug_loc     0x00000d55      0x10d ../arm/arm7lib/libarm7lib.a(SPI1.o)
 .debug_loc     0x00000e62      0x1f2 ../arm/arm7lib/libarm7lib.a(SystemControl.o)