Archive member included because of file (symbol)

../arm/arm7lib/libarm7lib.a(DAC.o)
                              APRSBeacon.o (_ZN3DAC11GetInstanceEv)
../arm/arm7lib/libarm7lib.a(SPI0.o)
                              APRSBeacon.o (_ZN4SPI011GetInstanceEv)
../arm/arm7lib/libarm7lib.a(SPI1.o)
                              APRSBeacon.o (_ZN4SPI111GetInstanceEv)
../arm/arm7lib/libarm7lib.a(SystemControl.o)
                              APRSBeacon.o (_ZN13SystemControl11GetInstanceEv)
../arm/arm7lib/libarm7lib.a(TimerBase.o)
                              ../arm/arm7lib/libarm7lib.a(SystemControl.o) (_ZN9TimerBase7GetTickEv)
../arm/arm7lib/libarm7lib.a(Timer0.o)
                              ../arm/arm7lib/libarm7lib.a(SystemControl.o) (_ZN6Timer011GetInstanceEv)
../arm/arm7lib/libarm7lib.a(Timer1.o)
                              ../arm/arm7lib/libarm7lib.a(SystemControl.o) (_ZN6Timer111GetInstanceEv)
../arm/arm7lib/libarm7lib.a(UART0.o)
                              Engineering.o (_ZN5UART011GetInstanceEv)
../arm/arm7lib/libarm7lib.a(UART1.o)
                              APRSBeacon.o (_ZN5UART111GetInstanceEv)
../arm/arm7lib/libarm7lib.a(VIC.o)
                              ../arm/arm7lib/libarm7lib.a(SystemControl.o) (_Z9enableIRQv)
../arm/arm7lib/libarm7lib.a(WatchDogTimer.o)
                              Engineering.o (_ZN13WatchDogTimer5ResetEv)
../arm/arm7lib/libarm7lib.a(CMX867A.o)
                              AFSK.o (_ZN7CMX867A11GetInstanceEv)
../arm/arm7lib/libarm7lib.a(GPSLassen.o)
                              Engineering.o (_ZN9GPSLassen11GetInstanceEv)
../arm/arm7lib/libarm7lib.a(LM92.o)
                              Engineering.o (_ZN4LM9211GetInstanceEv)
../arm/arm7lib/libarm7lib.a(M25P80.o)
                              Log.o (_ZN6M25P8011GetInstanceEv)
../arm/arm7lib/libarm7lib.a(GPSData.o)
                              Engineering.o (_ZN7GPSDataC1Ev)
../arm/arm7lib/libarm7lib.a(MIC-E.o)
                              Engineering.o (_ZN10MICEncoder6EncodeEPK7GPSData)
../arm/arm7lib/libarm7lib.a(NMEA.o)
                              Engineering.o (_ZN4NMEA5GPGGAEPK7GPSDataPc)
../arm/arm7lib/libarm7lib.a(RTCTime.o)
                              ../arm/arm7lib/libarm7lib.a(GPSLassen.o) (_ZN7RTCTimeC1Emmm)
../arm/arm7lib/libarm7lib.a(FIFO.o)
                              ../arm/arm7lib/libarm7lib.a(UART0.o) (_ZN4FIFOC1Ev)
../arm/arm7lib/libarm7lib.a(AX25.o)
                              AFSK.o (_ZN4AX25C1Ev)
../arm/arm7lib/libarm7lib.a(I2C0.o)
                              ../arm/arm7lib/libarm7lib.a(LM92.o) (_ZN4I2C011GetInstanceEv)
../arm/arm7lib/libarm7lib.a(RTC.o)
                              ../arm/arm7lib/libarm7lib.a(SystemControl.o) (_ZN3RTC11GetInstanceEv)
../arm/arm7lib/libarm7lib.a(CRC16.o)
                              ../arm/arm7lib/libarm7lib.a(AX25.o) (_ZN5CRC169CalculateEPKvmm)
/home/elijah/CodeSourcery/Sourcery_G++_Lite/bin/../lib/gcc/arm-none-eabi/4.5.2/../../../../arm-none-eabi/lib/libm.a(lib_a-sf_lround.o)
                              ../arm/arm7lib/libarm7lib.a(GPSLassen.o) (lroundf)
/home/elijah/CodeSourcery/Sourcery_G++_Lite/bin/../lib/gcc/arm-none-eabi/4.5.2/../../../../arm-none-eabi/lib/libm.a(lib_a-w_atan2.o)
                              ../arm/arm7lib/libarm7lib.a(GPSLassen.o) (atan2)
/home/elijah/CodeSourcery/Sourcery_G++_Lite/bin/../lib/gcc/arm-none-eabi/4.5.2/../../../../arm-none-eabi/lib/libm.a(lib_a-w_sqrt.o)
                              ../arm/arm7lib/libarm7lib.a(GPSLassen.o) (sqrt)
/home/elijah/CodeSourcery/Sourcery_G++_Lite/bin/../lib/gcc/arm-none-eabi/4.5.2/../../../../arm-none-eabi/lib/libm.a(lib_a-e_atan2.o)
                              /home/elijah/CodeSourcery/Sourcery_G++_Lite/bin/../lib/gcc/arm-none-eabi/4.5.2/../../../../arm-none-eabi/lib/libm.a(lib_a-w_atan2.o) (__ieee754_atan2)
/home/elijah/CodeSourcery/Sourcery_G++_Lite/bin/../lib/gcc/arm-none-eabi/4.5.2/../../../../arm-none-eabi/lib/libm.a(lib_a-e_sqrt.o)
                              /home/elijah/CodeSourcery/Sourcery_G++_Lite/bin/../lib/gcc/arm-none-eabi/4.5.2/../../../../arm-none-eabi/lib/libm.a(lib_a-w_sqrt.o) (__ieee754_sqrt)
/home/elijah/CodeSourcery/Sourcery_G++_Lite/bin/../lib/gcc/arm-none-eabi/4.5.2/../../../../arm-none-eabi/lib/libm.a(lib_a-s_atan.o)
                              /home/elijah/CodeSourcery/Sourcery_G++_Lite/bin/../lib/gcc/arm-none-eabi/4.5.2/../../../../arm-none-eabi/lib/libm.a(lib_a-e_atan2.o) (atan)
/home/elijah/CodeSourcery/Sourcery_G++_Lite/bin/../lib/gcc/arm-none-eabi/4.5.2/../../../../arm-none-eabi/lib/libm.a(lib_a-s_fabs.o)
                              /home/elijah/CodeSourcery/Sourcery_G++_Lite/bin/../lib/gcc/arm-none-eabi/4.5.2/../../../../arm-none-eabi/lib/libm.a(lib_a-e_atan2.o) (fabs)
/home/elijah/CodeSourcery/Sourcery_G++_Lite/bin/../lib/gcc/arm-none-eabi/4.5.2/../../../../arm-none-eabi/lib/libm.a(lib_a-s_fpclassify.o)
[...]
Memory Configuration

Name             Origin             Length             Attributes
flash            0x00000000         0x00080000         xr
ram_isp_low      0x40000120         0x000000df         a
ram              0x40000000         0x00007f00         rw
ram_isp_high     0x40007fe0         0x00000020         a
ram_usb_dma      0x7fd00000         0x00002000         rw
*default*        0x00000000         0xffffffff

Linker script and memory map

LOAD /home/elijah/CodeSourcery/Sourcery_G++_Lite/bin/../lib/gcc/arm-none-eabi/4.5.2/crti.o
LOAD /home/elijah/CodeSourcery/Sourcery_G++_Lite/bin/../lib/gcc/arm-none-eabi/4.5.2/crtbegin.o
LOAD crt.o
LOAD CRunTime.o
LOAD AFSK.o
LOAD main.o
LOAD Engineering.o
LOAD APRSBeacon.o
LOAD IOPorts.o
LOAD Log.o
LOAD rootdir.o
LOAD fat16.o
LOAD partition.o
LOAD sd_raw.o
LOAD ../arm/arm7lib/libarm7lib.a
LOAD /home/elijah/CodeSourcery/Sourcery_G++_Lite/bin/../lib/gcc/arm-none-eabi/4.5.2/../../../../arm-none-eabi/lib/libstdc++.a
LOAD /home/elijah/CodeSourcery/Sourcery_G++_Lite/bin/../lib/gcc/arm-none-eabi/4.5.2/../../../../arm-none-eabi/lib/libm.a
START GROUP
LOAD /home/elijah/CodeSourcery/Sourcery_G++_Lite/bin/../lib/gcc/arm-none-eabi/4.5.2/libgcc.a
LOAD /home/elijah/CodeSourcery/Sourcery_G++_Lite/bin/../lib/gcc/arm-none-eabi/4.5.2/../../../../arm-none-eabi/lib/libc.a
END GROUP
LOAD /home/elijah/CodeSourcery/Sourcery_G++_Lite/bin/../lib/gcc/arm-none-eabi/4.5.2/crtend.o
LOAD /home/elijah/CodeSourcery/Sourcery_G++_Lite/bin/../lib/gcc/arm-none-eabi/4.5.2/crtn.o
                0x00002000                C_STACK_SIZE = 0x2000
                0x00000400                IRQ_STACK_SIZE = 0x400
                0x00000100                FIQ_STACK_SIZE = 0x100
                0x00000100                SVC_STACK_SIZE = 0x100
                0x00000100                ABT_STACK_SIZE = 0x100
                0x00000100                UND_STACK_SIZE = 0x100

.crt            0x00000000      0x15c
                0x00000000                . = ALIGN (0x4)
 *crt.o(.text)
 .text          0x00000000      0x15c crt.o
                0x00000000                _boot
                0x00000094                _start
                0x0000015c                . = ALIGN (0x4)

.text           0x00000160     0xbe34
 *(.text)
 .text          0x00000160       0x50 /home/elijah/CodeSourcery/Sourcery_G++_Lite/bin/../lib/gcc/arm-none-eabi/4.5.2/crtbegin.o
 .text          0x000001b0       0x84 /home/elijah/CodeSourcery/Sourcery_G++_Lite/bin/../lib/gcc/arm-none-eabi/4.5.2/../../../../arm-none-eabi/lib/libm.a(lib_a-sf_lround.o)
                0x000001b0                lroundf
 .text          0x00000234       0x10 /home/elijah/CodeSourcery/Sourcery_G++_Lite/bin/../lib/gcc/arm-none-eabi/4.5.2/../../../../arm-none-eabi/lib/libm.a(lib_a-w_atan2.o)
                0x00000234                atan2
 .text          0x00000244      0x124 /home/elijah/CodeSourcery/Sourcery_G++_Lite/bin/../lib/gcc/arm-none-eabi/4.5.2/../../../../arm-none-eabi/lib/libm.a(lib_a-w_sqrt.o)
                0x00000244                sqrt
 .text          0x00000368      0x2e8 /home/elijah/CodeSourcery/Sourcery_G++_Lite/bin/../lib/gcc/arm-none-eabi/4.5.2/../../../../arm-none-eabi/lib/libm.a(lib_a-e_atan2.o)
                0x00000368                __ieee754_atan2
 .text          0x00000650      0x238 /home/elijah/CodeSourcery/Sourcery_G++_Lite/bin/../lib/gcc/arm-none-eabi/4.5.2/../../../../arm-none-eabi/lib/libm.a(lib_a-e_sqrt.o)
                0x00000650                __ieee754_sqrt
 .text          0x00000888      0x4a0 /home/elijah/CodeSourcery/Sourcery_G++_Lite/bin/../lib/gcc/arm-none-eabi/4.5.2/../../../../arm-none-eabi/lib/libm.a(lib_a-s_atan.o)
                0x00000888                atan
 .text          0x00000d28       0x10 /home/elijah/CodeSourcery/Sourcery_G++_Lite/bin/../lib/gcc/arm-none-eabi/4.5.2/../../../../arm-none-eabi/lib/libm.a(lib_a-s_fabs.o)
                0x00000d28                fabs
 .text          0x00000d38       0x8c /home/elijah/CodeSourcery/Sourcery_G++_Lite/bin/../lib/gcc/arm-none-eabi/4.5.2/../../../../arm-none-eabi/lib/libm.a(lib_a-s_fpclassify.o)
                0x00000d38                __fpclassifyd
 .text          0x00000dc4        0x8 /home/elijah/CodeSourcery/Sourcery_G++_Lite/bin/../lib/gcc/arm-none-eabi/4.5.2/../../../../arm-none-eabi/lib/libm.a(lib_a-s_matherr.o)
                0x00000dc4                matherr
 .text          0x00000dcc      0x114 /home/elijah/CodeSourcery/Sourcery_G++_Lite/bin/../lib/gcc/arm-none-eabi/4.5.2/libgcc.a(_udivsi3.o)
                0x00000dcc                __udivsi3
                0x00000dcc                __aeabi_uidiv
                0x00000ec0                __aeabi_uidivmod
 .text          0x00000ee0      0x148 /home/elijah/CodeSourcery/Sourcery_G++_Lite/bin/../lib/gcc/arm-none-eabi/4.5.2/libgcc.a(_divsi3.o)
                0x00000ee0                __aeabi_idiv
                0x00000ee0                __divsi3
                0x00001008                __aeabi_idivmod
 .text          0x00001028        0x4 /home/elijah/CodeSourcery/Sourcery_G++_Lite/bin/../lib/gcc/arm-none-eabi/4.5.2/libgcc.a(_dvmd_tls.o)
                0x00001028                __aeabi_ldiv0
                0x00001028                __aeabi_idiv0
 .text          0x0000102c      0x41c /home/elijah/CodeSourcery/Sourcery_G++_Lite/bin/../lib/gcc/arm-none-eabi/4.5.2/libgcc.a(_arm_addsubdf3.o)
                0x0000102c                __aeabi_drsub
                0x00001034                __aeabi_dsub
                0x00001034                __subdf3
                0x00001038                __adddf3
                0x00001038                __aeabi_dadd
                0x00001348                __aeabi_ui2d
                0x00001348                __floatunsidf
                0x0000136c                __floatsidf
                0x0000136c                __aeabi_i2d
                0x00001394                __extendsfdf2
                0x00001394                __aeabi_f2d
                0x000013d4                __aeabi_ul2d
                0x000013d4                __floatundidf
                0x000013e8                __floatdidf
                0x000013e8                __aeabi_l2d
 .text          0x00001448      0x49c /home/elijah/CodeSourcery/Sourcery_G++_Lite/bin/../lib/gcc/arm-none-eabi/4.5.2/libgcc.a(_arm_muldivdf3.o)
                0x00001448                __aeabi_dmul
                0x00001448                __muldf3
                0x000016d8                __aeabi_ddiv
                0x000016d8                __divdf3
 .text          0x000018e4      0x144 /home/elijah/CodeSourcery/Sourcery_G++_Lite/bin/../lib/gcc/arm-none-eabi/4.5.2/libgcc.a(_arm_cmpdf2.o)
                0x000018e4                __gtdf2
                0x000018e4                __gedf2
                0x000018ec                __ltdf2
                0x000018ec                __ledf2
                0x000018f4                __cmpdf2
                0x000018f4                __eqdf2
                0x000018f4                __nedf2
                0x0000197c                __aeabi_cdrcmple
                0x00001998                __aeabi_cdcmple
                0x00001998                __aeabi_cdcmpeq
                0x000019b0                __aeabi_dcmpeq
                0x000019c8                __aeabi_dcmplt
                0x000019e0                __aeabi_dcmple
                0x000019f8                __aeabi_dcmpge
                0x00001a10                __aeabi_dcmpgt
 .text          0x00001a28       0xa0 /home/elijah/CodeSourcery/Sourcery_G++_Lite/bin/../lib/gcc/arm-none-eabi/4.5.2/libgcc.a(_arm_truncdfsf2.o)
                0x00001a28                __aeabi_d2f
                0x00001a28                __truncdfsf2
 .text          0x00001ac8      0x2ac /home/elijah/CodeSourcery/Sourcery_G++_Lite/bin/../lib/gcc/arm-none-eabi/4.5.2/libgcc.a(_arm_addsubsf3.o)
                0x00001ac8                __aeabi_frsub
                0x00001ad0                __subsf3
                0x00001ad0                __aeabi_fsub
                0x00001ad4                __aeabi_fadd
                0x00001ad4                __addsf3
                0x00001c90                __aeabi_ui2f
                0x00001c90                __floatunsisf
                0x00001c98                __aeabi_i2f
                0x00001c98                __floatsisf
                0x00001cb8                __floatundisf
                0x00001cb8                __aeabi_ul2f
                0x00001cc8                __floatdisf
                0x00001cc8                __aeabi_l2f
 .text          0x00001d74      0x2f8 /home/elijah/CodeSourcery/Sourcery_G++_Lite/bin/../lib/gcc/arm-none-eabi/4.5.2/libgcc.a(_arm_muldivsf3.o)
                0x00001d74                __mulsf3
                0x00001d74                __aeabi_fmul
                0x00001f0c                __divsf3
                0x00001f0c                __aeabi_fdiv
 .text          0x0000206c       0x5c /home/elijah/CodeSourcery/Sourcery_G++_Lite/bin/../lib/gcc/arm-none-eabi/4.5.2/libgcc.a(_arm_fixsfsi.o)
                0x0000206c                __fixsfsi
                0x0000206c                __aeabi_f2iz
 .text          0x000020c8       0x10 /home/elijah/CodeSourcery/Sourcery_G++_Lite/bin/../lib/gcc/arm-none-eabi/4.5.2/../../../../arm-none-eabi/lib/libc.a(lib_a-errno.o)
                0x000020c8                __errno
 .text          0x000020d8       0x20 /home/elijah/CodeSourcery/Sourcery_G++_Lite/bin/../lib/gcc/arm-none-eabi/4.5.2/../../../../arm-none-eabi/lib/libc.a(lib_a-gmtime.o)
                0x000020d8                gmtime
 .text          0x000020f8       0x14 /home/elijah/CodeSourcery/Sourcery_G++_Lite/bin/../lib/gcc/arm-none-eabi/4.5.2/../../../../arm-none-eabi/lib/libc.a(lib_a-gmtime_r.o)
                0x000020f8                gmtime_r
 .text          0x0000210c       0x80 /home/elijah/CodeSourcery/Sourcery_G++_Lite/bin/../lib/gcc/arm-none-eabi/4.5.2/../../../../arm-none-eabi/lib/libc.a(lib_a-init.o)
                0x0000210c                __libc_init_array
 .text          0x0000218c       0x40 /home/elijah/CodeSourcery/Sourcery_G++_Lite/bin/../lib/gcc/arm-none-eabi/4.5.2/../../../../arm-none-eabi/lib/libc.a(lib_a-malloc.o)
                0x0000218c                malloc
                0x000021ac                free
 .text          0x000021cc      0x70c /home/elijah/CodeSourcery/Sourcery_G++_Lite/bin/../lib/gcc/arm-none-eabi/4.5.2/../../../../arm-none-eabi/lib/libc.a(lib_a-mallocr.o)
                0x000021cc                _malloc_r
 .text          0x000028d8      0x1c0 /home/elijah/CodeSourcery/Sourcery_G++_Lite/bin/../lib/gcc/arm-none-eabi/4.5.2/../../../../arm-none-eabi/lib/libc.a(lib_a-memcpy.o)
                0x000028d8                memcpy
 .text          0x00002a98      0x100 /home/elijah/CodeSourcery/Sourcery_G++_Lite/bin/../lib/gcc/arm-none-eabi/4.5.2/../../../../arm-none-eabi/lib/libc.a(lib_a-memset.o)
                0x00002a98                memset
 .text          0x00002b98      0x75c /home/elijah/CodeSourcery/Sourcery_G++_Lite/bin/../lib/gcc/arm-none-eabi/4.5.2/../../../../arm-none-eabi/lib/libc.a(lib_a-mktm_r.o)
                0x00002b98                __tzcalc_limits
                0x00002de4                _mktm_r
 .text          0x000032f4        0x8 /home/elijah/CodeSourcery/Sourcery_G++_Lite/bin/../lib/gcc/arm-none-eabi/4.5.2/../../../../arm-none-eabi/lib/libc.a(lib_a-mlock.o)
                0x000032f4                __malloc_lock
                0x000032f8                __malloc_unlock
 .text          0x000032fc       0xdc /home/elijah/CodeSourcery/Sourcery_G++_Lite/bin/../lib/gcc/arm-none-eabi/4.5.2/../../../../arm-none-eabi/lib/libc.a(lib_a-sprintf.o)
                0x000032fc                _sprintf_r
                0x00003364                sprintf
 .text          0x000033d8       0x94 /home/elijah/CodeSourcery/Sourcery_G++_Lite/bin/../lib/gcc/arm-none-eabi/4.5.2/../../../../arm-none-eabi/lib/libc.a(lib_a-strcat.o)
                0x000033d8                strcat
 .text          0x0000346c      0x1e4 /home/elijah/CodeSourcery/Sourcery_G++_Lite/bin/../lib/gcc/arm-none-eabi/4.5.2/../../../../arm-none-eabi/lib/libc.a(lib_a-strchr.o)
                0x0000346c                strchr
 .text          0x00003650      0x230 /home/elijah/CodeSourcery/Sourcery_G++_Lite/bin/../lib/gcc/arm-none-eabi/4.5.2/../../../../arm-none-eabi/lib/libc.a(lib_a-strcmp.o)
                0x00003650                strcmp
 .text          0x00003880       0xf0 /home/elijah/CodeSourcery/Sourcery_G++_Lite/bin/../lib/gcc/arm-none-eabi/4.5.2/../../../../arm-none-eabi/lib/libc.a(lib_a-strcpy.o)
                0x00003880                strcpy
 .text          0x00003970       0x60 /home/elijah/CodeSourcery/Sourcery_G++_Lite/bin/../lib/gcc/arm-none-eabi/4.5.2/../../../../arm-none-eabi/lib/libc.a(lib_a-strlen.o)
                0x00003970                strlen
 .text          0x000039d0      0x158 /home/elijah/CodeSourcery/Sourcery_G++_Lite/bin/../lib/gcc/arm-none-eabi/4.5.2/../../../../arm-none-eabi/lib/libc.a(lib_a-strncmp.o)
                0x000039d0                strncmp
 .text          0x00003b28       0xe0 /home/elijah/CodeSourcery/Sourcery_G++_Lite/bin/../lib/gcc/arm-none-eabi/4.5.2/../../../../arm-none-eabi/lib/libc.a(lib_a-strncpy.o)
                0x00003b28                strncpy
 .text          0x00003c08       0x4c /home/elijah/CodeSourcery/Sourcery_G++_Lite/bin/../lib/gcc/arm-none-eabi/4.5.2/../../../../arm-none-eabi/lib/libc.a(lib_a-strrchr.o)
                0x00003c08                strrchr
 .text          0x00003c54     0x2138 /home/elijah/CodeSourcery/Sourcery_G++_Lite/bin/../lib/gcc/arm-none-eabi/4.5.2/../../../../arm-none-eabi/lib/libc.a(lib_a-svfprintf.o)
                0x00003c54                _svfprintf_r
 .text          0x00005d8c        0x8 /home/elijah/CodeSourcery/Sourcery_G++_Lite/bin/../lib/gcc/arm-none-eabi/4.5.2/../../../../arm-none-eabi/lib/libc.a(lib_a-tzlock.o)
                0x00005d8c                __tz_lock
                0x00005d90                __tz_unlock
 .text          0x00005d94       0xc8 /home/elijah/CodeSourcery/Sourcery_G++_Lite/bin/../lib/gcc/arm-none-eabi/4.5.2/../../../../arm-none-eabi/lib/libc.a(lib_a-vsnprintf.o)
                0x00005d94                _vsnprintf_r
                0x00005e18                vsnprintf
 *fill*         0x00005e5c        0x4 00
 .text          0x00005e60     0x17d0 /home/elijah/CodeSourcery/Sourcery_G++_Lite/bin/../lib/gcc/arm-none-eabi/4.5.2/../../../../arm-none-eabi/lib/libc.a(lib_a-dtoa.o)
                0x00006030                _dtoa_r
 .text          0x00007630      0x360 /home/elijah/CodeSourcery/Sourcery_G++_Lite/bin/../lib/gcc/arm-none-eabi/4.5.2/../../../../arm-none-eabi/lib/libc.a(lib_a-freer.o)
                0x00007630                _malloc_trim_r
                0x0000772c                _free_r
 .text          0x00007990        0xc /home/elijah/CodeSourcery/Sourcery_G++_Lite/bin/../lib/gcc/arm-none-eabi/4.5.2/../../../../arm-none-eabi/lib/libc.a(lib_a-gettzinfo.o)
                0x00007990                __gettzinfo
 .text          0x0000799c       0xd0 /home/elijah/CodeSourcery/Sourcery_G++_Lite/bin/../lib/gcc/arm-none-eabi/4.5.2/../../../../arm-none-eabi/lib/libc.a(lib_a-locale.o)
                0x0000799c                _setlocale_r
                0x00007a08                __locale_charset
                0x00007a14                __locale_mb_cur_max
                0x00007a24                __locale_msgcharset
                0x00007a30                __locale_cjk_lang
                0x00007a38                _localeconv_r
                0x00007a44                setlocale
                0x00007a60                localeconv
 .text          0x00007a6c      0x104 /home/elijah/CodeSourcery/Sourcery_G++_Lite/bin/../lib/gcc/arm-none-eabi/4.5.2/../../../../arm-none-eabi/lib/libc.a(lib_a-memchr.o)
                0x00007a6c                memchr
 .text          0x00007b70      0xcfc /home/elijah/CodeSourcery/Sourcery_G++_Lite/bin/../lib/gcc/arm-none-eabi/4.5.2/../../../../arm-none-eabi/lib/libc.a(lib_a-mprec.o)
                0x00007b70                _Balloc
                0x00007bf8                _Bfree
                0x00007c14                __multadd
                0x00007cf0                __s2b
                0x00007ddc                __hi0bits
                0x00007e2c                __lo0bits
                0x00007ebc                __i2b
                0x00007ee0                __multiply
                0x000080c8                __pow5mult
                0x000081bc                __lshift
                0x000082c0                __mcmp
                0x00008320                __mdiff
                0x00008478                __ulp
                0x000084d8                __b2d
                0x0000859c                __d2b
                0x000086a4                __ratio
                0x0000871c                _mprec_log10
                0x00008770                __copybits
                0x000087e4                __any_on
 .text          0x0000886c     0x1238 /home/elijah/CodeSourcery/Sourcery_G++_Lite/bin/../lib/gcc/arm-none-eabi/4.5.2/../../../../arm-none-eabi/lib/libc.a(lib_a-svfiprintf.o)
                0x0000886c                __ssprint_r
                0x00008a08                _svfiprintf_r
 .text          0x00009aa4       0x9c /home/elijah/CodeSourcery/Sourcery_G++_Lite/bin/../lib/gcc/arm-none-eabi/4.5.2/../../../../arm-none-eabi/lib/libc.a(lib_a-callocr.o)
                0x00009aa4                _calloc_r
 .text          0x00009b40      0x128 /home/elijah/CodeSourcery/Sourcery_G++_Lite/bin/../lib/gcc/arm-none-eabi/4.5.2/../../../../arm-none-eabi/lib/libc.a(lib_a-memmove.o)
                0x00009b40                memmove
 .text          0x00009c68      0x5c0 /home/elijah/CodeSourcery/Sourcery_G++_Lite/bin/../lib/gcc/arm-none-eabi/4.5.2/../../../../arm-none-eabi/lib/libc.a(lib_a-reallocr.o)
                0x00009c68                _realloc_r
 .text          0x0000a228       0x5c /home/elijah/CodeSourcery/Sourcery_G++_Lite/bin/../lib/gcc/arm-none-eabi/4.5.2/libgcc.a(_arm_fixdfsi.o)
                0x0000a228                __fixdfsi
                0x0000a228                __aeabi_d2iz
 .text          0x0000a284       0x3c /home/elijah/CodeSourcery/Sourcery_G++_Lite/bin/../lib/gcc/arm-none-eabi/4.5.2/libgcc.a(_aeabi_uldivmod.o)
                0x0000a284                __aeabi_uldivmod
 .text          0x0000a2c0       0x80 /home/elijah/CodeSourcery/Sourcery_G++_Lite/bin/../lib/gcc/arm-none-eabi/4.5.2/libgcc.a(bpabi.o)
                0x0000a2c0                __gnu_ldivmod_helper
                0x0000a300                __gnu_uldivmod_helper
 .text          0x0000a340      0x4a8 /home/elijah/CodeSourcery/Sourcery_G++_Lite/bin/../lib/gcc/arm-none-eabi/4.5.2/libgcc.a(_divdi3.o)
                0x0000a340                __divdi3
 .text          0x0000a7e8      0x434 /home/elijah/CodeSourcery/Sourcery_G++_Lite/bin/../lib/gcc/arm-none-eabi/4.5.2/libgcc.a(_udivdi3.o)
                0x0000a7e8                __udivdi3
 .text          0x0000ac1c       0x48 /home/elijah/CodeSourcery/Sourcery_G++_Lite/bin/../lib/gcc/arm-none-eabi/4.5.2/libgcc.a(_clzsi2.o)
                0x0000ac1c                __clzsi2
 *(.rodata)
 .rodata        0x0000ac64      0x15c AFSK.o
 .rodata        0x0000adc0      0x278 Engineering.o
 .rodata        0x0000b038      0x2d0 APRSBeacon.o
                0x0000b190                _ZTV6M25P80
                0x0000b1a8                _ZTV9GPSLassen
                0x0000b1c0                _ZTV7CMX867A
 .rodata        0x0000b308      0x158 Log.o
 .rodata        0x0000b460      0x250 rootdir.o
 .rodata        0x0000b6b0      0x16c fat16.o
 .rodata        0x0000b81c      0x19c sd_raw.o
 .rodata        0x0000b9b8      0x200 ../arm/arm7lib/libarm7lib.a(CRC16.o)
                0x0000b9b8                _ZN5CRC168CRCTableE
 .rodata        0x0000bbb8       0x40 /home/elijah/CodeSourcery/Sourcery_G++_Lite/bin/../lib/gcc/arm-none-eabi/4.5.2/../../../../arm-none-eabi/lib/libm.a(lib_a-s_atan.o)
 .rodata        0x0000bbf8       0x68 /home/elijah/CodeSourcery/Sourcery_G++_Lite/bin/../lib/gcc/arm-none-eabi/4.5.2/../../../../arm-none-eabi/lib/libc.a(lib_a-mktm_r.o)
 .rodata        0x0000bc60       0x20 /home/elijah/CodeSourcery/Sourcery_G++_Lite/bin/../lib/gcc/arm-none-eabi/4.5.2/../../../../arm-none-eabi/lib/libc.a(lib_a-svfprintf.o)
 .rodata        0x0000bc80      0x128 /home/elijah/CodeSourcery/Sourcery_G++_Lite/bin/../lib/gcc/arm-none-eabi/4.5.2/../../../../arm-none-eabi/lib/libc.a(lib_a-mprec.o)
                0x0000bc90                __mprec_tens
                0x0000bd58                __mprec_bigtens
                0x0000bd80                __mprec_tinytens
 .rodata        0x0000bda8       0x20 /home/elijah/CodeSourcery/Sourcery_G++_Lite/bin/../lib/gcc/arm-none-eabi/4.5.2/../../../../arm-none-eabi/lib/libc.a(lib_a-svfiprintf.o)
 *(.rodata*)
 .rodata.str1.4
                0x0000bdc8        0x3 ../arm/arm7lib/libarm7lib.a(UART0.o)
                                  0x4 (size before relaxing)
 *fill*         0x0000bdcb        0x1 00
 .rodata.str1.4
                0x0000bdcc       0x36 ../arm/arm7lib/libarm7lib.a(GPSLassen.o)
                                 0x38 (size before relaxing)
 *fill*         0x0000be02        0x2 00
 .rodata.str1.4
                0x0000be04       0xb1 ../arm/arm7lib/libarm7lib.a(NMEA.o)
                                 0xb4 (size before relaxing)
 *fill*         0x0000beb5        0x3 00
 .rodata.str1.4
                0x0000beb8        0x5 /home/elijah/CodeSourcery/Sourcery_G++_Lite/bin/../lib/gcc/arm-none-eabi/4.5.2/../../../../arm-none-eabi/lib/libm.a(lib_a-w_sqrt.o)
                                  0x8 (size before relaxing)
 *fill*         0x0000bebd        0x3 00
 .rodata.str1.4
                0x0000bec0        0x2 /home/elijah/CodeSourcery/Sourcery_G++_Lite/bin/../lib/gcc/arm-none-eabi/4.5.2/../../../../arm-none-eabi/lib/libc.a(lib_a-impure.o)
                                  0x4 (size before relaxing)
 *fill*         0x0000bec2        0x2 00
 .rodata.str1.4
                0x0000bec4       0x42 /home/elijah/CodeSourcery/Sourcery_G++_Lite/bin/../lib/gcc/arm-none-eabi/4.5.2/../../../../arm-none-eabi/lib/libc.a(lib_a-svfprintf.o)
                                 0x44 (size before relaxing)
 *fill*         0x0000bf06        0x2 00
 .rodata.str1.4
                0x0000bf08       0x10 /home/elijah/CodeSourcery/Sourcery_G++_Lite/bin/../lib/gcc/arm-none-eabi/4.5.2/../../../../arm-none-eabi/lib/libc.a(lib_a-dtoa.o)
                                 0x14 (size before relaxing)
 .rodata.str1.4
                0x0000bf18        0xc /home/elijah/CodeSourcery/Sourcery_G++_Lite/bin/../lib/gcc/arm-none-eabi/4.5.2/../../../../arm-none-eabi/lib/libc.a(lib_a-locale.o)
                                 0x14 (size before relaxing)
 .rodata.str1.4
                0x00000000       0x30 /home/elijah/CodeSourcery/Sourcery_G++_Lite/bin/../lib/gcc/arm-none-eabi/4.5.2/../../../../arm-none-eabi/lib/libc.a(lib_a-svfiprintf.o)
 *(.glue_7)
 .glue_7        0x00000000        0x0 linker stubs
 *(.glue_7t)
 .glue_7t       0x00000000        0x0 linker stubs
                0x0000bf24                . = ALIGN (0x4)
 *(.init)
 .init          0x0000bf24        0xc /home/elijah/CodeSourcery/Sourcery_G++_Lite/bin/../lib/gcc/arm-none-eabi/4.5.2/crti.o
                0x0000bf24                _init
 .init          0x0000bf30        0xc /home/elijah/CodeSourcery/Sourcery_G++_Lite/bin/../lib/gcc/arm-none-eabi/4.5.2/crtn.o
                0x0000bf3c                . = ALIGN (0x4)
                0x0000bf3c                __preinit_array_start = .
 *(.preinit_array)
                0x0000bf3c                __preinit_array_end = .
                0x0000bf3c                . = ALIGN (0x4)
                0x0000bf3c                __init_array_start = .
 *(SORT(.init_array.*))
 *(.init_array)
 .init_array    0x0000bf3c        0x4 /home/elijah/CodeSourcery/Sourcery_G++_Lite/bin/../lib/gcc/arm-none-eabi/4.5.2/crtbegin.o
 .init_array    0x0000bf40        0x4 AFSK.o
 .init_array    0x0000bf44        0x4 Engineering.o
 .init_array    0x0000bf48        0x4 APRSBeacon.o
 .init_array    0x0000bf4c        0x4 Log.o
 .init_array    0x0000bf50        0x4 ../arm/arm7lib/libarm7lib.a(DAC.o)
 .init_array    0x0000bf54        0x4 ../arm/arm7lib/libarm7lib.a(SystemControl.o)
 .init_array    0x0000bf58        0x4 ../arm/arm7lib/libarm7lib.a(Timer0.o)
 .init_array    0x0000bf5c        0x4 ../arm/arm7lib/libarm7lib.a(Timer1.o)
 .init_array    0x0000bf60        0x4 ../arm/arm7lib/libarm7lib.a(UART0.o)
 .init_array    0x0000bf64        0x4 ../arm/arm7lib/libarm7lib.a(UART1.o)
 .init_array    0x0000bf68        0x4 ../arm/arm7lib/libarm7lib.a(CMX867A.o)
 .init_array    0x0000bf6c        0x4 ../arm/arm7lib/libarm7lib.a(GPSLassen.o)
 .init_array    0x0000bf70        0x4 ../arm/arm7lib/libarm7lib.a(M25P80.o)
 .init_array    0x0000bf74        0x4 ../arm/arm7lib/libarm7lib.a(RTC.o)
                0x0000bf78                __init_array_end = .
                0x0000bf78                . = ALIGN (0x4)
 *crtbegin.o(.ctors)
 *(EXCLUDE_FILE(*crtend.o) .ctors)
 *(SORT(.ctors.*))
 *crtend.o(.ctors)
                0x0000bf78                . = ALIGN (0x4)
 *(.fini)
 .fini          0x0000bf78        0xc /home/elijah/CodeSourcery/Sourcery_G++_Lite/bin/../lib/gcc/arm-none-eabi/4.5.2/crti.o
                0x0000bf78                _fini
 .fini          0x0000bf84        0xc /home/elijah/CodeSourcery/Sourcery_G++_Lite/bin/../lib/gcc/arm-none-eabi/4.5.2/crtn.o
                0x0000bf90                . = ALIGN (0x4)
                0x0000bf90                __fini_array_start = .
 *(.fini_array)
 .fini_array    0x0000bf90        0x4 /home/elijah/CodeSourcery/Sourcery_G++_Lite/bin/../lib/gcc/arm-none-eabi/4.5.2/crtbegin.o
 *(SORT(.fini_array.*))
                0x0000bf94                __fini_array_end = .
 *crtbegin.o(.dtors)
 *(EXCLUDE_FILE(*crtend.o) .dtors)
 *(SORT(.dtors.*))
 *crtend.o(.dtors)

.vfp11_veneer   0x0000bf94        0x0
 .vfp11_veneer  0x00000000        0x0 linker stubs

.v4_bx          0x0000bf94        0x0
 .v4_bx         0x00000000        0x0 linker stubs

.text._sbrk_r   0x0000bf94       0x64
 .text._sbrk_r  0x0000bf94       0x64 CRunTime.o
                0x0000bf94                _sbrk_r

.text._ZN4AFSK11GetInstanceEv
                0x0000bff8       0x10
 .text._ZN4AFSK11GetInstanceEv
                0x0000bff8       0x10 AFSK.o
                0x0000bff8                _ZN4AFSK11GetInstanceEv

.text._ZN4AFSKC2Ev
                0x0000c008       0xbc
 .text._ZN4AFSKC2Ev
                0x0000c008       0xbc AFSK.o
                0x0000c008                _ZN4AFSKC1Ev
                0x0000c008                _ZN4AFSKC2Ev

.text._ZN4AFSK8TransmitEPKcS1_
                0x0000c0c4       0xb0
 .text._ZN4AFSK8TransmitEPKcS1_
                0x0000c0c4       0xb0 AFSK.o
                0x0000c0c4                _ZN4AFSK8TransmitEPKcS1_

.text._ZN4AFSK6UpdateEv
                0x0000c174      0x100
 .text._ZN4AFSK6UpdateEv
                0x0000c174      0x100 AFSK.o
                0x0000c174                _ZN4AFSK6UpdateEv

.text._ZN4AFSK10IsTransmitEv
                0x0000c274       0x1c
 .text._ZN4AFSK10IsTransmitEv
                0x0000c274       0x1c AFSK.o
                0x0000c274                _ZN4AFSK10IsTransmitEv

.text._Z41__static_initialization_and_destruction_0ii
                0x0000c290      0x120
 .text._Z41__static_initialization_and_destruction_0ii
                0x0000c290       0x48 AFSK.o
 .text._Z41__static_initialization_and_destruction_0ii
                0x0000c2d8       0x48 Engineering.o
 .text._Z41__static_initialization_and_destruction_0ii
                0x0000c320       0x48 APRSBeacon.o
 .text._Z41__static_initialization_and_destruction_0ii
                0x0000c368       0x48 Log.o

.text._GLOBAL__I__ZN4AFSK11GetInstanceEv
                0x0000c3b0       0x1c
 .text._GLOBAL__I__ZN4AFSK11GetInstanceEv
                0x0000c3b0       0x1c AFSK.o

.text.main      0x0000c3cc       0x34
 .text.main     0x0000c3cc       0x34 main.o
                0x0000c3cc                main

.text._ZN11Engineering11GetInstanceEv
                0x0000c400       0x10
 .text._ZN11Engineering11GetInstanceEv
                0x0000c400       0x10 Engineering.o
                0x0000c400                _ZN11Engineering11GetInstanceEv

.text._ZN11EngineeringC2Ev
                0x0000c410       0x3c
 .text._ZN11EngineeringC2Ev
                0x0000c410       0x3c Engineering.o
                0x0000c410                _ZN11EngineeringC1Ev
                0x0000c410                _ZN11EngineeringC2Ev

.text._ZN11Engineering6EnableEv
                0x0000c44c       0x38
 .text._ZN11Engineering6EnableEv
                0x0000c44c       0x38 Engineering.o
                0x0000c44c                _ZN11Engineering6EnableEv

.text._ZN11Engineering4MenuEv
                0x0000c484       0xd8
 .text._ZN11Engineering4MenuEv
                0x0000c484       0xd8 Engineering.o
                0x0000c484                _ZN11Engineering4MenuEv

.text._ZN11Engineering18MICEncoderTestCaseEP7GPSDatam
                0x0000c55c      0x27c
 .text._ZN11Engineering18MICEncoderTestCaseEP7GPSDatam
                0x0000c55c      0x27c Engineering.o
                0x0000c55c                _ZN11Engineering18MICEncoderTestCaseEP7GPSDatam

.text._ZN11Engineering14ProcessCommandEv
                0x0000c7d8      0x610
 .text._ZN11Engineering14ProcessCommandEv
                0x0000c7d8      0x610 Engineering.o
                0x0000c7d8                _ZN11Engineering14ProcessCommandEv

.text._GLOBAL__I__ZN11Engineering11GetInstanceEv
                0x0000cde8       0x1c
 .text._GLOBAL__I__ZN11Engineering11GetInstanceEv
                0x0000cde8       0x1c Engineering.o

.text._ZN9GPSLassen7HasDataEv
                0x0000ce04       0x30
 .text._ZN9GPSLassen7HasDataEv
                0x0000ce04       0x30 APRSBeacon.o
                0x0000ce04                _ZN9GPSLassen7HasDataEv

.text._ZN9GPSLassen8ReadDataEv
                0x0000ce34       0x30
 .text._ZN9GPSLassen8ReadDataEv
                0x0000ce34       0x30 APRSBeacon.o
                0x0000ce34                _ZN9GPSLassen8ReadDataEv

.text._ZN9GPSLassen9WriteDataEh
                0x0000ce64       0x38
 .text._ZN9GPSLassen9WriteDataEh
                0x0000ce64       0x38 APRSBeacon.o
                0x0000ce64                _ZN9GPSLassen9WriteDataEh

.text._ZN6M25P807IOSetCSEb
                0x0000ce9c       0x38
 .text._ZN6M25P807IOSetCSEb
                0x0000ce9c       0x38 APRSBeacon.o
                0x0000ce9c                _ZN6M25P807IOSetCSEb

.text._ZN6M25P807SPIReadEv
                0x0000ced4       0x34
 .text._ZN6M25P807SPIReadEv
                0x0000ced4       0x34 APRSBeacon.o
                0x0000ced4                _ZN6M25P807SPIReadEv

.text._ZN6M25P808SPIWriteEh
                0x0000cf08       0x38
 .text._ZN6M25P808SPIWriteEh
                0x0000cf08       0x38 APRSBeacon.o
                0x0000cf08                _ZN6M25P808SPIWriteEh

.text._ZN7CMX867A7IOSetCSEb
                0x0000cf40       0x38
 .text._ZN7CMX867A7IOSetCSEb
                0x0000cf40       0x38 APRSBeacon.o
                0x0000cf40                _ZN7CMX867A7IOSetCSEb

.text._ZN7CMX867A7SPIReadEv
                0x0000cf78       0x30
 .text._ZN7CMX867A7SPIReadEv
                0x0000cf78       0x30 APRSBeacon.o
                0x0000cf78                _ZN7CMX867A7SPIReadEv

.text._ZN7CMX867A8SPIWriteEh
                0x0000cfa8       0x38
 .text._ZN7CMX867A8SPIWriteEh
                0x0000cfa8       0x38 APRSBeacon.o
                0x0000cfa8                _ZN7CMX867A8SPIWriteEh

.text._ZN10APRSBeaconC2Ev
                0x0000cfe0       0x54
 .text._ZN10APRSBeaconC2Ev
                0x0000cfe0       0x54 APRSBeacon.o
                0x0000cfe0                _ZN10APRSBeaconC1Ev
                0x0000cfe0                _ZN10APRSBeaconC2Ev

.text._ZN10APRSBeacon12StatusPacketEPK7GPSDataPc
                0x0000d034      0x26c
 .text._ZN10APRSBeacon12StatusPacketEPK7GPSDataPc
                0x0000d034      0x26c APRSBeacon.o
                0x0000d034                _ZN10APRSBeacon12StatusPacketEPK7GPSDataPc

.text._ZN10APRSBeacon15ScheduleMessageEv
                0x0000d2a0      0x4e8
 .text._ZN10APRSBeacon15ScheduleMessageEv
                0x0000d2a0      0x4e8 APRSBeacon.o
                0x0000d2a0                _ZN10APRSBeacon15ScheduleMessageEv

.text._ZN10APRSBeacon14fat_initializeEv
                0x0000d788       0xa4
 .text._ZN10APRSBeacon14fat_initializeEv
                0x0000d788       0xa4 APRSBeacon.o
                0x0000d788                _ZN10APRSBeacon14fat_initializeEv

.text._ZN10APRSBeacon3RunEv
                0x0000d82c      0x24c
 .text._ZN10APRSBeacon3RunEv
                0x0000d82c      0x24c APRSBeacon.o
                0x0000d82c                _ZN10APRSBeacon3RunEv

.text._GLOBAL__I__ZN9GPSLassen7HasDataEv
                0x0000da78       0x1c
 .text._GLOBAL__I__ZN9GPSLassen7HasDataEv
                0x0000da78       0x1c APRSBeacon.o

.text._ZN7IOPorts6EnableEv
                0x0000da94       0x74
 .text._ZN7IOPorts6EnableEv
                0x0000da94       0x74 IOPorts.o
                0x0000da94                _ZN7IOPorts6EnableEv

.text._ZN7IOPorts10RadioPowerEb
                0x0000db08       0x44
 .text._ZN7IOPorts10RadioPowerEb
                0x0000db08       0x44 IOPorts.o
                0x0000db08                _ZN7IOPorts10RadioPowerEb

.text._ZN7IOPorts8RadioPTTEb
                0x0000db4c       0x44
 .text._ZN7IOPorts8RadioPTTEb
                0x0000db4c       0x44 IOPorts.o
                0x0000db4c                _ZN7IOPorts8RadioPTTEb

.text._ZN7IOPorts9RadioFreqEb
                0x0000db90       0x44
 .text._ZN7IOPorts9RadioFreqEb
                0x0000db90       0x44 IOPorts.o
                0x0000db90                _ZN7IOPorts9RadioFreqEb

.text._ZN7IOPorts9StatusLEDENS_10STATUS_LEDEb
                0x0000dbd4       0xdc
 .text._ZN7IOPorts9StatusLEDENS_10STATUS_LEDEb
                0x0000dbd4       0xdc IOPorts.o
                0x0000dbd4                _ZN7IOPorts9StatusLEDENS_10STATUS_LEDEb

.text._ZN3Log11GetInstanceEv
                0x0000dcb0       0x10
 .text._ZN3Log11GetInstanceEv
                0x0000dcb0       0x10 Log.o
                0x0000dcb0                _ZN3Log11GetInstanceEv

.text._ZN3LogC2Ev
                0x0000dcc0       0x3c
 .text._ZN3LogC2Ev
                0x0000dcc0       0x3c Log.o
                0x0000dcc0                _ZN3LogC1Ev
                0x0000dcc0                _ZN3LogC2Ev

.text._ZN3Log6GPSFixEPK7GPSData
                0x0000dcfc      0x114
 .text._ZN3Log6GPSFixEPK7GPSData
                0x0000dcfc      0x114 Log.o
                0x0000dcfc                _ZN3Log6GPSFixEPK7GPSData

.text._ZN3Log9TimeStampEPK7GPSData
                0x0000de10       0xa4
 .text._ZN3Log9TimeStampEPK7GPSData
                0x0000de10       0xa4 Log.o
                0x0000de10                _ZN3Log9TimeStampEPK7GPSData

.text._ZN3Log10WriteUint8Eh
                0x0000deb4       0x44
 .text._ZN3Log10WriteUint8Eh
                0x0000deb4       0x44 Log.o
                0x0000deb4                _ZN3Log10WriteUint8Eh

.text._ZN3Log11WriteUint16Et
                0x0000def8       0x84
 .text._ZN3Log11WriteUint16Et
                0x0000def8       0x84 Log.o
                0x0000def8                _ZN3Log11WriteUint16Et

.text._ZN3Log10WriteBlockEPKhm
                0x0000df7c       0x88
 .text._ZN3Log10WriteBlockEPKhm
                0x0000df7c       0x88 Log.o
                0x0000df7c                _ZN3Log10WriteBlockEPKhm

.text._ZN3Log4DumpEv
                0x0000e004      0x1c0
 .text._ZN3Log4DumpEv
                0x0000e004      0x1c0 Log.o
                0x0000e004                _ZN3Log4DumpEv

.text._ZN3Log5FlushEv
                0x0000e1c4       0x74
 .text._ZN3Log5FlushEv
                0x0000e1c4       0x74 Log.o
                0x0000e1c4                _ZN3Log5FlushEv

.text._ZN3Log4TypeENS_15LOG_RECORD_TYPEE
                0x0000e238       0x60
 .text._ZN3Log4TypeENS_15LOG_RECORD_TYPEE
                0x0000e238       0x60 Log.o
                0x0000e238                _ZN3Log4TypeENS_15LOG_RECORD_TYPEE

.text._ZN3Log5EraseEv
                0x0000e298       0x34
 .text._ZN3Log5EraseEv
                0x0000e298       0x34 Log.o
                0x0000e298                _ZN3Log5EraseEv

.text._GLOBAL__I__ZN3Log11GetInstanceEv
                0x0000e2cc       0x1c
 .text._GLOBAL__I__ZN3Log11GetInstanceEv
                0x0000e2cc       0x1c Log.o

.text._ZN5FAT168openrootEv
                0x0000e2e8      0x20c
 .text._ZN5FAT168openrootEv
                0x0000e2e8      0x20c rootdir.o
                0x0000e2e8                _ZN5FAT168openrootEv

.text._ZN5FAT1613root_open_newEPc
                0x0000e4f4       0x8c
 .text._ZN5FAT1613root_open_newEPc
                0x0000e4f4       0x8c rootdir.o
                0x0000e4f4                _ZN5FAT1613root_open_newEPc

.text._ZN5FAT1611GetInstanceEv
                0x0000e580       0x10
 .text._ZN5FAT1611GetInstanceEv
                0x0000e580       0x10 fat16.o
                0x0000e580                _ZN5FAT1611GetInstanceEv

.text._ZN5FAT1610fat16_openEPNS_16partition_structE
                0x0000e590       0xfc
 .text._ZN5FAT1610fat16_openEPNS_16partition_structE
                0x0000e590       0xfc fat16.o
                0x0000e590                _ZN5FAT1610fat16_openEPNS_16partition_structE

.text._ZN5FAT1617fat16_read_headerEPNS_15fat16_fs_structE
                0x0000e68c      0x3e4
 .text._ZN5FAT1617fat16_read_headerEPNS_15fat16_fs_structE
                0x0000e68c      0x3e4 fat16.o
                0x0000e68c                _ZN5FAT1617fat16_read_headerEPNS_15fat16_fs_structE

.text._ZN5FAT1625fat16_read_root_dir_entryEPKNS_15fat16_fs_structEtPNS_22fat16_dir_entry_structE
                0x0000ea70      0x284
 .text._ZN5FAT1625fat16_read_root_dir_entryEPKNS_15fat16_fs_structEtPNS_22fat16_dir_entry_structE
                0x0000ea70      0x284 fat16.o
                0x0000ea70                _ZN5FAT1625fat16_read_root_dir_entryEPKNS_15fat16_fs_structEtPNS_22fat16_dir_entry_structE

.text._ZN5FAT1624fat16_read_sub_dir_entryEPKNS_15fat16_fs_structEtPKNS_22fat16_dir_entry_structEPS3_
                0x0000ecf4      0x328
 .text._ZN5FAT1624fat16_read_sub_dir_entryEPKNS_15fat16_fs_structEtPKNS_22fat16_dir_entry_structEPS3_
                0x0000ecf4      0x328 fat16.o
                0x0000ecf4                _ZN5FAT1624fat16_read_sub_dir_entryEPKNS_15fat16_fs_structEtPKNS_22fat16_dir_entry_structEPS3_

.text._ZN5FAT1629fat16_dir_entry_seek_callbackEPhmPv
                0x0000f01c       0xf0
 .text._ZN5FAT1629fat16_dir_entry_seek_callbackEPhmPv
                0x0000f01c       0xf0 fat16.o
                0x0000f01c                _ZN5FAT1629fat16_dir_entry_seek_callbackEPhmPv

.text._ZN5FAT1629fat16_dir_entry_read_callbackEPhmPv
                0x0000f10c       0xbc
 .text._ZN5FAT1629fat16_dir_entry_read_callbackEPhmPv
                0x0000f10c       0xbc fat16.o
                0x0000f10c                _ZN5FAT1629fat16_dir_entry_read_callbackEPhmPv

.text._ZN5FAT1625fat16_interpret_dir_entryEPNS_22fat16_dir_entry_structEPKh
                0x0000f1c8      0x448
 .text._ZN5FAT1625fat16_interpret_dir_entryEPNS_22fat16_dir_entry_structEPKh
                0x0000f1c8      0x448 fat16.o
                0x0000f1c8                _ZN5FAT1625fat16_interpret_dir_entryEPNS_22fat16_dir_entry_structEPKh

.text._ZN5FAT1627fat16_get_dir_entry_of_pathEPNS_15fat16_fs_structEPKcPNS_22fat16_dir_entry_structE
                0x0000f610      0x214
 .text._ZN5FAT1627fat16_get_dir_entry_of_pathEPNS_15fat16_fs_structEPKcPNS_22fat16_dir_entry_structE
                0x0000f610      0x214 fat16.o
                0x0000f610                _ZN5FAT1627fat16_get_dir_entry_of_pathEPNS_15fat16_fs_structEPKcPNS_22fat16_dir_entry_structE

.text._ZN5FAT1622fat16_get_next_clusterEPKNS_15fat16_fs_structEt
                0x0000f824      0x1a0
 .text._ZN5FAT1622fat16_get_next_clusterEPKNS_15fat16_fs_structEt
                0x0000f824      0x1a0 fat16.o
                0x0000f824                _ZN5FAT1622fat16_get_next_clusterEPKNS_15fat16_fs_structEt

.text._ZN5FAT1621fat16_append_clustersEPKNS_15fat16_fs_structEtt
                0x0000f9c4      0x3b0
 .text._ZN5FAT1621fat16_append_clustersEPKNS_15fat16_fs_structEtt
                0x0000f9c4      0x3b0 fat16.o
                0x0000f9c4                _ZN5FAT1621fat16_append_clustersEPKNS_15fat16_fs_structEtt

.text._ZN5FAT1619fat16_free_clustersEPKNS_15fat16_fs_structEt
                0x0000fd74      0x29c
 .text._ZN5FAT1619fat16_free_clustersEPKNS_15fat16_fs_structEt
                0x0000fd74      0x29c fat16.o
                0x0000fd74                _ZN5FAT1619fat16_free_clustersEPKNS_15fat16_fs_structEt

.text._ZN5FAT1615fat16_open_fileEPNS_15fat16_fs_structEPKNS_22fat16_dir_entry_structE
                0x00010010       0xc0
 .text._ZN5FAT1615fat16_open_fileEPNS_15fat16_fs_structEPKNS_22fat16_dir_entry_structE
                0x00010010       0xc0 fat16.o
                0x00010010                _ZN5FAT1615fat16_open_fileEPNS_15fat16_fs_structEPKNS_22fat16_dir_entry_structE

.text._ZN5FAT1616fat16_write_fileEPNS_17fat16_file_structEPKht
                0x000100d0      0x4f4
 .text._ZN5FAT1616fat16_write_fileEPNS_17fat16_file_structEPKht
                0x000100d0      0x4f4 fat16.o
                0x000100d0                _ZN5FAT1616fat16_write_fileEPNS_17fat16_file_structEPKht

.text._ZN5FAT1614fat16_open_dirEPNS_15fat16_fs_structEPKNS_22fat16_dir_entry_structE
                0x000105c4       0xb0
 .text._ZN5FAT1614fat16_open_dirEPNS_15fat16_fs_structEPKNS_22fat16_dir_entry_structE
                0x000105c4       0xb0 fat16.o
                0x000105c4                _ZN5FAT1614fat16_open_dirEPNS_15fat16_fs_structEPKNS_22fat16_dir_entry_structE

.text._ZN5FAT1615fat16_close_dirEPNS_16fat16_dir_structE
                0x00010674       0x30
 .text._ZN5FAT1615fat16_close_dirEPNS_16fat16_dir_structE
                0x00010674       0x30 fat16.o
                0x00010674                _ZN5FAT1615fat16_close_dirEPNS_16fat16_dir_structE

.text._ZN5FAT1614fat16_read_dirEPNS_16fat16_dir_structEPNS_22fat16_dir_entry_structE
                0x000106a4      0x130
 .text._ZN5FAT1614fat16_read_dirEPNS_16fat16_dir_structEPNS_22fat16_dir_entry_structE
                0x000106a4      0x130 fat16.o
                0x000106a4                _ZN5FAT1614fat16_read_dirEPNS_16fat16_dir_structEPNS_22fat16_dir_entry_structE

.text._ZN5FAT1615fat16_reset_dirEPNS_16fat16_dir_structE
                0x000107d4       0x3c
 .text._ZN5FAT1615fat16_reset_dirEPNS_16fat16_dir_structE
                0x000107d4       0x3c fat16.o
                0x000107d4                _ZN5FAT1615fat16_reset_dirEPNS_16fat16_dir_structE

.text._ZN5FAT1621fat16_write_dir_entryEPKNS_15fat16_fs_structEPKNS_22fat16_dir_entry_structE
                0x00010810      0x604
 .text._ZN5FAT1621fat16_write_dir_entryEPKNS_15fat16_fs_structEPKNS_22fat16_dir_entry_structE
                0x00010810      0x604 fat16.o
                0x00010810                _ZN5FAT1621fat16_write_dir_entryEPKNS_15fat16_fs_structEPKNS_22fat16_dir_entry_structE

.text._ZN5FAT1617fat16_create_fileEPNS_16fat16_dir_structEPKcPNS_22fat16_dir_entry_structE
                0x00010e14      0x3d8
 .text._ZN5FAT1617fat16_create_fileEPNS_16fat16_dir_structEPKcPNS_22fat16_dir_entry_structE
                0x00010e14      0x3d8 fat16.o
                0x00010e14                _ZN5FAT1617fat16_create_fileEPNS_16fat16_dir_structEPKcPNS_22fat16_dir_entry_structE

.text._ZN5FAT1616find_file_in_dirEPNS_15fat16_fs_structEPNS_16fat16_dir_structEPKcPNS_22fat16_dir_entry_structE
                0x000111ec       0x8c
 .text._ZN5FAT1616find_file_in_dirEPNS_15fat16_fs_structEPNS_16fat16_dir_structEPKcPNS_22fat16_dir_entry_structE
                0x000111ec       0x8c fat16.o
                0x000111ec                _ZN5FAT1616find_file_in_dirEPNS_15fat16_fs_structEPNS_16fat16_dir_structEPKcPNS_22fat16_dir_entry_structE

.text._ZN5FAT1616open_file_in_dirEPNS_15fat16_fs_structEPNS_16fat16_dir_structEPKc
                0x00011278       0x80
 .text._ZN5FAT1616open_file_in_dirEPNS_15fat16_fs_structEPNS_16fat16_dir_structEPKc
                0x00011278       0x80 fat16.o
                0x00011278                _ZN5FAT1616open_file_in_dirEPNS_15fat16_fs_structEPNS_16fat16_dir_structEPKc

.text._ZN5FAT1614partition_openEMS_FhmPhtEMS_FhmS0_ttMS_FhS0_mPvES3_EMS_FhmPKhtEa
                0x000112f8      0x248
 .text._ZN5FAT1614partition_openEMS_FhmPhtEMS_FhmS0_ttMS_FhS0_mPvES3_EMS_FhmPKhtEa
                0x000112f8      0x248 partition.o
                0x000112f8                _ZN5FAT1614partition_openEMS_FhmPhtEMS_FhmS0_ttMS_FhS0_mPvES3_EMS_FhmPKhtEa

.text._ZN5FAT1611sd_raw_initEv
                0x00011540      0x36c
 .text._ZN5FAT1611sd_raw_initEv
                0x00011540      0x36c sd_raw.o
                0x00011540                _ZN5FAT1611sd_raw_initEv

.text._ZN5FAT1616sd_raw_availableEv
                0x000118ac       0xb4
 .text._ZN5FAT1616sd_raw_availableEv
                0x000118ac       0xb4 sd_raw.o
                0x000118ac                _ZN5FAT1616sd_raw_availableEv

.text._ZN5FAT1616sd_raw_send_byteEh
                0x00011960       0x58
 .text._ZN5FAT1616sd_raw_send_byteEh
                0x00011960       0x58 sd_raw.o
                0x00011960                _ZN5FAT1616sd_raw_send_byteEh

.text._ZN5FAT1615sd_raw_rec_byteEv
                0x000119b8       0x58
 .text._ZN5FAT1615sd_raw_rec_byteEv
                0x000119b8       0x58 sd_raw.o
                0x000119b8                _ZN5FAT1615sd_raw_rec_byteEv

.text._ZN5FAT1622sd_raw_send_command_r1Ehj
                0x00011a10      0x100
 .text._ZN5FAT1622sd_raw_send_command_r1Ehj
                0x00011a10      0x100 sd_raw.o
                0x00011a10                _ZN5FAT1622sd_raw_send_command_r1Ehj

.text._ZN5FAT1611sd_raw_readEjPht
                0x00011b10      0x288
 .text._ZN5FAT1611sd_raw_readEjPht
                0x00011b10      0x288 sd_raw.o
                0x00011b10                _ZN5FAT1611sd_raw_readEjPht

.text._ZN5FAT1620sd_raw_read_intervalEjPhttMS_FhS0_mPvES1_
                0x00011d98      0x17c
 .text._ZN5FAT1620sd_raw_read_intervalEjPhttMS_FhS0_mPvES1_
                0x00011d98      0x17c sd_raw.o
                0x00011d98                _ZN5FAT1620sd_raw_read_intervalEjPhttMS_FhS0_mPvES1_

.text._ZN5FAT1612sd_raw_writeEjPKht
                0x00011f14      0x308
 .text._ZN5FAT1612sd_raw_writeEjPKht
                0x00011f14      0x308 sd_raw.o
                0x00011f14                _ZN5FAT1612sd_raw_writeEjPKht

.text._ZN5FAT1611sd_raw_syncEv
                0x0001221c       0x7c
 .text._ZN5FAT1611sd_raw_syncEv
                0x0001221c       0x7c sd_raw.o
                0x0001221c                _ZN5FAT1611sd_raw_syncEv

.text._ZN3DAC11GetInstanceEv
                0x00012298        0xc
 .text._ZN3DAC11GetInstanceEv
                0x00012298        0xc ../arm/arm7lib/libarm7lib.a(DAC.o)
                0x00012298                _ZN3DAC11GetInstanceEv

.text._ZN3DAC3SetEm
                0x000122a4       0x1c
 .text._ZN3DAC3SetEm
                0x000122a4       0x1c ../arm/arm7lib/libarm7lib.a(DAC.o)
                0x000122a4                _ZN3DAC3SetEm

.text._ZN3DAC6EnableEv
                0x000122c0       0x18
 .text._ZN3DAC6EnableEv
                0x000122c0       0x18 ../arm/arm7lib/libarm7lib.a(DAC.o)
                0x000122c0                _ZN3DAC6EnableEv

.text._GLOBAL__I__ZN3DAC11GetInstanceEv
                0x000122d8       0x14
 .text._GLOBAL__I__ZN3DAC11GetInstanceEv
                0x000122d8       0x14 ../arm/arm7lib/libarm7lib.a(DAC.o)

.text._ZN4SPI011GetInstanceEv
                0x000122ec        0xc
 .text._ZN4SPI011GetInstanceEv
                0x000122ec        0xc ../arm/arm7lib/libarm7lib.a(SPI0.o)
                0x000122ec                _ZN4SPI011GetInstanceEv

.text._ZN4SPI06EnableEb
                0x000122f8       0x54
 .text._ZN4SPI06EnableEb
                0x000122f8       0x54 ../arm/arm7lib/libarm7lib.a(SPI0.o)
                0x000122f8                _ZN4SPI06EnableEb

.text._ZN4SPI05SetCSEb
                0x0001234c       0x1c
 .text._ZN4SPI05SetCSEb
                0x0001234c       0x1c ../arm/arm7lib/libarm7lib.a(SPI0.o)
                0x0001234c                _ZN4SPI05SetCSEb

.text._ZN4SPI05WriteEh
                0x00012368       0x1c
 .text._ZN4SPI05WriteEh
                0x00012368       0x1c ../arm/arm7lib/libarm7lib.a(SPI0.o)
                0x00012368                _ZN4SPI05WriteEh

.text._ZN4SPI04ReadEv
                0x00012384       0x2c
 .text._ZN4SPI04ReadEv
                0x00012384       0x2c ../arm/arm7lib/libarm7lib.a(SPI0.o)
                0x00012384                _ZN4SPI04ReadEv

.text._ZN4SPI111GetInstanceEv
                0x000123b0        0xc
 .text._ZN4SPI111GetInstanceEv
                0x000123b0        0xc ../arm/arm7lib/libarm7lib.a(SPI1.o)
                0x000123b0                _ZN4SPI111GetInstanceEv

.text._ZN4SPI15SetCSEb
                0x000123bc       0x1c
 .text._ZN4SPI15SetCSEb
                0x000123bc       0x1c ../arm/arm7lib/libarm7lib.a(SPI1.o)
                0x000123bc                _ZN4SPI15SetCSEb

.text._ZN4SPI15WriteEm
                0x000123d8       0x3c
 .text._ZN4SPI15WriteEm
                0x000123d8       0x3c ../arm/arm7lib/libarm7lib.a(SPI1.o)
                0x000123d8                _ZN4SPI15WriteEm

.text._ZN4SPI14ReadEv
                0x00012414       0x28
 .text._ZN4SPI14ReadEv
                0x00012414       0x28 ../arm/arm7lib/libarm7lib.a(SPI1.o)
                0x00012414                _ZN4SPI14ReadEv

.text._ZN13SystemControl11GetInstanceEv
                0x0001243c        0xc
 .text._ZN13SystemControl11GetInstanceEv
                0x0001243c        0xc ../arm/arm7lib/libarm7lib.a(SystemControl.o)
                0x0001243c                _ZN13SystemControl11GetInstanceEv

.text._ZN13SystemControl9GetPClockEv
                0x00012448        0x8
 .text._ZN13SystemControl9GetPClockEv
                0x00012448        0x8 ../arm/arm7lib/libarm7lib.a(SystemControl.o)
                0x00012448                _ZN13SystemControl9GetPClockEv

.text._ZN13SystemControl6EnableENS_14ClockFrequencyENS_18SystemTickTimeBaseE
                0x00012450      0x19c
 .text._ZN13SystemControl6EnableENS_14ClockFrequencyENS_18SystemTickTimeBaseE
                0x00012450      0x19c ../arm/arm7lib/libarm7lib.a(SystemControl.o)
                0x00012450                _ZN13SystemControl6EnableENS_14ClockFrequencyENS_18SystemTickTimeBaseE

.text._ZN13SystemControl5SleepEm
                0x000125ec       0x38
 .text._ZN13SystemControl5SleepEm
                0x000125ec       0x38 ../arm/arm7lib/libarm7lib.a(SystemControl.o)
                0x000125ec                _ZN13SystemControl5SleepEm

.text._ZN13SystemControl7GetTickEv
                0x00012624       0x1c
 .text._ZN13SystemControl7GetTickEv
                0x00012624       0x1c ../arm/arm7lib/libarm7lib.a(SystemControl.o)
                0x00012624                _ZN13SystemControl7GetTickEv

.text._GLOBAL__I__ZN13SystemControl11GetInstanceEv
                0x00012640       0x20
 .text._GLOBAL__I__ZN13SystemControl11GetInstanceEv
                0x00012640       0x20 ../arm/arm7lib/libarm7lib.a(SystemControl.o)

.text._ZN9TimerBaseC2Ev
                0x00012660       0x14
 .text._ZN9TimerBaseC2Ev
                0x00012660       0x14 ../arm/arm7lib/libarm7lib.a(TimerBase.o)
                0x00012660                _ZN9TimerBaseC1Ev
                0x00012660                _ZN9TimerBaseC2Ev

.text._ZN9TimerBase9TimerTickEv
                0x00012674       0x50
 .text._ZN9TimerBase9TimerTickEv
                0x00012674       0x50 ../arm/arm7lib/libarm7lib.a(TimerBase.o)
                0x00012674                _ZN9TimerBase9TimerTickEv

.text._ZN9TimerBase9SetPeriodEm
                0x000126c4        0x8
 .text._ZN9TimerBase9SetPeriodEm
                0x000126c4        0x8 ../arm/arm7lib/libarm7lib.a(TimerBase.o)
                0x000126c4                _ZN9TimerBase9SetPeriodEm

.text._ZN9TimerBase7GetTickEv
                0x000126cc        0x8
 .text._ZN9TimerBase7GetTickEv
                0x000126cc        0x8 ../arm/arm7lib/libarm7lib.a(TimerBase.o)
                0x000126cc                _ZN9TimerBase7GetTickEv

.text._ZN6Timer011GetInstanceEv
                0x000126d4        0xc
 .text._ZN6Timer011GetInstanceEv
                0x000126d4        0xc ../arm/arm7lib/libarm7lib.a(Timer0.o)
                0x000126d4                _ZN6Timer011GetInstanceEv

.text._ZN6Timer09SetPeriodEm
                0x000126e0       0x50
 .text._ZN6Timer09SetPeriodEm
                0x000126e0       0x50 ../arm/arm7lib/libarm7lib.a(Timer0.o)
                0x000126e0                _ZN6Timer09SetPeriodEm

.text._ZN6Timer06EnableEv
                0x00012730       0x4c
 .text._ZN6Timer06EnableEv
                0x00012730       0x4c ../arm/arm7lib/libarm7lib.a(Timer0.o)
                0x00012730                _ZN6Timer06EnableEv

.text._ZN6Timer09TimerTickEv
                0x0001277c       0x20
 .text._ZN6Timer09TimerTickEv
                0x0001277c       0x20 ../arm/arm7lib/libarm7lib.a(Timer0.o)
                0x0001277c                _ZN6Timer09TimerTickEv

.text._Z9Timer0ISRv
                0x0001279c        0xc
 .text._Z9Timer0ISRv
                0x0001279c        0xc ../arm/arm7lib/libarm7lib.a(Timer0.o)
                0x0001279c                _Z9Timer0ISRv

.text._GLOBAL__I__ZN6Timer011GetInstanceEv
                0x000127a8       0x18
 .text._GLOBAL__I__ZN6Timer011GetInstanceEv
                0x000127a8       0x18 ../arm/arm7lib/libarm7lib.a(Timer0.o)

.text._ZN6Timer111GetInstanceEv
                0x000127c0        0xc
 .text._ZN6Timer111GetInstanceEv
                0x000127c0        0xc ../arm/arm7lib/libarm7lib.a(Timer1.o)
                0x000127c0                _ZN6Timer111GetInstanceEv

.text._ZN6Timer19SetPeriodEm
                0x000127cc       0x50
 .text._ZN6Timer19SetPeriodEm
                0x000127cc       0x50 ../arm/arm7lib/libarm7lib.a(Timer1.o)
                0x000127cc                _ZN6Timer19SetPeriodEm

.text._ZN6Timer16EnableEv
                0x0001281c       0x4c
 .text._ZN6Timer16EnableEv
                0x0001281c       0x4c ../arm/arm7lib/libarm7lib.a(Timer1.o)
                0x0001281c                _ZN6Timer16EnableEv

.text._ZN6Timer19TimerTickEv
                0x00012868       0x20
 .text._ZN6Timer19TimerTickEv
                0x00012868       0x20 ../arm/arm7lib/libarm7lib.a(Timer1.o)
                0x00012868                _ZN6Timer19TimerTickEv

.text._Z9Timer1ISRv
                0x00012888        0xc
 .text._Z9Timer1ISRv
                0x00012888        0xc ../arm/arm7lib/libarm7lib.a(Timer1.o)
                0x00012888                _Z9Timer1ISRv

.text._GLOBAL__I__ZN6Timer111GetInstanceEv
                0x00012894       0x18
 .text._GLOBAL__I__ZN6Timer111GetInstanceEv
                0x00012894       0x18 ../arm/arm7lib/libarm7lib.a(Timer1.o)

.text._ZN5UART011GetInstanceEv
                0x000128ac        0xc
 .text._ZN5UART011GetInstanceEv
                0x000128ac        0xc ../arm/arm7lib/libarm7lib.a(UART0.o)
                0x000128ac                _ZN5UART011GetInstanceEv

.text._ZN5UART06EnableEN8UARTBase8BaudRateE
                0x000128b8       0x94
 .text._ZN5UART06EnableEN8UARTBase8BaudRateE
                0x000128b8       0x94 ../arm/arm7lib/libarm7lib.a(UART0.o)
                0x000128b8                _ZN5UART06EnableEN8UARTBase8BaudRateE

.text._ZN5UART05WriteEPKc
                0x0001294c       0x34
 .text._ZN5UART05WriteEPKc
                0x0001294c       0x34 ../arm/arm7lib/libarm7lib.a(UART0.o)
                0x0001294c                _ZN5UART05WriteEPKc

.text._ZN5UART09WriteLineEPKcz
                0x00012980       0x98
 .text._ZN5UART09WriteLineEPKcz
                0x00012980       0x98 ../arm/arm7lib/libarm7lib.a(UART0.o)
                0x00012980                _ZN5UART09WriteLineEPKcz

.text._ZN5UART08ReadCharEv
                0x00012a18       0x10
 .text._ZN5UART08ReadCharEv
                0x00012a18       0x10 ../arm/arm7lib/libarm7lib.a(UART0.o)
                0x00012a18                _ZN5UART08ReadCharEv

.text._ZN5UART011IsCharReadyEv
                0x00012a28       0x10
 .text._ZN5UART011IsCharReadyEv
                0x00012a28       0x10 ../arm/arm7lib/libarm7lib.a(UART0.o)
                0x00012a28                _ZN5UART011IsCharReadyEv

.text._ZN5UART03ISREv
                0x00012a38       0x5c
 .text._ZN5UART03ISREv
                0x00012a38       0x5c ../arm/arm7lib/libarm7lib.a(UART0.o)
                0x00012a38                _ZN5UART03ISREv

.text._Z8UART0ISRv
                0x00012a94        0xc
 .text._Z8UART0ISRv
                0x00012a94        0xc ../arm/arm7lib/libarm7lib.a(UART0.o)
                0x00012a94                _Z8UART0ISRv

.text._GLOBAL__I__Z8UART0ISRv
                0x00012aa0       0x18
 .text._GLOBAL__I__Z8UART0ISRv
                0x00012aa0       0x18 ../arm/arm7lib/libarm7lib.a(UART0.o)

.text._ZN5UART111GetInstanceEv
                0x00012ab8        0xc
 .text._ZN5UART111GetInstanceEv
                0x00012ab8        0xc ../arm/arm7lib/libarm7lib.a(UART1.o)
                0x00012ab8                _ZN5UART111GetInstanceEv

.text._ZN5UART19WriteCharEh
                0x00012ac4       0x20
 .text._ZN5UART19WriteCharEh
                0x00012ac4       0x20 ../arm/arm7lib/libarm7lib.a(UART1.o)
                0x00012ac4                _ZN5UART19WriteCharEh

.text._ZN5UART18ReadCharEv
                0x00012ae4       0x10
 .text._ZN5UART18ReadCharEv
                0x00012ae4       0x10 ../arm/arm7lib/libarm7lib.a(UART1.o)
                0x00012ae4                _ZN5UART18ReadCharEv

.text._ZN5UART111IsCharReadyEv
                0x00012af4       0x10
 .text._ZN5UART111IsCharReadyEv
                0x00012af4       0x10 ../arm/arm7lib/libarm7lib.a(UART1.o)
                0x00012af4                _ZN5UART111IsCharReadyEv

.text._GLOBAL__I__Z8UART1ISRv
                0x00012b04       0x18
 .text._GLOBAL__I__Z8UART1ISRv
                0x00012b04       0x18 ../arm/arm7lib/libarm7lib.a(UART1.o)

.text._Z10disableIRQv
                0x00012b1c       0x10
 .text._Z10disableIRQv
                0x00012b1c       0x10 ../arm/arm7lib/libarm7lib.a(VIC.o)
                0x00012b1c                _Z10disableIRQv

.text._Z9enableIRQv
                0x00012b2c       0x10
 .text._Z9enableIRQv
                0x00012b2c       0x10 ../arm/arm7lib/libarm7lib.a(VIC.o)
                0x00012b2c                _Z9enableIRQv

.text._ZN13WatchDogTimer5ResetEv
                0x00012b3c       0x30
 .text._ZN13WatchDogTimer5ResetEv
                0x00012b3c       0x30 ../arm/arm7lib/libarm7lib.a(WatchDogTimer.o)
                0x00012b3c                _ZN13WatchDogTimer5ResetEv

.text._ZN7CMX867A11GetInstanceEv
                0x00012b6c        0xc
 .text._ZN7CMX867A11GetInstanceEv
                0x00012b6c        0xc ../arm/arm7lib/libarm7lib.a(CMX867A.o)
                0x00012b6c                _ZN7CMX867A11GetInstanceEv

.text._ZN7CMX867A8SendByteEh
                0x00012b78       0x70
 .text._ZN7CMX867A8SendByteEh
                0x00012b78       0x70 ../arm/arm7lib/libarm7lib.a(CMX867A.o)
                0x00012b78                _ZN7CMX867A8SendByteEh

.text._ZN7CMX867A6EnableEv
                0x00012be8      0x104
 .text._ZN7CMX867A6EnableEv
                0x00012be8      0x104 ../arm/arm7lib/libarm7lib.a(CMX867A.o)
                0x00012be8                _ZN7CMX867A6EnableEv

.text._ZN7CMX867A6StatusEv
                0x00012cec       0x88
 .text._ZN7CMX867A6StatusEv
                0x00012cec       0x88 ../arm/arm7lib/libarm7lib.a(CMX867A.o)
                0x00012cec                _ZN7CMX867A6StatusEv

.text._ZN7CMX867A13IsTxDataReadyEv
                0x00012d74       0x1c
 .text._ZN7CMX867A13IsTxDataReadyEv
                0x00012d74       0x1c ../arm/arm7lib/libarm7lib.a(CMX867A.o)
                0x00012d74                _ZN7CMX867A13IsTxDataReadyEv

.text._GLOBAL__I__ZN7CMX867A11GetInstanceEv
                0x00012d90       0x18
 .text._GLOBAL__I__ZN7CMX867A11GetInstanceEv
                0x00012d90       0x18 ../arm/arm7lib/libarm7lib.a(CMX867A.o)

.text._ZN9GPSLassen11GetInstanceEv
                0x00012da8        0xc
 .text._ZN9GPSLassen11GetInstanceEv
                0x00012da8        0xc ../arm/arm7lib/libarm7lib.a(GPSLassen.o)
                0x00012da8                _ZN9GPSLassen11GetInstanceEv

.text._ZN9GPSLassen4DataEv
                0x00012db4        0x8
 .text._ZN9GPSLassen4DataEv
                0x00012db4        0x8 ../arm/arm7lib/libarm7lib.a(GPSLassen.o)
                0x00012db4                _ZN9GPSLassen4DataEv

.text._ZN9GPSLassen11IsDataReadyEv
                0x00012dbc       0x1c
 .text._ZN9GPSLassen11IsDataReadyEv
                0x00012dbc       0x1c ../arm/arm7lib/libarm7lib.a(GPSLassen.o)
                0x00012dbc                _ZN9GPSLassen11IsDataReadyEv

.text._ZN9GPSLassen20ProcessGPSTimePacketEPKNS_15GPS_TIME_PACKETE
                0x00012dd8       0x70
 .text._ZN9GPSLassen20ProcessGPSTimePacketEPKNS_15GPS_TIME_PACKETE
                0x00012dd8       0x70 ../arm/arm7lib/libarm7lib.a(GPSLassen.o)
                0x00012dd8                _ZN9GPSLassen20ProcessGPSTimePacketEPKNS_15GPS_TIME_PACKETE

.text._ZN9GPSLassen22ProcessAllInViewPacketEPKNS_22GPS_ALL_IN_VIEW_PACKETE
                0x00012e48       0xac
 .text._ZN9GPSLassen22ProcessAllInViewPacketEPKNS_22GPS_ALL_IN_VIEW_PACKETE
                0x00012e48       0xac ../arm/arm7lib/libarm7lib.a(GPSLassen.o)
                0x00012e48                _ZN9GPSLassen22ProcessAllInViewPacketEPKNS_22GPS_ALL_IN_VIEW_PACKETE

.text._ZN9GPSLassen10TimeOfWeekEm
                0x00012ef4       0x70
 .text._ZN9GPSLassen10TimeOfWeekEm
                0x00012ef4       0x70 ../arm/arm7lib/libarm7lib.a(GPSLassen.o)
                0x00012ef4                _ZN9GPSLassen10TimeOfWeekEm

.text._ZN9GPSLassen16ProcessLLAPacketEPKNS_14GPS_LLA_PACKETE
                0x00012f68      0x1c8
 .text._ZN9GPSLassen16ProcessLLAPacketEPKNS_14GPS_LLA_PACKETE
                0x00012f68      0x1c8 ../arm/arm7lib/libarm7lib.a(GPSLassen.o)
                0x00012f68                _ZN9GPSLassen16ProcessLLAPacketEPKNS_14GPS_LLA_PACKETE

.text._ZN9GPSLassen18ProcessVelocityFixEPKNS_23GPS_VELOCITY_FIX_PACKETE
                0x00013130      0x158
 .text._ZN9GPSLassen18ProcessVelocityFixEPKNS_23GPS_VELOCITY_FIX_PACKETE
                0x00013130      0x158 ../arm/arm7lib/libarm7lib.a(GPSLassen.o)
                0x00013130                _ZN9GPSLassen18ProcessVelocityFixEPKNS_23GPS_VELOCITY_FIX_PACKETE

.text._ZN9GPSLassen22ProcessSoftwareVersionEPKNS_27GPS_SOFTWARE_VERSION_PACKETE
                0x00013288       0x74
 .text._ZN9GPSLassen22ProcessSoftwareVersionEPKNS_27GPS_SOFTWARE_VERSION_PACKETE
                0x00013288       0x74 ../arm/arm7lib/libarm7lib.a(GPSLassen.o)
                0x00013288                _ZN9GPSLassen22ProcessSoftwareVersionEPKNS_27GPS_SOFTWARE_VERSION_PACKETE

.text._ZN9GPSLassen12ParseMessageEv
                0x000132fc      0x1ac
 .text._ZN9GPSLassen12ParseMessageEv
                0x000132fc      0x1ac ../arm/arm7lib/libarm7lib.a(GPSLassen.o)
                0x000132fc                _ZN9GPSLassen12ParseMessageEv

.text._ZN9GPSLassen6UpdateEv
                0x000134a8       0xf0
 .text._ZN9GPSLassen6UpdateEv
                0x000134a8       0xf0 ../arm/arm7lib/libarm7lib.a(GPSLassen.o)
                0x000134a8                _ZN9GPSLassen6UpdateEv

.text._ZN9GPSLassen7VersionEv
                0x00013598        0x8
 .text._ZN9GPSLassen7VersionEv
                0x00013598        0x8 ../arm/arm7lib/libarm7lib.a(GPSLassen.o)
                0x00013598                _ZN9GPSLassen7VersionEv

.text._GLOBAL__I__ZN9GPSLassenC2Ev
                0x000135a0       0x44
 .text._GLOBAL__I__ZN9GPSLassenC2Ev
                0x000135a0       0x44 ../arm/arm7lib/libarm7lib.a(GPSLassen.o)

.text._ZN4LM9211GetInstanceEv
                0x000135e4        0xc
 .text._ZN4LM9211GetInstanceEv
                0x000135e4        0xc ../arm/arm7lib/libarm7lib.a(LM92.o)
                0x000135e4                _ZN4LM9211GetInstanceEv

.text._ZN4LM927ReadRawEv
                0x000135f0       0x54
 .text._ZN4LM927ReadRawEv
                0x000135f0       0x54 ../arm/arm7lib/libarm7lib.a(LM92.o)
                0x000135f0                _ZN4LM927ReadRawEv

.text._ZN4LM929ReadTempFEv
                0x00013644       0x38
 .text._ZN4LM929ReadTempFEv
                0x00013644       0x38 ../arm/arm7lib/libarm7lib.a(LM92.o)
                0x00013644                _ZN4LM929ReadTempFEv

.text._ZN6M25P8011GetInstanceEv
                0x0001367c        0xc
 .text._ZN6M25P8011GetInstanceEv
                0x0001367c        0xc ../arm/arm7lib/libarm7lib.a(M25P80.o)
                0x0001367c                _ZN6M25P8011GetInstanceEv

.text._ZN6M25P8017IsWriteInProgressEv
                0x00013688       0x70
 .text._ZN6M25P8017IsWriteInProgressEv
                0x00013688       0x70 ../arm/arm7lib/libarm7lib.a(M25P80.o)
                0x00013688                _ZN6M25P8017IsWriteInProgressEv

.text._ZN6M25P809BulkEraseEv
                0x000136f8       0xac
 .text._ZN6M25P809BulkEraseEv
                0x000136f8       0xac ../arm/arm7lib/libarm7lib.a(M25P80.o)
                0x000136f8                _ZN6M25P809BulkEraseEv

.text._ZN6M25P8011SendAddressEm
                0x000137a4       0x60
 .text._ZN6M25P8011SendAddressEm
                0x000137a4       0x60 ../arm/arm7lib/libarm7lib.a(M25P80.o)
                0x000137a4                _ZN6M25P8011SendAddressEm

.text._ZN6M25P8010WriteBlockEmPKvm
                0x00013804      0x1b4
 .text._ZN6M25P8010WriteBlockEmPKvm
                0x00013804      0x1b4 ../arm/arm7lib/libarm7lib.a(M25P80.o)
                0x00013804                _ZN6M25P8010WriteBlockEmPKvm

.text._ZN6M25P809ReadBlockEmPvm
                0x000139b8      0x10c
 .text._ZN6M25P809ReadBlockEmPvm
                0x000139b8      0x10c ../arm/arm7lib/libarm7lib.a(M25P80.o)
                0x000139b8                _ZN6M25P809ReadBlockEmPvm

.text._GLOBAL__I__ZN6M25P8011GetInstanceEv
                0x00013ac4       0x18
 .text._GLOBAL__I__ZN6M25P8011GetInstanceEv
                0x00013ac4       0x18 ../arm/arm7lib/libarm7lib.a(M25P80.o)

.text._ZN7GPSDataC2Ev
                0x00013adc       0x20
 .text._ZN7GPSDataC2Ev
                0x00013adc       0x20 ../arm/arm7lib/libarm7lib.a(GPSData.o)
                0x00013adc                _ZN7GPSDataC2Ev
                0x00013adc                _ZN7GPSDataC1Ev

.text._ZNK7GPSData10SpeedKnotsEv
                0x00013afc       0x30
 .text._ZNK7GPSData10SpeedKnotsEv
                0x00013afc       0x30 ../arm/arm7lib/libarm7lib.a(GPSData.o)
                0x00013afc                _ZNK7GPSData10SpeedKnotsEv

.text._ZNK7GPSData12AltitudeFeetEv
                0x00013b2c       0x28
 .text._ZNK7GPSData12AltitudeFeetEv
                0x00013b2c       0x28 ../arm/arm7lib/libarm7lib.a(GPSData.o)
                0x00013b2c                _ZNK7GPSData12AltitudeFeetEv

.text._ZNK7GPSData14TimeSinceEpochEv
                0x00013b54       0x54
 .text._ZNK7GPSData14TimeSinceEpochEv
                0x00013b54       0x54 ../arm/arm7lib/libarm7lib.a(GPSData.o)
                0x00013b54                _ZNK7GPSData14TimeSinceEpochEv

.text._ZN10MICEncoder6EncodeEPK7GPSData
                0x00013ba8      0x3d0
 .text._ZN10MICEncoder6EncodeEPK7GPSData
                0x00013ba8      0x3d0 ../arm/arm7lib/libarm7lib.a(MIC-E.o)
                0x00013ba8                _ZN10MICEncoder6EncodeEPK7GPSData

.text._ZN10MICEncoder14GetDestAddressEv
                0x00013f78        0x4
 .text._ZN10MICEncoder14GetDestAddressEv
                0x00013f78        0x4 ../arm/arm7lib/libarm7lib.a(MIC-E.o)
                0x00013f78                _ZN10MICEncoder14GetDestAddressEv

.text._ZN10MICEncoder19GetInformationFieldEv
                0x00013f7c        0x8
 .text._ZN10MICEncoder19GetInformationFieldEv
                0x00013f7c        0x8 ../arm/arm7lib/libarm7lib.a(MIC-E.o)
                0x00013f7c                _ZN10MICEncoder19GetInformationFieldEv

.text._ZN4NMEA4TimeEPK7GPSDataPc
                0x00013f84       0x44
 .text._ZN4NMEA4TimeEPK7GPSDataPc
                0x00013f84       0x44 ../arm/arm7lib/libarm7lib.a(NMEA.o)
                0x00013f84                _ZN4NMEA4TimeEPK7GPSDataPc

.text._ZN4NMEA11CoordinatesEPK7GPSDataPc
                0x00013fc8      0x288
 .text._ZN4NMEA11CoordinatesEPK7GPSDataPc
                0x00013fc8      0x288 ../arm/arm7lib/libarm7lib.a(NMEA.o)
                0x00013fc8                _ZN4NMEA11CoordinatesEPK7GPSDataPc

.text._ZN4NMEA14AppendChecksumEPc
                0x00014250       0x68
 .text._ZN4NMEA14AppendChecksumEPc
                0x00014250       0x68 ../arm/arm7lib/libarm7lib.a(NMEA.o)
                0x00014250                _ZN4NMEA14AppendChecksumEPc

.text._ZN4NMEA5GPGGAEPK7GPSDataPc
                0x000142b8      0x12c
 .text._ZN4NMEA5GPGGAEPK7GPSDataPc
                0x000142b8      0x12c ../arm/arm7lib/libarm7lib.a(NMEA.o)
                0x000142b8                _ZN4NMEA5GPGGAEPK7GPSDataPc

.text._ZN7RTCTimeC2Ev
                0x000143e4       0x10
 .text._ZN7RTCTimeC2Ev
                0x000143e4       0x10 ../arm/arm7lib/libarm7lib.a(RTCTime.o)
                0x000143e4                _ZN7RTCTimeC1Ev
                0x000143e4                _ZN7RTCTimeC2Ev

.text._ZN7RTCTimeC2Emmm
                0x000143f4       0x90
 .text._ZN7RTCTimeC2Emmm
                0x000143f4       0x90 ../arm/arm7lib/libarm7lib.a(RTCTime.o)
                0x000143f4                _ZN7RTCTimeC2Emmm
                0x000143f4                _ZN7RTCTimeC1Emmm

.text._ZN4FIFOC2Ev
                0x00014484       0x10
 .text._ZN4FIFOC2Ev
                0x00014484       0x10 ../arm/arm7lib/libarm7lib.a(FIFO.o)
                0x00014484                _ZN4FIFOC1Ev
                0x00014484                _ZN4FIFOC2Ev

.text._ZN4FIFO7HasDataEv
                0x00014494       0x10
 .text._ZN4FIFO7HasDataEv
                0x00014494       0x10 ../arm/arm7lib/libarm7lib.a(FIFO.o)
                0x00014494                _ZN4FIFO7HasDataEv

.text._ZN4FIFO4ReadEv
                0x000144a4       0x28
 .text._ZN4FIFO4ReadEv
                0x000144a4       0x28 ../arm/arm7lib/libarm7lib.a(FIFO.o)
                0x000144a4                _ZN4FIFO4ReadEv

.text._ZN4FIFO5WriteEh
                0x000144cc       0x1c
 .text._ZN4FIFO5WriteEh
                0x000144cc       0x1c ../arm/arm7lib/libarm7lib.a(FIFO.o)
                0x000144cc                _ZN4FIFO5WriteEh

.text._ZN4AX25C2Ev
                0x000144e8       0x14
 .text._ZN4AX25C2Ev
                0x000144e8       0x14 ../arm/arm7lib/libarm7lib.a(AX25.o)
                0x000144e8                _ZN4AX25C1Ev
                0x000144e8                _ZN4AX25C2Ev

.text._ZN4AX256StreamEv
                0x000144fc        0x8
 .text._ZN4AX256StreamEv
                0x000144fc        0x8 ../arm/arm7lib/libarm7lib.a(AX25.o)
                0x000144fc                _ZN4AX256StreamEv

.text._ZN4AX256LengthEv
                0x00014504        0x8
 .text._ZN4AX256LengthEv
                0x00014504        0x8 ../arm/arm7lib/libarm7lib.a(AX25.o)
                0x00014504                _ZN4AX256LengthEv

.text._ZN4AX2516SetPreambleCountEm
                0x0001450c        0x8
 .text._ZN4AX2516SetPreambleCountEm
                0x0001450c        0x8 ../arm/arm7lib/libarm7lib.a(AX25.o)
                0x0001450c                _ZN4AX2516SetPreambleCountEm

.text._ZN4AX2510SetAddressEmPKc
                0x00014514       0xfc
 .text._ZN4AX2510SetAddressEmPKc
                0x00014514       0xfc ../arm/arm7lib/libarm7lib.a(AX25.o)
                0x00014514                _ZN4AX2510SetAddressEmPKc

.text._ZN4AX2511SetDigiPathEPKcmS1_m
                0x00014610       0x6c
 .text._ZN4AX2511SetDigiPathEPKcmS1_m
                0x00014610       0x6c ../arm/arm7lib/libarm7lib.a(AX25.o)
                0x00014610                _ZN4AX2511SetDigiPathEPKcmS1_m

.text._ZN4AX2516SetSourceAddressEPKcm
                0x0001467c       0x30
 .text._ZN4AX2516SetSourceAddressEPKcm
                0x0001467c       0x30 ../arm/arm7lib/libarm7lib.a(AX25.o)
                0x0001467c                _ZN4AX2516SetSourceAddressEPKcm

.text._ZN4AX2514SetDestAddressEPKcm
                0x000146ac       0x30
 .text._ZN4AX2514SetDestAddressEPKcm
                0x000146ac       0x30 ../arm/arm7lib/libarm7lib.a(AX25.o)
                0x000146ac                _ZN4AX2514SetDestAddressEPKcm

.text._ZN4AX259AddStreamEmb
                0x000146dc      0x8b8
 .text._ZN4AX259AddStreamEmb
                0x000146dc      0x8b8 ../arm/arm7lib/libarm7lib.a(AX25.o)
                0x000146dc                _ZN4AX259AddStreamEmb

.text._ZN4AX2515GenerateMessageEPKc
                0x00014f94      0x180
 .text._ZN4AX2515GenerateMessageEPKc
                0x00014f94      0x180 ../arm/arm7lib/libarm7lib.a(AX25.o)
                0x00014f94                _ZN4AX2515GenerateMessageEPKc

.text._ZN4I2C011GetInstanceEv
                0x00015114        0xc
 .text._ZN4I2C011GetInstanceEv
                0x00015114        0xc ../arm/arm7lib/libarm7lib.a(I2C0.o)
                0x00015114                _ZN4I2C011GetInstanceEv

.text._ZN4I2C04StopEv
                0x00015120       0x1c
 .text._ZN4I2C04StopEv
                0x00015120       0x1c ../arm/arm7lib/libarm7lib.a(I2C0.o)
                0x00015120                _ZN4I2C04StopEv

.text._ZN4I2C013WaitInterruptEv
                0x0001513c       0x58
 .text._ZN4I2C013WaitInterruptEv
                0x0001513c       0x58 ../arm/arm7lib/libarm7lib.a(I2C0.o)
                0x0001513c                _ZN4I2C013WaitInterruptEv

.text._ZN4I2C04ReadEPhm
                0x00015194      0x104
 .text._ZN4I2C04ReadEPhm
                0x00015194      0x104 ../arm/arm7lib/libarm7lib.a(I2C0.o)
                0x00015194                _ZN4I2C04ReadEPhm

.text._ZN4I2C05StartEm
                0x00015298      0x20c
 .text._ZN4I2C05StartEm
                0x00015298      0x20c ../arm/arm7lib/libarm7lib.a(I2C0.o)
                0x00015298                _ZN4I2C05StartEm

.text._ZN3RTC11GetInstanceEv
                0x000154a4        0xc
 .text._ZN3RTC11GetInstanceEv
                0x000154a4        0xc ../arm/arm7lib/libarm7lib.a(RTC.o)
                0x000154a4                _ZN3RTC11GetInstanceEv

.text._ZN3RTC6EnableEv
                0x000154b0       0x14
 .text._ZN3RTC6EnableEv
                0x000154b0       0x14 ../arm/arm7lib/libarm7lib.a(RTC.o)
                0x000154b0                _ZN3RTC6EnableEv

.text._GLOBAL__I__ZN3RTC11GetInstanceEv
                0x000154c4       0x18
 .text._GLOBAL__I__ZN3RTC11GetInstanceEv
                0x000154c4       0x18 ../arm/arm7lib/libarm7lib.a(RTC.o)

.text._ZN5CRC169CalculateEPKvmm
                0x000154dc       0xcc
 .text._ZN5CRC169CalculateEPKvmm
                0x000154dc       0xcc ../arm/arm7lib/libarm7lib.a(CRC16.o)
                0x000154dc                _ZN5CRC169CalculateEPKvmm

.ARM.exidx      0x000155a8        0x8
 .ARM.exidx     0x000155a8        0x8 /home/elijah/CodeSourcery/Sourcery_G++_Lite/bin/../lib/gcc/arm-none-eabi/4.5.2/libgcc.a(_divdi3.o)
 .ARM.exidx     0x000155b0        0x0 /home/elijah/CodeSourcery/Sourcery_G++_Lite/bin/../lib/gcc/arm-none-eabi/4.5.2/libgcc.a(_udivdi3.o)
                                  0x8 (size before relaxing)
                0x000155b0                . = ALIGN (0x4)

.etext          0x000155b0        0x0
                0x000155b0                . = ALIGN (0x4)
                0x000155b0                _etext = .

.data           0x40000000      0x904 load address 0x000155b0
                0x40000000                . = ALIGN (0x4)
                0x40000000                _data = .
 *(.data)
 .data          0x40000000        0x1 /home/elijah/CodeSourcery/Sourcery_G++_Lite/bin/../lib/gcc/arm-none-eabi/4.5.2/../../../../arm-none-eabi/lib/libm.a(lib_a-s_lib_ver.o)
                0x40000000                __fdlib_version
 *fill*         0x40000001        0x7 00
 .data          0x40000008      0x430 /home/elijah/CodeSourcery/Sourcery_G++_Lite/bin/../lib/gcc/arm-none-eabi/4.5.2/../../../../arm-none-eabi/lib/libc.a(lib_a-impure.o)
                0x40000008                _impure_ptr
 .data          0x40000438      0x410 /home/elijah/CodeSourcery/Sourcery_G++_Lite/bin/../lib/gcc/arm-none-eabi/4.5.2/../../../../arm-none-eabi/lib/libc.a(lib_a-mallocr.o)
                0x40000438                __malloc_av_
                0x40000840                __malloc_sbrk_base
                0x40000844                __malloc_trim_threshold
 .data          0x40000848       0x40 /home/elijah/CodeSourcery/Sourcery_G++_Lite/bin/../lib/gcc/arm-none-eabi/4.5.2/../../../../arm-none-eabi/lib/libc.a(lib_a-gettzinfo.o)
 .data          0x40000888       0x7c /home/elijah/CodeSourcery/Sourcery_G++_Lite/bin/../lib/gcc/arm-none-eabi/4.5.2/../../../../arm-none-eabi/lib/libc.a(lib_a-locale.o)
                0x400008a8                __mb_cur_max
                0x40000904                _edata = .

.jcr            0x40000904        0x0 load address 0x00015eb4
 .jcr           0x40000904        0x0 /home/elijah/CodeSourcery/Sourcery_G++_Lite/bin/../lib/gcc/arm-none-eabi/4.5.2/crtbegin.o

.bss            0x40000904      0x780 load address 0x00015eb4
                0x40000904                __bss_start = .
 *(.bss)
 .bss           0x40000904        0x1 /home/elijah/CodeSourcery/Sourcery_G++_Lite/bin/../lib/gcc/arm-none-eabi/4.5.2/crtbegin.o
 *fill*         0x40000905        0x3 00
 .bss           0x40000908        0x4 CRunTime.o
 .bss           0x4000090c      0x110 AFSK.o
 .bss           0x40000a1c        0xc Engineering.o
 .bss           0x40000a28       0x20 APRSBeacon.o
 .bss           0x40000a48       0x34 Log.o
 .bss           0x40000a7c      0x244 fat16.o
 .bss           0x40000cc0        0x4 ../arm/arm7lib/libarm7lib.a(DAC.o)
 .bss           0x40000cc4        0x4 ../arm/arm7lib/libarm7lib.a(SPI0.o)
 .bss           0x40000cc8        0x4 ../arm/arm7lib/libarm7lib.a(SPI1.o)
 .bss           0x40000ccc        0xc ../arm/arm7lib/libarm7lib.a(SystemControl.o)
 .bss           0x40000cd8       0x10 ../arm/arm7lib/libarm7lib.a(Timer0.o)
 .bss           0x40000ce8       0x10 ../arm/arm7lib/libarm7lib.a(Timer1.o)
 .bss           0x40000cf8      0x108 ../arm/arm7lib/libarm7lib.a(UART0.o)
 .bss           0x40000e00      0x108 ../arm/arm7lib/libarm7lib.a(UART1.o)
 .bss           0x40000f08        0x4 ../arm/arm7lib/libarm7lib.a(CMX867A.o)
 .bss           0x40000f0c      0x124 ../arm/arm7lib/libarm7lib.a(GPSLassen.o)
 .bss           0x40001030        0x4 ../arm/arm7lib/libarm7lib.a(LM92.o)
 .bss           0x40001034        0x4 ../arm/arm7lib/libarm7lib.a(M25P80.o)
 .bss           0x40001038        0x4 ../arm/arm7lib/libarm7lib.a(I2C0.o)
 .bss           0x4000103c        0xc ../arm/arm7lib/libarm7lib.a(RTC.o)
 .bss           0x40001048       0x34 /home/elijah/CodeSourcery/Sourcery_G++_Lite/bin/../lib/gcc/arm-none-eabi/4.5.2/../../../../arm-none-eabi/lib/libc.a(lib_a-mallocr.o)
                0x40001048                __malloc_top_pad
                0x4000104c                __malloc_current_mallinfo
                0x40001074                __malloc_max_sbrked_mem
                0x40001078                __malloc_max_total_mem
 .bss           0x4000107c        0x8 /home/elijah/CodeSourcery/Sourcery_G++_Lite/bin/../lib/gcc/arm-none-eabi/4.5.2/../../../../arm-none-eabi/lib/libc.a(lib_a-tzvars.o)
                0x4000107c                _daylight
                0x40001080                _timezone
                0x40001084                . = ALIGN (0x4)
                0x40001084                __bss_end = .

.stack          0x40001084     0x287c load address 0x00016634
                0x40001100                . = ALIGN (0x100)
 *fill*         0x40001084       0x7c 00
                0x40001100                __stack_start = .
                0x40001500                . = (. + IRQ_STACK_SIZE)
 *fill*         0x40001100      0x400 00
                0x40001500                . = ALIGN (0x4)
                0x40001500                __irq_stack_top__ = .
                0x40001600                . = (. + FIQ_STACK_SIZE)
 *fill*         0x40001500      0x100 00
                0x40001600                . = ALIGN (0x4)
                0x40001600                __fiq_stack_top__ = .
                0x40001700                . = (. + SVC_STACK_SIZE)
 *fill*         0x40001600      0x100 00
                0x40001700                . = ALIGN (0x4)
                0x40001700                __svc_stack_top__ = .
                0x40001800                . = (. + ABT_STACK_SIZE)
 *fill*         0x40001700      0x100 00
                0x40001800                . = ALIGN (0x4)
                0x40001800                __abt_stack_top__ = .
                0x40001900                . = (. + UND_STACK_SIZE)
 *fill*         0x40001800      0x100 00
                0x40001900                . = ALIGN (0x4)
                0x40001900                __und_stack_top__ = .
                0x40003900                . = (. + C_STACK_SIZE)
 *fill*         0x40001900     0x2000 00
                0x40003900                . = ALIGN (0x4)
                0x40003900                __c_stack_top__ = .
                0x40003900                __stack_end = .
                0x40003900                end = .
OUTPUT(APRSBeacon.elf elf32-littlearm)

.ARM.attributes
                0x00000000       0x30
 .ARM.attributes
                0x00000000       0x16 /home/elijah/CodeSourcery/Sourcery_G++_Lite/bin/../lib/gcc/arm-none-eabi/4.5.2/crti.o
 .ARM.attributes
                0x00000016       0x34 /home/elijah/CodeSourcery/Sourcery_G++_Lite/bin/../lib/gcc/arm-none-eabi/4.5.2/crtbegin.o
 .ARM.attributes
                0x0000004a       0x22 crt.o
 .ARM.attributes
                0x0000006c       0x32 CRunTime.o
 .ARM.attributes
                0x0000009e       0x32 AFSK.o
 .ARM.attributes
                0x000000d0       0x32 main.o
 .ARM.attributes
                0x00000102       0x32 Engineering.o
 .ARM.attributes
                0x00000134       0x32 APRSBeacon.o
 .ARM.attributes
                0x00000166       0x32 IOPorts.o
 .ARM.attributes
                0x00000198       0x32 Log.o
 .ARM.attributes
                0x000001ca       0x32 rootdir.o
 .ARM.attributes
                0x000001fc       0x32 fat16.o
 .ARM.attributes
                0x0000022e       0x32 partition.o
 .ARM.attributes
                0x00000260       0x32 sd_raw.o
 .ARM.attributes
                0x00000292       0x32 ../arm/arm7lib/libarm7lib.a(DAC.o)
 .ARM.attributes
                0x000002c4       0x32 ../arm/arm7lib/libarm7lib.a(SPI0.o)
 .ARM.attributes
                0x000002f6       0x32 ../arm/arm7lib/libarm7lib.a(SPI1.o)
 .ARM.attributes
                0x00000328       0x32 ../arm/arm7lib/libarm7lib.a(SystemControl.o)
 .ARM.attributes
                0x0000035a       0x32 ../arm/arm7lib/libarm7lib.a(TimerBase.o)
 .ARM.attributes
                0x0000038c       0x32 ../arm/arm7lib/libarm7lib.a(Timer0.o)
 .ARM.attributes
                0x000003be       0x32 ../arm/arm7lib/libarm7lib.a(Timer1.o)
 .ARM.attributes
                0x000003f0       0x32 ../arm/arm7lib/libarm7lib.a(UART0.o)
 .ARM.attributes
                0x00000422       0x32 ../arm/arm7lib/libarm7lib.a(UART1.o)
 .ARM.attributes
                0x00000454       0x32 ../arm/arm7lib/libarm7lib.a(VIC.o)
 .ARM.attributes
                0x00000486       0x32 ../arm/arm7lib/libarm7lib.a(WatchDogTimer.o)
 .ARM.attributes
                0x000004b8       0x32 ../arm/arm7lib/libarm7lib.a(CMX867A.o)
 .ARM.attributes
                0x000004ea       0x32 ../arm/arm7lib/libarm7lib.a(GPSLassen.o)
 .ARM.attributes
                0x0000051c       0x32 ../arm/arm7lib/libarm7lib.a(LM92.o)
 .ARM.attributes
                0x0000054e       0x32 ../arm/arm7lib/libarm7lib.a(M25P80.o)
 .ARM.attributes
                0x00000580       0x32 ../arm/arm7lib/libarm7lib.a(GPSData.o)
 .ARM.attributes
                0x000005b2       0x32 ../arm/arm7lib/libarm7lib.a(MIC-E.o)
 .ARM.attributes
                0x000005e4       0x32 ../arm/arm7lib/libarm7lib.a(NMEA.o)
 .ARM.attributes
                0x00000616       0x32 ../arm/arm7lib/libarm7lib.a(RTCTime.o)
 .ARM.attributes
                0x00000648       0x32 ../arm/arm7lib/libarm7lib.a(FIFO.o)
 .ARM.attributes
                0x0000067a       0x32 ../arm/arm7lib/libarm7lib.a(AX25.o)
 .ARM.attributes
                0x000006ac       0x32 ../arm/arm7lib/libarm7lib.a(I2C0.o)
 .ARM.attributes
                0x000006de       0x32 ../arm/arm7lib/libarm7lib.a(RTC.o)
 .ARM.attributes
                0x00000710       0x32 ../arm/arm7lib/libarm7lib.a(CRC16.o)
 .ARM.attributes
                0x00000742       0x34 /home/elijah/CodeSourcery/Sourcery_G++_Lite/bin/../lib/gcc/arm-none-eabi/4.5.2/../../../../arm-none-eabi/lib/libm.a(lib_a-sf_lround.o)
 .ARM.attributes
                0x00000776       0x34 /home/elijah/CodeSourcery/Sourcery_G++_Lite/bin/../lib/gcc/arm-none-eabi/4.5.2/../../../../arm-none-eabi/lib/libm.a(lib_a-w_atan2.o)
 .ARM.attributes
                0x000007aa       0x34 /home/elijah/CodeSourcery/Sourcery_G++_Lite/bin/../lib/gcc/arm-none-eabi/4.5.2/../../../../arm-none-eabi/lib/libm.a(lib_a-w_sqrt.o)
 .ARM.attributes
                0x000007de       0x34 /home/elijah/CodeSourcery/Sourcery_G++_Lite/bin/../lib/gcc/arm-none-eabi/4.5.2/../../../../arm-none-eabi/lib/libm.a(lib_a-e_atan2.o)
 .ARM.attributes
                0x00000812       0x34 /home/elijah/CodeSourcery/Sourcery_G++_Lite/bin/../lib/gcc/arm-none-eabi/4.5.2/../../../../arm-none-eabi/lib/libm.a(lib_a-e_sqrt.o)
 .ARM.attributes
                0x00000846       0x34 /home/elijah/CodeSourcery/Sourcery_G++_Lite/bin/../lib/gcc/arm-none-eabi/4.5.2/../../../../arm-none-eabi/lib/libm.a(lib_a-s_atan.o)
 .ARM.attributes
                0x0000087a       0x34 /home/elijah/CodeSourcery/Sourcery_G++_Lite/bin/../lib/gcc/arm-none-eabi/4.5.2/../../../../arm-none-eabi/lib/libm.a(lib_a-s_fabs.o)
 .ARM.attributes
                0x000008ae       0x34 /home/elijah/CodeSourcery/Sourcery_G++_Lite/bin/../lib/gcc/arm-none-eabi/4.5.2/../../../../arm-none-eabi/lib/libm.a(lib_a-s_fpclassify.o)
 .ARM.attributes
                0x000008e2       0x34 /home/elijah/CodeSourcery/Sourcery_G++_Lite/bin/../lib/gcc/arm-none-eabi/4.5.2/../../../../arm-none-eabi/lib/libm.a(lib_a-s_lib_ver.o)
 .ARM.attributes
                0x00000916       0x34 /home/elijah/CodeSourcery/Sourcery_G++_Lite/bin/../lib/gcc/arm-none-eabi/4.5.2/../../../../arm-none-eabi/lib/libm.a(lib_a-s_matherr.o)
 .ARM.attributes
                0x0000094a       0x1a /home/elijah/CodeSourcery/Sourcery_G++_Lite/bin/../lib/gcc/arm-none-eabi/4.5.2/libgcc.a(_udivsi3.o)
 .ARM.attributes
                0x00000964       0x1a /home/elijah/CodeSourcery/Sourcery_G++_Lite/bin/../lib/gcc/arm-none-eabi/4.5.2/libgcc.a(_divsi3.o)
 .ARM.attributes
                0x0000097e       0x18 /home/elijah/CodeSourcery/Sourcery_G++_Lite/bin/../lib/gcc/arm-none-eabi/4.5.2/libgcc.a(_dvmd_tls.o)
 .ARM.attributes
                0x00000996       0x1a /home/elijah/CodeSourcery/Sourcery_G++_Lite/bin/../lib/gcc/arm-none-eabi/4.5.2/libgcc.a(_arm_addsubdf3.o)
 .ARM.attributes
                0x000009b0       0x1a /home/elijah/CodeSourcery/Sourcery_G++_Lite/bin/../lib/gcc/arm-none-eabi/4.5.2/libgcc.a(_arm_muldivdf3.o)
 .ARM.attributes
                0x000009ca       0x1a /home/elijah/CodeSourcery/Sourcery_G++_Lite/bin/../lib/gcc/arm-none-eabi/4.5.2/libgcc.a(_arm_cmpdf2.o)
 .ARM.attributes
                0x000009e4       0x1a /home/elijah/CodeSourcery/Sourcery_G++_Lite/bin/../lib/gcc/arm-none-eabi/4.5.2/libgcc.a(_arm_truncdfsf2.o)
 .ARM.attributes
                0x000009fe       0x1a /home/elijah/CodeSourcery/Sourcery_G++_Lite/bin/../lib/gcc/arm-none-eabi/4.5.2/libgcc.a(_arm_addsubsf3.o)
 .ARM.attributes
                0x00000a18       0x1a /home/elijah/CodeSourcery/Sourcery_G++_Lite/bin/../lib/gcc/arm-none-eabi/4.5.2/libgcc.a(_arm_muldivsf3.o)
 .ARM.attributes
                0x00000a32       0x1a /home/elijah/CodeSourcery/Sourcery_G++_Lite/bin/../lib/gcc/arm-none-eabi/4.5.2/libgcc.a(_arm_fixsfsi.o)
 .ARM.attributes
                0x00000a4c       0x34 /home/elijah/CodeSourcery/Sourcery_G++_Lite/bin/../lib/gcc/arm-none-eabi/4.5.2/../../../../arm-none-eabi/lib/libc.a(lib_a-errno.o)
 .ARM.attributes
                0x00000a80       0x34 /home/elijah/CodeSourcery/Sourcery_G++_Lite/bin/../lib/gcc/arm-none-eabi/4.5.2/../../../../arm-none-eabi/lib/libc.a(lib_a-gmtime.o)
 .ARM.attributes
                0x00000ab4       0x34 /home/elijah/CodeSourcery/Sourcery_G++_Lite/bin/../lib/gcc/arm-none-eabi/4.5.2/../../../../arm-none-eabi/lib/libc.a(lib_a-gmtime_r.o)
 .ARM.attributes
                0x00000ae8       0x34 /home/elijah/CodeSourcery/Sourcery_G++_Lite/bin/../lib/gcc/arm-none-eabi/4.5.2/../../../../arm-none-eabi/lib/libc.a(lib_a-impure.o)
 .ARM.attributes
                0x00000b1c       0x34 /home/elijah/CodeSourcery/Sourcery_G++_Lite/bin/../lib/gcc/arm-none-eabi/4.5.2/../../../../arm-none-eabi/lib/libc.a(lib_a-init.o)
 .ARM.attributes
                0x00000b50       0x34 /home/elijah/CodeSourcery/Sourcery_G++_Lite/bin/../lib/gcc/arm-none-eabi/4.5.2/../../../../arm-none-eabi/lib/libc.a(lib_a-malloc.o)
 .ARM.attributes
                0x00000b84       0x34 /home/elijah/CodeSourcery/Sourcery_G++_Lite/bin/../lib/gcc/arm-none-eabi/4.5.2/../../../../arm-none-eabi/lib/libc.a(lib_a-mallocr.o)
 .ARM.attributes
                0x00000bb8       0x34 /home/elijah/CodeSourcery/Sourcery_G++_Lite/bin/../lib/gcc/arm-none-eabi/4.5.2/../../../../arm-none-eabi/lib/libc.a(lib_a-memcpy.o)
 .ARM.attributes
                0x00000bec       0x34 /home/elijah/CodeSourcery/Sourcery_G++_Lite/bin/../lib/gcc/arm-none-eabi/4.5.2/../../../../arm-none-eabi/lib/libc.a(lib_a-memset.o)
 .ARM.attributes
                0x00000c20       0x34 /home/elijah/CodeSourcery/Sourcery_G++_Lite/bin/../lib/gcc/arm-none-eabi/4.5.2/../../../../arm-none-eabi/lib/libc.a(lib_a-mktm_r.o)
 .ARM.attributes
                0x00000c54       0x34 /home/elijah/CodeSourcery/Sourcery_G++_Lite/bin/../lib/gcc/arm-none-eabi/4.5.2/../../../../arm-none-eabi/lib/libc.a(lib_a-mlock.o)
 .ARM.attributes
                0x00000c88       0x34 /home/elijah/CodeSourcery/Sourcery_G++_Lite/bin/../lib/gcc/arm-none-eabi/4.5.2/../../../../arm-none-eabi/lib/libc.a(lib_a-sprintf.o)
 .ARM.attributes
                0x00000cbc       0x34 /home/elijah/CodeSourcery/Sourcery_G++_Lite/bin/../lib/gcc/arm-none-eabi/4.5.2/../../../../arm-none-eabi/lib/libc.a(lib_a-strcat.o)
 .ARM.attributes
                0x00000cf0       0x34 /home/elijah/CodeSourcery/Sourcery_G++_Lite/bin/../lib/gcc/arm-none-eabi/4.5.2/../../../../arm-none-eabi/lib/libc.a(lib_a-strchr.o)
 .ARM.attributes
                0x00000d24       0x34 /home/elijah/CodeSourcery/Sourcery_G++_Lite/bin/../lib/gcc/arm-none-eabi/4.5.2/../../../../arm-none-eabi/lib/libc.a(lib_a-strcmp.o)
 .ARM.attributes
                0x00000d58       0x34 /home/elijah/CodeSourcery/Sourcery_G++_Lite/bin/../lib/gcc/arm-none-eabi/4.5.2/../../../../arm-none-eabi/lib/libc.a(lib_a-strcpy.o)
 .ARM.attributes
                0x00000d8c       0x34 /home/elijah/CodeSourcery/Sourcery_G++_Lite/bin/../lib/gcc/arm-none-eabi/4.5.2/../../../../arm-none-eabi/lib/libc.a(lib_a-strlen.o)
 .ARM.attributes
                0x00000dc0       0x34 /home/elijah/CodeSourcery/Sourcery_G++_Lite/bin/../lib/gcc/arm-none-eabi/4.5.2/../../../../arm-none-eabi/lib/libc.a(lib_a-strncmp.o)
 .ARM.attributes
                0x00000df4       0x34 /home/elijah/CodeSourcery/Sourcery_G++_Lite/bin/../lib/gcc/arm-none-eabi/4.5.2/../../../../arm-none-eabi/lib/libc.a(lib_a-strncpy.o)
 .ARM.attributes
                0x00000e28       0x34 /home/elijah/CodeSourcery/Sourcery_G++_Lite/bin/../lib/gcc/arm-none-eabi/4.5.2/../../../../arm-none-eabi/lib/libc.a(lib_a-strrchr.o)
 .ARM.attributes
                0x00000e5c       0x34 /home/elijah/CodeSourcery/Sourcery_G++_Lite/bin/../lib/gcc/arm-none-eabi/4.5.2/../../../../arm-none-eabi/lib/libc.a(lib_a-svfprintf.o)
 .ARM.attributes
                0x00000e90       0x34 /home/elijah/CodeSourcery/Sourcery_G++_Lite/bin/../lib/gcc/arm-none-eabi/4.5.2/../../../../arm-none-eabi/lib/libc.a(lib_a-tzlock.o)
 .ARM.attributes
                0x00000ec4       0x34 /home/elijah/CodeSourcery/Sourcery_G++_Lite/bin/../lib/gcc/arm-none-eabi/4.5.2/../../../../arm-none-eabi/lib/libc.a(lib_a-tzvars.o)
 .ARM.attributes
                0x00000ef8       0x34 /home/elijah/CodeSourcery/Sourcery_G++_Lite/bin/../lib/gcc/arm-none-eabi/4.5.2/../../../../arm-none-eabi/lib/libc.a(lib_a-vsnprintf.o)
 .ARM.attributes
                0x00000f2c       0x34 /home/elijah/CodeSourcery/Sourcery_G++_Lite/bin/../lib/gcc/arm-none-eabi/4.5.2/../../../../arm-none-eabi/lib/libc.a(lib_a-dtoa.o)
 .ARM.attributes
                0x00000f60       0x34 /home/elijah/CodeSourcery/Sourcery_G++_Lite/bin/../lib/gcc/arm-none-eabi/4.5.2/../../../../arm-none-eabi/lib/libc.a(lib_a-freer.o)
 .ARM.attributes
                0x00000f94       0x34 /home/elijah/CodeSourcery/Sourcery_G++_Lite/bin/../lib/gcc/arm-none-eabi/4.5.2/../../../../arm-none-eabi/lib/libc.a(lib_a-gettzinfo.o)
 .ARM.attributes
                0x00000fc8       0x34 /home/elijah/CodeSourcery/Sourcery_G++_Lite/bin/../lib/gcc/arm-none-eabi/4.5.2/../../../../arm-none-eabi/lib/libc.a(lib_a-locale.o)
 .ARM.attributes
                0x00000ffc       0x34 /home/elijah/CodeSourcery/Sourcery_G++_Lite/bin/../lib/gcc/arm-none-eabi/4.5.2/../../../../arm-none-eabi/lib/libc.a(lib_a-memchr.o)
 .ARM.attributes