Archive member included because of file (symbol)

../arm/arm7lib/libarm7lib.a(DAC.o)
                              APRSBeacon.o (_ZN3DAC11GetInstanceEv)
../arm/arm7lib/libarm7lib.a(SPI0.o)
                              APRSBeacon.o (_ZN4SPI011GetInstanceEv)
../arm/arm7lib/libarm7lib.a(SPI1.o)
                              APRSBeacon.o (_ZN4SPI111GetInstanceEv)
../arm/arm7lib/libarm7lib.a(SystemControl.o)
                              APRSBeacon.o (_ZN13SystemControl11GetInstanceEv)
../arm/arm7lib/libarm7lib.a(TimerBase.o)
                              ../arm/arm7lib/libarm7lib.a(SystemControl.o) (_ZN9TimerBase7GetTickEv)
../arm/arm7lib/libarm7lib.a(Timer0.o)
                              ../arm/arm7lib/libarm7lib.a(SystemControl.o) (_ZN6Timer011GetInstanceEv)
../arm/arm7lib/libarm7lib.a(Timer1.o)
                              ../arm/arm7lib/libarm7lib.a(SystemControl.o) (_ZN6Timer111GetInstanceEv)
../arm/arm7lib/libarm7lib.a(UART0.o)
                              Engineering.o (_ZN5UART011GetInstanceEv)
../arm/arm7lib/libarm7lib.a(UART1.o)
                              APRSBeacon.o (_ZN5UART111GetInstanceEv)
../arm/arm7lib/libarm7lib.a(VIC.o)
                              ../arm/arm7lib/libarm7lib.a(SystemControl.o) (_Z9enableIRQv)
../arm/arm7lib/libarm7lib.a(WatchDogTimer.o)
                              Engineering.o (_ZN13WatchDogTimer5ResetEv)
../arm/arm7lib/libarm7lib.a(CMX867A.o)
                              AFSK.o (_ZN7CMX867A11GetInstanceEv)
../arm/arm7lib/libarm7lib.a(GPSLassen.o)
                              Engineering.o (_ZN9GPSLassen11GetInstanceEv)
../arm/arm7lib/libarm7lib.a(LM92.o)
                              Engineering.o (_ZN4LM9211GetInstanceEv)
../arm/arm7lib/libarm7lib.a(M25P80.o)
                              Log.o (_ZN6M25P8011GetInstanceEv)
../arm/arm7lib/libarm7lib.a(GPSData.o)
                              Engineering.o (_ZN7GPSDataC1Ev)
../arm/arm7lib/libarm7lib.a(MIC-E.o)
                              Engineering.o (_ZN10MICEncoder6EncodeEPK7GPSData)
../arm/arm7lib/libarm7lib.a(NMEA.o)
                              Engineering.o (_ZN4NMEA5GPGGAEPK7GPSDataPc)
../arm/arm7lib/libarm7lib.a(RTCTime.o)
                              ../arm/arm7lib/libarm7lib.a(GPSLassen.o) (_ZN7RTCTimeC1Emmm)
../arm/arm7lib/libarm7lib.a(FIFO.o)
                              ../arm/arm7lib/libarm7lib.a(UART0.o) (_ZN4FIFOC1Ev)
../arm/arm7lib/libarm7lib.a(AX25.o)
                              AFSK.o (_ZN4AX25C1Ev)
../arm/arm7lib/libarm7lib.a(I2C0.o)
                              ../arm/arm7lib/libarm7lib.a(LM92.o) (_ZN4I2C011GetInstanceEv)
../arm/arm7lib/libarm7lib.a(RTC.o)
                              ../arm/arm7lib/libarm7lib.a(SystemControl.o) (_ZN3RTC11GetInstanceEv)
../arm/arm7lib/libarm7lib.a(CRC16.o)
                              ../arm/arm7lib/libarm7lib.a(AX25.o) (_ZN5CRC169CalculateEPKvmm)
/home/elijah/CodeSourcery/Sourcery_G++_Lite/bin/../lib/gcc/arm-none-eabi/4.5.2/../../../../arm-none-eabi/lib/libm.a(lib_a-sf_lround.o)
                              ../arm/arm7lib/libarm7lib.a(GPSLassen.o) (lroundf)
/home/elijah/CodeSourcery/Sourcery_G++_Lite/bin/../lib/gcc/arm-none-eabi/4.5.2/../../../../arm-none-eabi/lib/libm.a(lib_a-w_atan2.o)
                              ../arm/arm7lib/libarm7lib.a(GPSLassen.o) (atan2)
/home/elijah/CodeSourcery/Sourcery_G++_Lite/bin/../lib/gcc/arm-none-eabi/4.5.2/../../../../arm-none-eabi/lib/libm.a(lib_a-w_sqrt.o)
                              ../arm/arm7lib/libarm7lib.a(GPSLassen.o) (sqrt)
/home/elijah/CodeSourcery/Sourcery_G++_Lite/bin/../lib/gcc/arm-none-eabi/4.5.2/../../../../arm-none-eabi/lib/libm.a(lib_a-e_atan2.o)
                              /home/elijah/CodeSourcery/Sourcery_G++_Lite/bin/../lib/gcc/arm-none-eabi/4.5.2/../../../../arm-none-eabi/lib/libm.a(lib_a-w_atan2.o) (__ieee754_atan2)
/home/elijah/CodeSourcery/Sourcery_G++_Lite/bin/../lib/gcc/arm-none-eabi/4.5.2/../../../../arm-none-eabi/lib/libm.a(lib_a-e_sqrt.o)
                              /home/elijah/CodeSourcery/Sourcery_G++_Lite/bin/../lib/gcc/arm-none-eabi/4.5.2/../../../../arm-none-eabi/lib/libm.a(lib_a-w_sqrt.o) (__ieee754_sqrt)
/home/elijah/CodeSourcery/Sourcery_G++_Lite/bin/../lib/gcc/arm-none-eabi/4.5.2/../../../../arm-none-eabi/lib/libm.a(lib_a-s_atan.o)
                              /home/elijah/CodeSourcery/Sourcery_G++_Lite/bin/../lib/gcc/arm-none-eabi/4.5.2/../../../../arm-none-eabi/lib/libm.a(lib_a-e_atan2.o) (atan)
/home/elijah/CodeSourcery/Sourcery_G++_Lite/bin/../lib/gcc/arm-none-eabi/4.5.2/../../../../arm-none-eabi/lib/libm.a(lib_a-s_fabs.o)
                              /home/elijah/CodeSourcery/Sourcery_G++_Lite/bin/../lib/gcc/arm-none-eabi/4.5.2/../../../../arm-none-eabi/lib/libm.a(lib_a-e_atan2.o) (fabs)
/home/elijah/CodeSourcery/Sourcery_G++_Lite/bin/../lib/gcc/arm-none-eabi/4.5.2/../../../../arm-none-eabi/lib/libm.a(lib_a-s_fpclassify.o)
[...]
Memory Configuration

Name             Origin             Length             Attributes
flash            0x00000000         0x00080000         xr
ram_isp_low      0x40000120         0x000000df         a
ram              0x40000000         0x00007f00         rw
ram_isp_high     0x40007fe0         0x00000020         a
ram_usb_dma      0x7fd00000         0x00002000         rw
*default*        0x00000000         0xffffffff

Linker script and memory map

LOAD /home/elijah/CodeSourcery/Sourcery_G++_Lite/bin/../lib/gcc/arm-none-eabi/4.5.2/crti.o
LOAD /home/elijah/CodeSourcery/Sourcery_G++_Lite/bin/../lib/gcc/arm-none-eabi/4.5.2/crtbegin.o
LOAD crt.o
LOAD CRunTime.o
LOAD AFSK.o
LOAD main.o
LOAD Engineering.o
LOAD APRSBeacon.o
LOAD IOPorts.o
LOAD Log.o
LOAD rootdir.o
LOAD sd_raw.o
LOAD fat16.o
LOAD partition.o
LOAD ../arm/arm7lib/libarm7lib.a
LOAD /home/elijah/CodeSourcery/Sourcery_G++_Lite/bin/../lib/gcc/arm-none-eabi/4.5.2/../../../../arm-none-eabi/lib/libstdc++.a
LOAD /home/elijah/CodeSourcery/Sourcery_G++_Lite/bin/../lib/gcc/arm-none-eabi/4.5.2/../../../../arm-none-eabi/lib/libm.a
START GROUP
LOAD /home/elijah/CodeSourcery/Sourcery_G++_Lite/bin/../lib/gcc/arm-none-eabi/4.5.2/libgcc.a
LOAD /home/elijah/CodeSourcery/Sourcery_G++_Lite/bin/../lib/gcc/arm-none-eabi/4.5.2/../../../../arm-none-eabi/lib/libc.a
END GROUP
LOAD /home/elijah/CodeSourcery/Sourcery_G++_Lite/bin/../lib/gcc/arm-none-eabi/4.5.2/crtend.o
LOAD /home/elijah/CodeSourcery/Sourcery_G++_Lite/bin/../lib/gcc/arm-none-eabi/4.5.2/crtn.o
                0x00002000                C_STACK_SIZE = 0x2000
                0x00000400                IRQ_STACK_SIZE = 0x400
                0x00000100                FIQ_STACK_SIZE = 0x100
                0x00000100                SVC_STACK_SIZE = 0x100
                0x00000100                ABT_STACK_SIZE = 0x100
                0x00000100                UND_STACK_SIZE = 0x100

.crt            0x00000000      0x15c
                0x00000000                . = ALIGN (0x4)
 *crt.o(.text)
 .text          0x00000000      0x15c crt.o
                0x00000000                _boot
                0x00000094                _start
                0x0000015c                . = ALIGN (0x4)

.text           0x00000160     0xbe1c
 *(.text)
 .text          0x00000160       0x50 /home/elijah/CodeSourcery/Sourcery_G++_Lite/bin/../lib/gcc/arm-none-eabi/4.5.2/crtbegin.o
 .text          0x000001b0       0x84 /home/elijah/CodeSourcery/Sourcery_G++_Lite/bin/../lib/gcc/arm-none-eabi/4.5.2/../../../../arm-none-eabi/lib/libm.a(lib_a-sf_lround.o)
                0x000001b0                lroundf
 .text          0x00000234       0x10 /home/elijah/CodeSourcery/Sourcery_G++_Lite/bin/../lib/gcc/arm-none-eabi/4.5.2/../../../../arm-none-eabi/lib/libm.a(lib_a-w_atan2.o)
                0x00000234                atan2
 .text          0x00000244      0x124 /home/elijah/CodeSourcery/Sourcery_G++_Lite/bin/../lib/gcc/arm-none-eabi/4.5.2/../../../../arm-none-eabi/lib/libm.a(lib_a-w_sqrt.o)
                0x00000244                sqrt
 .text          0x00000368      0x2e8 /home/elijah/CodeSourcery/Sourcery_G++_Lite/bin/../lib/gcc/arm-none-eabi/4.5.2/../../../../arm-none-eabi/lib/libm.a(lib_a-e_atan2.o)
                0x00000368                __ieee754_atan2
 .text          0x00000650      0x238 /home/elijah/CodeSourcery/Sourcery_G++_Lite/bin/../lib/gcc/arm-none-eabi/4.5.2/../../../../arm-none-eabi/lib/libm.a(lib_a-e_sqrt.o)
                0x00000650                __ieee754_sqrt
 .text          0x00000888      0x4a0 /home/elijah/CodeSourcery/Sourcery_G++_Lite/bin/../lib/gcc/arm-none-eabi/4.5.2/../../../../arm-none-eabi/lib/libm.a(lib_a-s_atan.o)
                0x00000888                atan
 .text          0x00000d28       0x10 /home/elijah/CodeSourcery/Sourcery_G++_Lite/bin/../lib/gcc/arm-none-eabi/4.5.2/../../../../arm-none-eabi/lib/libm.a(lib_a-s_fabs.o)
                0x00000d28                fabs
 .text          0x00000d38       0x8c /home/elijah/CodeSourcery/Sourcery_G++_Lite/bin/../lib/gcc/arm-none-eabi/4.5.2/../../../../arm-none-eabi/lib/libm.a(lib_a-s_fpclassify.o)
                0x00000d38                __fpclassifyd
 .text          0x00000dc4        0x8 /home/elijah/CodeSourcery/Sourcery_G++_Lite/bin/../lib/gcc/arm-none-eabi/4.5.2/../../../../arm-none-eabi/lib/libm.a(lib_a-s_matherr.o)
                0x00000dc4                matherr
 .text          0x00000dcc      0x114 /home/elijah/CodeSourcery/Sourcery_G++_Lite/bin/../lib/gcc/arm-none-eabi/4.5.2/libgcc.a(_udivsi3.o)
                0x00000dcc                __udivsi3
                0x00000dcc                __aeabi_uidiv
                0x00000ec0                __aeabi_uidivmod
 .text          0x00000ee0      0x148 /home/elijah/CodeSourcery/Sourcery_G++_Lite/bin/../lib/gcc/arm-none-eabi/4.5.2/libgcc.a(_divsi3.o)
                0x00000ee0                __aeabi_idiv
                0x00000ee0                __divsi3
                0x00001008                __aeabi_idivmod
 .text          0x00001028        0x4 /home/elijah/CodeSourcery/Sourcery_G++_Lite/bin/../lib/gcc/arm-none-eabi/4.5.2/libgcc.a(_dvmd_tls.o)
                0x00001028                __aeabi_ldiv0
                0x00001028                __aeabi_idiv0
 .text          0x0000102c      0x41c /home/elijah/CodeSourcery/Sourcery_G++_Lite/bin/../lib/gcc/arm-none-eabi/4.5.2/libgcc.a(_arm_addsubdf3.o)
                0x0000102c                __aeabi_drsub
                0x00001034                __aeabi_dsub
                0x00001034                __subdf3
                0x00001038                __adddf3
                0x00001038                __aeabi_dadd
                0x00001348                __aeabi_ui2d
                0x00001348                __floatunsidf
                0x0000136c                __floatsidf
                0x0000136c                __aeabi_i2d
                0x00001394                __extendsfdf2
                0x00001394                __aeabi_f2d
                0x000013d4                __aeabi_ul2d
                0x000013d4                __floatundidf
                0x000013e8                __floatdidf
                0x000013e8                __aeabi_l2d
 .text          0x00001448      0x49c /home/elijah/CodeSourcery/Sourcery_G++_Lite/bin/../lib/gcc/arm-none-eabi/4.5.2/libgcc.a(_arm_muldivdf3.o)
                0x00001448                __aeabi_dmul
                0x00001448                __muldf3
                0x000016d8                __aeabi_ddiv
                0x000016d8                __divdf3
 .text          0x000018e4      0x144 /home/elijah/CodeSourcery/Sourcery_G++_Lite/bin/../lib/gcc/arm-none-eabi/4.5.2/libgcc.a(_arm_cmpdf2.o)
                0x000018e4                __gtdf2
                0x000018e4                __gedf2
                0x000018ec                __ltdf2
                0x000018ec                __ledf2
                0x000018f4                __cmpdf2
                0x000018f4                __eqdf2
                0x000018f4                __nedf2
                0x0000197c                __aeabi_cdrcmple
                0x00001998                __aeabi_cdcmple
                0x00001998                __aeabi_cdcmpeq
                0x000019b0                __aeabi_dcmpeq
                0x000019c8                __aeabi_dcmplt
                0x000019e0                __aeabi_dcmple
                0x000019f8                __aeabi_dcmpge
                0x00001a10                __aeabi_dcmpgt
 .text          0x00001a28       0xa0 /home/elijah/CodeSourcery/Sourcery_G++_Lite/bin/../lib/gcc/arm-none-eabi/4.5.2/libgcc.a(_arm_truncdfsf2.o)
                0x00001a28                __aeabi_d2f
                0x00001a28                __truncdfsf2
 .text          0x00001ac8      0x2ac /home/elijah/CodeSourcery/Sourcery_G++_Lite/bin/../lib/gcc/arm-none-eabi/4.5.2/libgcc.a(_arm_addsubsf3.o)
                0x00001ac8                __aeabi_frsub
                0x00001ad0                __subsf3
                0x00001ad0                __aeabi_fsub
                0x00001ad4                __aeabi_fadd
                0x00001ad4                __addsf3
                0x00001c90                __aeabi_ui2f
                0x00001c90                __floatunsisf
                0x00001c98                __aeabi_i2f
                0x00001c98                __floatsisf
                0x00001cb8                __floatundisf
                0x00001cb8                __aeabi_ul2f
                0x00001cc8                __floatdisf
                0x00001cc8                __aeabi_l2f
 .text          0x00001d74      0x2f8 /home/elijah/CodeSourcery/Sourcery_G++_Lite/bin/../lib/gcc/arm-none-eabi/4.5.2/libgcc.a(_arm_muldivsf3.o)
                0x00001d74                __mulsf3
                0x00001d74                __aeabi_fmul
                0x00001f0c                __divsf3
                0x00001f0c                __aeabi_fdiv
 .text          0x0000206c       0x5c /home/elijah/CodeSourcery/Sourcery_G++_Lite/bin/../lib/gcc/arm-none-eabi/4.5.2/libgcc.a(_arm_fixsfsi.o)
                0x0000206c                __fixsfsi
                0x0000206c                __aeabi_f2iz
 .text          0x000020c8       0x10 /home/elijah/CodeSourcery/Sourcery_G++_Lite/bin/../lib/gcc/arm-none-eabi/4.5.2/../../../../arm-none-eabi/lib/libc.a(lib_a-errno.o)
                0x000020c8                __errno
 .text          0x000020d8       0x20 /home/elijah/CodeSourcery/Sourcery_G++_Lite/bin/../lib/gcc/arm-none-eabi/4.5.2/../../../../arm-none-eabi/lib/libc.a(lib_a-gmtime.o)
                0x000020d8                gmtime
 .text          0x000020f8       0x14 /home/elijah/CodeSourcery/Sourcery_G++_Lite/bin/../lib/gcc/arm-none-eabi/4.5.2/../../../../arm-none-eabi/lib/libc.a(lib_a-gmtime_r.o)
                0x000020f8                gmtime_r
 .text          0x0000210c       0x80 /home/elijah/CodeSourcery/Sourcery_G++_Lite/bin/../lib/gcc/arm-none-eabi/4.5.2/../../../../arm-none-eabi/lib/libc.a(lib_a-init.o)
                0x0000210c                __libc_init_array
 .text          0x0000218c       0x40 /home/elijah/CodeSourcery/Sourcery_G++_Lite/bin/../lib/gcc/arm-none-eabi/4.5.2/../../../../arm-none-eabi/lib/libc.a(lib_a-malloc.o)
                0x0000218c                malloc
                0x000021ac                free
 .text          0x000021cc      0x70c /home/elijah/CodeSourcery/Sourcery_G++_Lite/bin/../lib/gcc/arm-none-eabi/4.5.2/../../../../arm-none-eabi/lib/libc.a(lib_a-mallocr.o)
                0x000021cc                _malloc_r
 .text          0x000028d8      0x1c0 /home/elijah/CodeSourcery/Sourcery_G++_Lite/bin/../lib/gcc/arm-none-eabi/4.5.2/../../../../arm-none-eabi/lib/libc.a(lib_a-memcpy.o)
                0x000028d8                memcpy
 .text          0x00002a98      0x100 /home/elijah/CodeSourcery/Sourcery_G++_Lite/bin/../lib/gcc/arm-none-eabi/4.5.2/../../../../arm-none-eabi/lib/libc.a(lib_a-memset.o)
                0x00002a98                memset
 .text          0x00002b98      0x75c /home/elijah/CodeSourcery/Sourcery_G++_Lite/bin/../lib/gcc/arm-none-eabi/4.5.2/../../../../arm-none-eabi/lib/libc.a(lib_a-mktm_r.o)
                0x00002b98                __tzcalc_limits
                0x00002de4                _mktm_r
 .text          0x000032f4        0x8 /home/elijah/CodeSourcery/Sourcery_G++_Lite/bin/../lib/gcc/arm-none-eabi/4.5.2/../../../../arm-none-eabi/lib/libc.a(lib_a-mlock.o)
                0x000032f4                __malloc_lock
                0x000032f8                __malloc_unlock
 .text          0x000032fc       0xdc /home/elijah/CodeSourcery/Sourcery_G++_Lite/bin/../lib/gcc/arm-none-eabi/4.5.2/../../../../arm-none-eabi/lib/libc.a(lib_a-sprintf.o)
                0x000032fc                _sprintf_r
                0x00003364                sprintf
 .text          0x000033d8       0x94 /home/elijah/CodeSourcery/Sourcery_G++_Lite/bin/../lib/gcc/arm-none-eabi/4.5.2/../../../../arm-none-eabi/lib/libc.a(lib_a-strcat.o)
                0x000033d8                strcat
 .text          0x0000346c      0x1e4 /home/elijah/CodeSourcery/Sourcery_G++_Lite/bin/../lib/gcc/arm-none-eabi/4.5.2/../../../../arm-none-eabi/lib/libc.a(lib_a-strchr.o)
                0x0000346c                strchr
 .text          0x00003650      0x230 /home/elijah/CodeSourcery/Sourcery_G++_Lite/bin/../lib/gcc/arm-none-eabi/4.5.2/../../../../arm-none-eabi/lib/libc.a(lib_a-strcmp.o)
                0x00003650                strcmp
 .text          0x00003880       0xf0 /home/elijah/CodeSourcery/Sourcery_G++_Lite/bin/../lib/gcc/arm-none-eabi/4.5.2/../../../../arm-none-eabi/lib/libc.a(lib_a-strcpy.o)
                0x00003880                strcpy
 .text          0x00003970       0x60 /home/elijah/CodeSourcery/Sourcery_G++_Lite/bin/../lib/gcc/arm-none-eabi/4.5.2/../../../../arm-none-eabi/lib/libc.a(lib_a-strlen.o)
                0x00003970                strlen
 .text          0x000039d0      0x158 /home/elijah/CodeSourcery/Sourcery_G++_Lite/bin/../lib/gcc/arm-none-eabi/4.5.2/../../../../arm-none-eabi/lib/libc.a(lib_a-strncmp.o)
                0x000039d0                strncmp
 .text          0x00003b28       0xe0 /home/elijah/CodeSourcery/Sourcery_G++_Lite/bin/../lib/gcc/arm-none-eabi/4.5.2/../../../../arm-none-eabi/lib/libc.a(lib_a-strncpy.o)
                0x00003b28                strncpy
 .text          0x00003c08       0x4c /home/elijah/CodeSourcery/Sourcery_G++_Lite/bin/../lib/gcc/arm-none-eabi/4.5.2/../../../../arm-none-eabi/lib/libc.a(lib_a-strrchr.o)
                0x00003c08                strrchr
 .text          0x00003c54     0x2138 /home/elijah/CodeSourcery/Sourcery_G++_Lite/bin/../lib/gcc/arm-none-eabi/4.5.2/../../../../arm-none-eabi/lib/libc.a(lib_a-svfprintf.o)
                0x00003c54                _svfprintf_r
 .text          0x00005d8c        0x8 /home/elijah/CodeSourcery/Sourcery_G++_Lite/bin/../lib/gcc/arm-none-eabi/4.5.2/../../../../arm-none-eabi/lib/libc.a(lib_a-tzlock.o)
                0x00005d8c                __tz_lock
                0x00005d90                __tz_unlock
 .text          0x00005d94       0xc8 /home/elijah/CodeSourcery/Sourcery_G++_Lite/bin/../lib/gcc/arm-none-eabi/4.5.2/../../../../arm-none-eabi/lib/libc.a(lib_a-vsnprintf.o)
                0x00005d94                _vsnprintf_r
                0x00005e18                vsnprintf
 *fill*         0x00005e5c        0x4 00
 .text          0x00005e60     0x17d0 /home/elijah/CodeSourcery/Sourcery_G++_Lite/bin/../lib/gcc/arm-none-eabi/4.5.2/../../../../arm-none-eabi/lib/libc.a(lib_a-dtoa.o)
                0x00006030                _dtoa_r
 .text          0x00007630      0x360 /home/elijah/CodeSourcery/Sourcery_G++_Lite/bin/../lib/gcc/arm-none-eabi/4.5.2/../../../../arm-none-eabi/lib/libc.a(lib_a-freer.o)
                0x00007630                _malloc_trim_r
                0x0000772c                _free_r
 .text          0x00007990        0xc /home/elijah/CodeSourcery/Sourcery_G++_Lite/bin/../lib/gcc/arm-none-eabi/4.5.2/../../../../arm-none-eabi/lib/libc.a(lib_a-gettzinfo.o)
                0x00007990                __gettzinfo
 .text          0x0000799c       0xd0 /home/elijah/CodeSourcery/Sourcery_G++_Lite/bin/../lib/gcc/arm-none-eabi/4.5.2/../../../../arm-none-eabi/lib/libc.a(lib_a-locale.o)
                0x0000799c                _setlocale_r
                0x00007a08                __locale_charset
                0x00007a14                __locale_mb_cur_max
                0x00007a24                __locale_msgcharset
                0x00007a30                __locale_cjk_lang
                0x00007a38                _localeconv_r
                0x00007a44                setlocale
                0x00007a60                localeconv
 .text          0x00007a6c      0x104 /home/elijah/CodeSourcery/Sourcery_G++_Lite/bin/../lib/gcc/arm-none-eabi/4.5.2/../../../../arm-none-eabi/lib/libc.a(lib_a-memchr.o)
                0x00007a6c                memchr
 .text          0x00007b70      0xcfc /home/elijah/CodeSourcery/Sourcery_G++_Lite/bin/../lib/gcc/arm-none-eabi/4.5.2/../../../../arm-none-eabi/lib/libc.a(lib_a-mprec.o)
                0x00007b70                _Balloc
                0x00007bf8                _Bfree
                0x00007c14                __multadd
                0x00007cf0                __s2b
                0x00007ddc                __hi0bits
                0x00007e2c                __lo0bits
                0x00007ebc                __i2b
                0x00007ee0                __multiply
                0x000080c8                __pow5mult
                0x000081bc                __lshift
                0x000082c0                __mcmp
                0x00008320                __mdiff
                0x00008478                __ulp
                0x000084d8                __b2d
                0x0000859c                __d2b
                0x000086a4                __ratio
                0x0000871c                _mprec_log10
                0x00008770                __copybits
                0x000087e4                __any_on
 .text          0x0000886c     0x1238 /home/elijah/CodeSourcery/Sourcery_G++_Lite/bin/../lib/gcc/arm-none-eabi/4.5.2/../../../../arm-none-eabi/lib/libc.a(lib_a-svfiprintf.o)
                0x0000886c                __ssprint_r
                0x00008a08                _svfiprintf_r
 .text          0x00009aa4       0x9c /home/elijah/CodeSourcery/Sourcery_G++_Lite/bin/../lib/gcc/arm-none-eabi/4.5.2/../../../../arm-none-eabi/lib/libc.a(lib_a-callocr.o)
                0x00009aa4                _calloc_r
 .text          0x00009b40      0x128 /home/elijah/CodeSourcery/Sourcery_G++_Lite/bin/../lib/gcc/arm-none-eabi/4.5.2/../../../../arm-none-eabi/lib/libc.a(lib_a-memmove.o)
                0x00009b40                memmove
 .text          0x00009c68      0x5c0 /home/elijah/CodeSourcery/Sourcery_G++_Lite/bin/../lib/gcc/arm-none-eabi/4.5.2/../../../../arm-none-eabi/lib/libc.a(lib_a-reallocr.o)
                0x00009c68                _realloc_r
 .text          0x0000a228       0x5c /home/elijah/CodeSourcery/Sourcery_G++_Lite/bin/../lib/gcc/arm-none-eabi/4.5.2/libgcc.a(_arm_fixdfsi.o)
                0x0000a228                __fixdfsi
                0x0000a228                __aeabi_d2iz
 .text          0x0000a284       0x3c /home/elijah/CodeSourcery/Sourcery_G++_Lite/bin/../lib/gcc/arm-none-eabi/4.5.2/libgcc.a(_aeabi_uldivmod.o)
                0x0000a284                __aeabi_uldivmod
 .text          0x0000a2c0       0x80 /home/elijah/CodeSourcery/Sourcery_G++_Lite/bin/../lib/gcc/arm-none-eabi/4.5.2/libgcc.a(bpabi.o)
                0x0000a2c0                __gnu_ldivmod_helper
                0x0000a300                __gnu_uldivmod_helper
 .text          0x0000a340      0x4a8 /home/elijah/CodeSourcery/Sourcery_G++_Lite/bin/../lib/gcc/arm-none-eabi/4.5.2/libgcc.a(_divdi3.o)
                0x0000a340                __divdi3
 .text          0x0000a7e8      0x434 /home/elijah/CodeSourcery/Sourcery_G++_Lite/bin/../lib/gcc/arm-none-eabi/4.5.2/libgcc.a(_udivdi3.o)
                0x0000a7e8                __udivdi3
 .text          0x0000ac1c       0x48 /home/elijah/CodeSourcery/Sourcery_G++_Lite/bin/../lib/gcc/arm-none-eabi/4.5.2/libgcc.a(_clzsi2.o)
                0x0000ac1c                __clzsi2
 *(.rodata)
 .rodata        0x0000ac64      0x15c AFSK.o
 .rodata        0x0000adc0      0x288 Engineering.o
 .rodata        0x0000b048      0x2a8 APRSBeacon.o
                0x0000b178                _ZTV6M25P80
                0x0000b190                _ZTV9GPSLassen
                0x0000b1a8                _ZTV7CMX867A
 .rodata        0x0000b2f0      0x158 Log.o
 .rodata        0x0000b448      0x250 rootdir.o
 .rodata        0x0000b698      0x19c sd_raw.o
 .rodata        0x0000b834      0x16c fat16.o
 .rodata        0x0000b9a0      0x200 ../arm/arm7lib/libarm7lib.a(CRC16.o)
                0x0000b9a0                _ZN5CRC168CRCTableE
 .rodata        0x0000bba0       0x40 /home/elijah/CodeSourcery/Sourcery_G++_Lite/bin/../lib/gcc/arm-none-eabi/4.5.2/../../../../arm-none-eabi/lib/libm.a(lib_a-s_atan.o)
 .rodata        0x0000bbe0       0x68 /home/elijah/CodeSourcery/Sourcery_G++_Lite/bin/../lib/gcc/arm-none-eabi/4.5.2/../../../../arm-none-eabi/lib/libc.a(lib_a-mktm_r.o)
 .rodata        0x0000bc48       0x20 /home/elijah/CodeSourcery/Sourcery_G++_Lite/bin/../lib/gcc/arm-none-eabi/4.5.2/../../../../arm-none-eabi/lib/libc.a(lib_a-svfprintf.o)
 .rodata        0x0000bc68      0x128 /home/elijah/CodeSourcery/Sourcery_G++_Lite/bin/../lib/gcc/arm-none-eabi/4.5.2/../../../../arm-none-eabi/lib/libc.a(lib_a-mprec.o)
                0x0000bc78                __mprec_tens
                0x0000bd40                __mprec_bigtens
                0x0000bd68                __mprec_tinytens
 .rodata        0x0000bd90       0x20 /home/elijah/CodeSourcery/Sourcery_G++_Lite/bin/../lib/gcc/arm-none-eabi/4.5.2/../../../../arm-none-eabi/lib/libc.a(lib_a-svfiprintf.o)
 *(.rodata*)
 .rodata.str1.4
                0x0000bdb0        0x3 ../arm/arm7lib/libarm7lib.a(UART0.o)
                                  0x4 (size before relaxing)
 *fill*         0x0000bdb3        0x1 00
 .rodata.str1.4
                0x0000bdb4       0x36 ../arm/arm7lib/libarm7lib.a(GPSLassen.o)
                                 0x38 (size before relaxing)
 *fill*         0x0000bdea        0x2 00
 .rodata.str1.4
                0x0000bdec       0xb1 ../arm/arm7lib/libarm7lib.a(NMEA.o)
                                 0xb4 (size before relaxing)
 *fill*         0x0000be9d        0x3 00
 .rodata.str1.4
                0x0000bea0        0x5 /home/elijah/CodeSourcery/Sourcery_G++_Lite/bin/../lib/gcc/arm-none-eabi/4.5.2/../../../../arm-none-eabi/lib/libm.a(lib_a-w_sqrt.o)
                                  0x8 (size before relaxing)
 *fill*         0x0000bea5        0x3 00
 .rodata.str1.4
                0x0000bea8        0x2 /home/elijah/CodeSourcery/Sourcery_G++_Lite/bin/../lib/gcc/arm-none-eabi/4.5.2/../../../../arm-none-eabi/lib/libc.a(lib_a-impure.o)
                                  0x4 (size before relaxing)
 *fill*         0x0000beaa        0x2 00
 .rodata.str1.4
                0x0000beac       0x42 /home/elijah/CodeSourcery/Sourcery_G++_Lite/bin/../lib/gcc/arm-none-eabi/4.5.2/../../../../arm-none-eabi/lib/libc.a(lib_a-svfprintf.o)
                                 0x44 (size before relaxing)
 *fill*         0x0000beee        0x2 00
 .rodata.str1.4
                0x0000bef0       0x10 /home/elijah/CodeSourcery/Sourcery_G++_Lite/bin/../lib/gcc/arm-none-eabi/4.5.2/../../../../arm-none-eabi/lib/libc.a(lib_a-dtoa.o)
                                 0x14 (size before relaxing)
 .rodata.str1.4
                0x0000bf00        0xc /home/elijah/CodeSourcery/Sourcery_G++_Lite/bin/../lib/gcc/arm-none-eabi/4.5.2/../../../../arm-none-eabi/lib/libc.a(lib_a-locale.o)
                                 0x14 (size before relaxing)
 .rodata.str1.4
                0x00000000       0x30 /home/elijah/CodeSourcery/Sourcery_G++_Lite/bin/../lib/gcc/arm-none-eabi/4.5.2/../../../../arm-none-eabi/lib/libc.a(lib_a-svfiprintf.o)
 *(.glue_7)
 .glue_7        0x00000000        0x0 linker stubs
 *(.glue_7t)
 .glue_7t       0x00000000        0x0 linker stubs
                0x0000bf0c                . = ALIGN (0x4)
 *(.init)
 .init          0x0000bf0c        0xc /home/elijah/CodeSourcery/Sourcery_G++_Lite/bin/../lib/gcc/arm-none-eabi/4.5.2/crti.o
                0x0000bf0c                _init
 .init          0x0000bf18        0xc /home/elijah/CodeSourcery/Sourcery_G++_Lite/bin/../lib/gcc/arm-none-eabi/4.5.2/crtn.o
                0x0000bf24                . = ALIGN (0x4)
                0x0000bf24                __preinit_array_start = .
 *(.preinit_array)
                0x0000bf24                __preinit_array_end = .
                0x0000bf24                . = ALIGN (0x4)
                0x0000bf24                __init_array_start = .
 *(SORT(.init_array.*))
 *(.init_array)
 .init_array    0x0000bf24        0x4 /home/elijah/CodeSourcery/Sourcery_G++_Lite/bin/../lib/gcc/arm-none-eabi/4.5.2/crtbegin.o
 .init_array    0x0000bf28        0x4 AFSK.o
 .init_array    0x0000bf2c        0x4 Engineering.o
 .init_array    0x0000bf30        0x4 APRSBeacon.o
 .init_array    0x0000bf34        0x4 Log.o
 .init_array    0x0000bf38        0x4 ../arm/arm7lib/libarm7lib.a(DAC.o)
 .init_array    0x0000bf3c        0x4 ../arm/arm7lib/libarm7lib.a(SystemControl.o)
 .init_array    0x0000bf40        0x4 ../arm/arm7lib/libarm7lib.a(Timer0.o)
 .init_array    0x0000bf44        0x4 ../arm/arm7lib/libarm7lib.a(Timer1.o)
 .init_array    0x0000bf48        0x4 ../arm/arm7lib/libarm7lib.a(UART0.o)
 .init_array    0x0000bf4c        0x4 ../arm/arm7lib/libarm7lib.a(UART1.o)
 .init_array    0x0000bf50        0x4 ../arm/arm7lib/libarm7lib.a(CMX867A.o)
 .init_array    0x0000bf54        0x4 ../arm/arm7lib/libarm7lib.a(GPSLassen.o)
 .init_array    0x0000bf58        0x4 ../arm/arm7lib/libarm7lib.a(M25P80.o)
 .init_array    0x0000bf5c        0x4 ../arm/arm7lib/libarm7lib.a(RTC.o)
                0x0000bf60                __init_array_end = .
                0x0000bf60                . = ALIGN (0x4)
 *crtbegin.o(.ctors)
 *(EXCLUDE_FILE(*crtend.o) .ctors)
 *(SORT(.ctors.*))
 *crtend.o(.ctors)
                0x0000bf60                . = ALIGN (0x4)
 *(.fini)
 .fini          0x0000bf60        0xc /home/elijah/CodeSourcery/Sourcery_G++_Lite/bin/../lib/gcc/arm-none-eabi/4.5.2/crti.o
                0x0000bf60                _fini
 .fini          0x0000bf6c        0xc /home/elijah/CodeSourcery/Sourcery_G++_Lite/bin/../lib/gcc/arm-none-eabi/4.5.2/crtn.o
                0x0000bf78                . = ALIGN (0x4)
                0x0000bf78                __fini_array_start = .
 *(.fini_array)
 .fini_array    0x0000bf78        0x4 /home/elijah/CodeSourcery/Sourcery_G++_Lite/bin/../lib/gcc/arm-none-eabi/4.5.2/crtbegin.o
 *(SORT(.fini_array.*))
                0x0000bf7c                __fini_array_end = .
 *crtbegin.o(.dtors)
 *(EXCLUDE_FILE(*crtend.o) .dtors)
 *(SORT(.dtors.*))
 *crtend.o(.dtors)

.vfp11_veneer   0x0000bf7c        0x0
 .vfp11_veneer  0x00000000        0x0 linker stubs

.v4_bx          0x0000bf7c        0x0
 .v4_bx         0x00000000        0x0 linker stubs

.text._sbrk_r   0x0000bf7c       0x64
 .text._sbrk_r  0x0000bf7c       0x64 CRunTime.o
                0x0000bf7c                _sbrk_r

.text._ZN4AFSK11GetInstanceEv
                0x0000bfe0       0x10
 .text._ZN4AFSK11GetInstanceEv
                0x0000bfe0       0x10 AFSK.o
                0x0000bfe0                _ZN4AFSK11GetInstanceEv

.text._ZN4AFSKC2Ev
                0x0000bff0       0xbc
 .text._ZN4AFSKC2Ev
                0x0000bff0       0xbc AFSK.o
                0x0000bff0                _ZN4AFSKC1Ev
                0x0000bff0                _ZN4AFSKC2Ev

.text._ZN4AFSK8TransmitEPKcS1_
                0x0000c0ac       0xb0
 .text._ZN4AFSK8TransmitEPKcS1_
                0x0000c0ac       0xb0 AFSK.o
                0x0000c0ac                _ZN4AFSK8TransmitEPKcS1_

.text._ZN4AFSK6UpdateEv
                0x0000c15c      0x100
 .text._ZN4AFSK6UpdateEv
                0x0000c15c      0x100 AFSK.o
                0x0000c15c                _ZN4AFSK6UpdateEv

.text._ZN4AFSK10IsTransmitEv
                0x0000c25c       0x1c
 .text._ZN4AFSK10IsTransmitEv
                0x0000c25c       0x1c AFSK.o
                0x0000c25c                _ZN4AFSK10IsTransmitEv

.text._Z41__static_initialization_and_destruction_0ii
                0x0000c278      0x120
 .text._Z41__static_initialization_and_destruction_0ii
                0x0000c278       0x48 AFSK.o
 .text._Z41__static_initialization_and_destruction_0ii
                0x0000c2c0       0x48 Engineering.o
 .text._Z41__static_initialization_and_destruction_0ii
                0x0000c308       0x48 APRSBeacon.o
 .text._Z41__static_initialization_and_destruction_0ii
                0x0000c350       0x48 Log.o

.text._GLOBAL__I__ZN4AFSK11GetInstanceEv
                0x0000c398       0x1c
 .text._GLOBAL__I__ZN4AFSK11GetInstanceEv
                0x0000c398       0x1c AFSK.o

.text.main      0x0000c3b4       0x34
 .text.main     0x0000c3b4       0x34 main.o
                0x0000c3b4                main

.text._ZN11Engineering11GetInstanceEv
                0x0000c3e8       0x10
 .text._ZN11Engineering11GetInstanceEv
                0x0000c3e8       0x10 Engineering.o
                0x0000c3e8                _ZN11Engineering11GetInstanceEv

.text._ZN11EngineeringC2Ev
                0x0000c3f8       0x3c
 .text._ZN11EngineeringC2Ev
                0x0000c3f8       0x3c Engineering.o
                0x0000c3f8                _ZN11EngineeringC1Ev
                0x0000c3f8                _ZN11EngineeringC2Ev

.text._ZN11Engineering6EnableEv
                0x0000c434       0x38
 .text._ZN11Engineering6EnableEv
                0x0000c434       0x38 Engineering.o
                0x0000c434                _ZN11Engineering6EnableEv

.text._ZN11Engineering4MenuEv
                0x0000c46c       0xd8
 .text._ZN11Engineering4MenuEv
                0x0000c46c       0xd8 Engineering.o
                0x0000c46c                _ZN11Engineering4MenuEv

.text._ZN11Engineering18MICEncoderTestCaseEP7GPSDatam
                0x0000c544      0x27c
 .text._ZN11Engineering18MICEncoderTestCaseEP7GPSDatam
                0x0000c544      0x27c Engineering.o
                0x0000c544                _ZN11Engineering18MICEncoderTestCaseEP7GPSDatam

.text._ZN11Engineering14ProcessCommandEv
                0x0000c7c0      0x654
 .text._ZN11Engineering14ProcessCommandEv
                0x0000c7c0      0x654 Engineering.o
                0x0000c7c0                _ZN11Engineering14ProcessCommandEv

.text._GLOBAL__I__ZN11Engineering11GetInstanceEv
                0x0000ce14       0x1c
 .text._GLOBAL__I__ZN11Engineering11GetInstanceEv
                0x0000ce14       0x1c Engineering.o

.text._ZN9GPSLassen7HasDataEv
                0x0000ce30       0x30
 .text._ZN9GPSLassen7HasDataEv
                0x0000ce30       0x30 APRSBeacon.o
                0x0000ce30                _ZN9GPSLassen7HasDataEv

.text._ZN9GPSLassen8ReadDataEv
                0x0000ce60       0x30
 .text._ZN9GPSLassen8ReadDataEv
                0x0000ce60       0x30 APRSBeacon.o
                0x0000ce60                _ZN9GPSLassen8ReadDataEv

.text._ZN9GPSLassen9WriteDataEh
                0x0000ce90       0x38
 .text._ZN9GPSLassen9WriteDataEh
                0x0000ce90       0x38 APRSBeacon.o
                0x0000ce90                _ZN9GPSLassen9WriteDataEh

.text._ZN6M25P807IOSetCSEb
                0x0000cec8       0x38
 .text._ZN6M25P807IOSetCSEb
                0x0000cec8       0x38 APRSBeacon.o
                0x0000cec8                _ZN6M25P807IOSetCSEb

.text._ZN6M25P807SPIReadEv
                0x0000cf00       0x34
 .text._ZN6M25P807SPIReadEv
                0x0000cf00       0x34 APRSBeacon.o
                0x0000cf00                _ZN6M25P807SPIReadEv

.text._ZN6M25P808SPIWriteEh
                0x0000cf34       0x38
 .text._ZN6M25P808SPIWriteEh
                0x0000cf34       0x38 APRSBeacon.o
                0x0000cf34                _ZN6M25P808SPIWriteEh

.text._ZN7CMX867A7IOSetCSEb
                0x0000cf6c       0x38
 .text._ZN7CMX867A7IOSetCSEb
                0x0000cf6c       0x38 APRSBeacon.o
                0x0000cf6c                _ZN7CMX867A7IOSetCSEb

.text._ZN7CMX867A7SPIReadEv
                0x0000cfa4       0x30
 .text._ZN7CMX867A7SPIReadEv
                0x0000cfa4       0x30 APRSBeacon.o
                0x0000cfa4                _ZN7CMX867A7SPIReadEv

.text._ZN7CMX867A8SPIWriteEh
                0x0000cfd4       0x38
 .text._ZN7CMX867A8SPIWriteEh
                0x0000cfd4       0x38 APRSBeacon.o
                0x0000cfd4                _ZN7CMX867A8SPIWriteEh

.text._ZN10APRSBeaconC2Ev
                0x0000d00c       0x3c
 .text._ZN10APRSBeaconC2Ev
                0x0000d00c       0x3c APRSBeacon.o
                0x0000d00c                _ZN10APRSBeaconC1Ev
                0x0000d00c                _ZN10APRSBeaconC2Ev

.text._ZN10APRSBeacon12StatusPacketEPK7GPSDataPc
                0x0000d048      0x26c
 .text._ZN10APRSBeacon12StatusPacketEPK7GPSDataPc
                0x0000d048      0x26c APRSBeacon.o
                0x0000d048                _ZN10APRSBeacon12StatusPacketEPK7GPSDataPc

.text._ZN10APRSBeacon15ScheduleMessageEv
                0x0000d2b4      0x4e8
 .text._ZN10APRSBeacon15ScheduleMessageEv
                0x0000d2b4      0x4e8 APRSBeacon.o
                0x0000d2b4                _ZN10APRSBeacon15ScheduleMessageEv

.text._ZN10APRSBeacon14fat_initializeEv
                0x0000d79c       0x8c
 .text._ZN10APRSBeacon14fat_initializeEv
                0x0000d79c       0x8c APRSBeacon.o
                0x0000d79c                _ZN10APRSBeacon14fat_initializeEv

.text._ZN10APRSBeacon3RunEv
                0x0000d828      0x1bc
 .text._ZN10APRSBeacon3RunEv
                0x0000d828      0x1bc APRSBeacon.o
                0x0000d828                _ZN10APRSBeacon3RunEv

.text._GLOBAL__I__ZN9GPSLassen7HasDataEv
                0x0000d9e4       0x1c
 .text._GLOBAL__I__ZN9GPSLassen7HasDataEv
                0x0000d9e4       0x1c APRSBeacon.o

.text._ZN7IOPorts6EnableEv
                0x0000da00       0x74
 .text._ZN7IOPorts6EnableEv
                0x0000da00       0x74 IOPorts.o
                0x0000da00                _ZN7IOPorts6EnableEv

.text._ZN7IOPorts10RadioPowerEb
                0x0000da74       0x44
 .text._ZN7IOPorts10RadioPowerEb
                0x0000da74       0x44 IOPorts.o
                0x0000da74                _ZN7IOPorts10RadioPowerEb

.text._ZN7IOPorts8RadioPTTEb
                0x0000dab8       0x44
 .text._ZN7IOPorts8RadioPTTEb
                0x0000dab8       0x44 IOPorts.o
                0x0000dab8                _ZN7IOPorts8RadioPTTEb

.text._ZN7IOPorts9RadioFreqEb
                0x0000dafc       0x44
 .text._ZN7IOPorts9RadioFreqEb
                0x0000dafc       0x44 IOPorts.o
                0x0000dafc                _ZN7IOPorts9RadioFreqEb

.text._ZN7IOPorts9StatusLEDENS_10STATUS_LEDEb
                0x0000db40       0xdc
 .text._ZN7IOPorts9StatusLEDENS_10STATUS_LEDEb
                0x0000db40       0xdc IOPorts.o
                0x0000db40                _ZN7IOPorts9StatusLEDENS_10STATUS_LEDEb

.text._ZN3Log11GetInstanceEv
                0x0000dc1c       0x10
 .text._ZN3Log11GetInstanceEv
                0x0000dc1c       0x10 Log.o
                0x0000dc1c                _ZN3Log11GetInstanceEv

.text._ZN3LogC2Ev
                0x0000dc2c       0x3c
 .text._ZN3LogC2Ev
                0x0000dc2c       0x3c Log.o
                0x0000dc2c                _ZN3LogC1Ev
                0x0000dc2c                _ZN3LogC2Ev

.text._ZN3Log6GPSFixEPK7GPSData
                0x0000dc68      0x114
 .text._ZN3Log6GPSFixEPK7GPSData
                0x0000dc68      0x114 Log.o
                0x0000dc68                _ZN3Log6GPSFixEPK7GPSData

.text._ZN3Log9TimeStampEPK7GPSData
                0x0000dd7c       0xa4
 .text._ZN3Log9TimeStampEPK7GPSData
                0x0000dd7c       0xa4 Log.o
                0x0000dd7c                _ZN3Log9TimeStampEPK7GPSData

.text._ZN3Log10WriteUint8Eh
                0x0000de20       0x44
 .text._ZN3Log10WriteUint8Eh
                0x0000de20       0x44 Log.o
                0x0000de20                _ZN3Log10WriteUint8Eh

.text._ZN3Log11WriteUint16Et
                0x0000de64       0x84
 .text._ZN3Log11WriteUint16Et
                0x0000de64       0x84 Log.o
                0x0000de64                _ZN3Log11WriteUint16Et

.text._ZN3Log10WriteBlockEPKhm
                0x0000dee8       0x88
 .text._ZN3Log10WriteBlockEPKhm
                0x0000dee8       0x88 Log.o
                0x0000dee8                _ZN3Log10WriteBlockEPKhm

.text._ZN3Log4DumpEv
                0x0000df70      0x1c0
 .text._ZN3Log4DumpEv
                0x0000df70      0x1c0 Log.o
                0x0000df70                _ZN3Log4DumpEv

.text._ZN3Log5FlushEv
                0x0000e130       0x74
 .text._ZN3Log5FlushEv
                0x0000e130       0x74 Log.o
                0x0000e130                _ZN3Log5FlushEv

.text._ZN3Log4TypeENS_15LOG_RECORD_TYPEE
                0x0000e1a4       0x60
 .text._ZN3Log4TypeENS_15LOG_RECORD_TYPEE
                0x0000e1a4       0x60 Log.o
                0x0000e1a4                _ZN3Log4TypeENS_15LOG_RECORD_TYPEE

.text._ZN3Log5EraseEv
                0x0000e204       0x34
 .text._ZN3Log5EraseEv
                0x0000e204       0x34 Log.o
                0x0000e204                _ZN3Log5EraseEv

.text._GLOBAL__I__ZN3Log11GetInstanceEv
                0x0000e238       0x1c
 .text._GLOBAL__I__ZN3Log11GetInstanceEv
                0x0000e238       0x1c Log.o

.text._Z8openrootv
                0x0000e254      0x160
 .text._Z8openrootv
                0x0000e254      0x160 rootdir.o
                0x0000e254                _Z8openrootv

.text._Z13root_open_newPc
                0x0000e3b4       0x88
 .text._Z13root_open_newPc
                0x0000e3b4       0x88 rootdir.o
                0x0000e3b4                _Z13root_open_newPc

.text._Z11sd_raw_initv
                0x0000e43c      0x368
 .text._Z11sd_raw_initv
                0x0000e43c      0x368 sd_raw.o
                0x0000e43c                _Z11sd_raw_initv

.text._Z16sd_raw_availablev
                0x0000e7a4       0xb0
 .text._Z16sd_raw_availablev
                0x0000e7a4       0xb0 sd_raw.o
                0x0000e7a4                _Z16sd_raw_availablev

.text._ZL16sd_raw_send_byteh
                0x0000e854       0x58
 .text._ZL16sd_raw_send_byteh
                0x0000e854       0x58 sd_raw.o

.text._ZL15sd_raw_rec_bytev
                0x0000e8ac       0x58
 .text._ZL15sd_raw_rec_bytev
                0x0000e8ac       0x58 sd_raw.o

.text._ZL22sd_raw_send_command_r1hj
                0x0000e904      0x100
 .text._ZL22sd_raw_send_command_r1hj
                0x0000e904      0x100 sd_raw.o

.text._Z11sd_raw_readjPht
                0x0000ea04      0x28c
 .text._Z11sd_raw_readjPht
                0x0000ea04      0x28c sd_raw.o
                0x0000ea04                _Z11sd_raw_readjPht

.text._Z20sd_raw_read_intervaljPhttPFhS_jPvES0_
                0x0000ec90      0x11c
 .text._Z20sd_raw_read_intervaljPhttPFhS_jPvES0_
                0x0000ec90      0x11c sd_raw.o
                0x0000ec90                _Z20sd_raw_read_intervaljPhttPFhS_jPvES0_

.text._Z12sd_raw_writejPKht
                0x0000edac      0x304
 .text._Z12sd_raw_writejPKht
                0x0000edac      0x304 sd_raw.o
                0x0000edac                _Z12sd_raw_writejPKht

.text._Z11sd_raw_syncv
                0x0000f0b0       0x74
 .text._Z11sd_raw_syncv
                0x0000f0b0       0x74 sd_raw.o
                0x0000f0b0                _Z11sd_raw_syncv

.text._Z10fat16_openP16partition_struct
                0x0000f124       0xe0
 .text._Z10fat16_openP16partition_struct
                0x0000f124       0xe0 fat16.o
                0x0000f124                _Z10fat16_openP16partition_struct

.text._ZL17fat16_read_headerP15fat16_fs_struct
                0x0000f204      0x380
 .text._ZL17fat16_read_headerP15fat16_fs_struct
                0x0000f204      0x380 fat16.o

.text._ZL25fat16_read_root_dir_entryPK15fat16_fs_structtP22fat16_dir_entry_struct
                0x0000f584      0x1a0
 .text._ZL25fat16_read_root_dir_entryPK15fat16_fs_structtP22fat16_dir_entry_struct
                0x0000f584      0x1a0 fat16.o

.text._ZL24fat16_read_sub_dir_entryPK15fat16_fs_structtPK22fat16_dir_entry_structPS2_
                0x0000f724      0x208
 .text._ZL24fat16_read_sub_dir_entryPK15fat16_fs_structtPK22fat16_dir_entry_structPS2_
                0x0000f724      0x208 fat16.o

.text._ZL29fat16_dir_entry_seek_callbackPhmPv
                0x0000f92c       0xec
 .text._ZL29fat16_dir_entry_seek_callbackPhmPv
                0x0000f92c       0xec fat16.o

.text._ZL29fat16_dir_entry_read_callbackPhmPv
                0x0000fa18       0xb4
 .text._ZL29fat16_dir_entry_read_callbackPhmPv
                0x0000fa18       0xb4 fat16.o

.text._ZL25fat16_interpret_dir_entryP22fat16_dir_entry_structPKh
                0x0000facc      0x444
 .text._ZL25fat16_interpret_dir_entryP22fat16_dir_entry_structPKh
                0x0000facc      0x444 fat16.o

.text._Z27fat16_get_dir_entry_of_pathP15fat16_fs_structPKcP22fat16_dir_entry_struct
                0x0000ff10      0x200
 .text._Z27fat16_get_dir_entry_of_pathP15fat16_fs_structPKcP22fat16_dir_entry_struct
                0x0000ff10      0x200 fat16.o
                0x0000ff10                _Z27fat16_get_dir_entry_of_pathP15fat16_fs_structPKcP22fat16_dir_entry_struct

.text._ZL22fat16_get_next_clusterPK15fat16_fs_structt
                0x00010110      0x12c
 .text._ZL22fat16_get_next_clusterPK15fat16_fs_structt
                0x00010110      0x12c fat16.o

.text._ZL21fat16_append_clustersPK15fat16_fs_structtt
                0x0001023c      0x2b0
 .text._ZL21fat16_append_clustersPK15fat16_fs_structtt
                0x0001023c      0x2b0 fat16.o

.text._ZL19fat16_free_clustersPK15fat16_fs_structt
                0x000104ec      0x1b8
 .text._ZL19fat16_free_clustersPK15fat16_fs_structt
                0x000104ec      0x1b8 fat16.o

.text._Z15fat16_open_fileP15fat16_fs_structPK22fat16_dir_entry_struct
                0x000106a4       0xbc
 .text._Z15fat16_open_fileP15fat16_fs_structPK22fat16_dir_entry_struct
                0x000106a4       0xbc fat16.o
                0x000106a4                _Z15fat16_open_fileP15fat16_fs_structPK22fat16_dir_entry_struct

.text._Z14fat16_open_dirP15fat16_fs_structPK22fat16_dir_entry_struct
                0x00010760       0xac
 .text._Z14fat16_open_dirP15fat16_fs_structPK22fat16_dir_entry_struct
                0x00010760       0xac fat16.o
                0x00010760                _Z14fat16_open_dirP15fat16_fs_structPK22fat16_dir_entry_struct

.text._Z15fat16_close_dirP16fat16_dir_struct
                0x0001080c       0x2c
 .text._Z15fat16_close_dirP16fat16_dir_struct
                0x0001080c       0x2c fat16.o
                0x0001080c                _Z15fat16_close_dirP16fat16_dir_struct

.text._Z14fat16_read_dirP16fat16_dir_structP22fat16_dir_entry_struct
                0x00010838      0x12c
 .text._Z14fat16_read_dirP16fat16_dir_structP22fat16_dir_entry_struct
                0x00010838      0x12c fat16.o
                0x00010838                _Z14fat16_read_dirP16fat16_dir_structP22fat16_dir_entry_struct

.text._Z15fat16_reset_dirP16fat16_dir_struct
                0x00010964       0x38
 .text._Z15fat16_reset_dirP16fat16_dir_struct
                0x00010964       0x38 fat16.o
                0x00010964                _Z15fat16_reset_dirP16fat16_dir_struct

.text._ZL21fat16_write_dir_entryPK15fat16_fs_structPK22fat16_dir_entry_struct
                0x0001099c      0x558
 .text._ZL21fat16_write_dir_entryPK15fat16_fs_structPK22fat16_dir_entry_struct
                0x0001099c      0x558 fat16.o

.text._Z17fat16_create_fileP16fat16_dir_structPKcP22fat16_dir_entry_struct
                0x00010ef4      0x350
 .text._Z17fat16_create_fileP16fat16_dir_structPKcP22fat16_dir_entry_struct
                0x00010ef4      0x350 fat16.o
                0x00010ef4                _Z17fat16_create_fileP16fat16_dir_structPKcP22fat16_dir_entry_struct

.text._Z16find_file_in_dirP15fat16_fs_structP16fat16_dir_structPKcP22fat16_dir_entry_struct
                0x00011244       0x84
 .text._Z16find_file_in_dirP15fat16_fs_structP16fat16_dir_structPKcP22fat16_dir_entry_struct
                0x00011244       0x84 fat16.o
                0x00011244                _Z16find_file_in_dirP15fat16_fs_structP16fat16_dir_structPKcP22fat16_dir_entry_struct

.text._Z16open_file_in_dirP15fat16_fs_structP16fat16_dir_structPKc
                0x000112c8       0x70
 .text._Z16open_file_in_dirP15fat16_fs_structP16fat16_dir_structPKc
                0x000112c8       0x70 fat16.o
                0x000112c8                _Z16open_file_in_dirP15fat16_fs_structP16fat16_dir_structPKc

.text._Z14partition_openPFhmPhtEPFhmS_ttPFhS_mPvES2_EPFhmPKhtEa
                0x00011338      0x1bc
 .text._Z14partition_openPFhmPhtEPFhmS_ttPFhS_mPvES2_EPFhmPKhtEa
                0x00011338      0x1bc partition.o
                0x00011338                _Z14partition_openPFhmPhtEPFhmS_ttPFhS_mPvES2_EPFhmPKhtEa

.text._ZN3DAC11GetInstanceEv
                0x000114f4        0xc
 .text._ZN3DAC11GetInstanceEv
                0x000114f4        0xc ../arm/arm7lib/libarm7lib.a(DAC.o)
                0x000114f4                _ZN3DAC11GetInstanceEv

.text._ZN3DAC3SetEm
                0x00011500       0x1c
 .text._ZN3DAC3SetEm
                0x00011500       0x1c ../arm/arm7lib/libarm7lib.a(DAC.o)
                0x00011500                _ZN3DAC3SetEm

.text._ZN3DAC6EnableEv
                0x0001151c       0x18
 .text._ZN3DAC6EnableEv
                0x0001151c       0x18 ../arm/arm7lib/libarm7lib.a(DAC.o)
                0x0001151c                _ZN3DAC6EnableEv

.text._GLOBAL__I__ZN3DAC11GetInstanceEv
                0x00011534       0x14
 .text._GLOBAL__I__ZN3DAC11GetInstanceEv
                0x00011534       0x14 ../arm/arm7lib/libarm7lib.a(DAC.o)

.text._ZN4SPI011GetInstanceEv
                0x00011548        0xc
 .text._ZN4SPI011GetInstanceEv
                0x00011548        0xc ../arm/arm7lib/libarm7lib.a(SPI0.o)
                0x00011548                _ZN4SPI011GetInstanceEv

.text._ZN4SPI06EnableEb
                0x00011554       0x54
 .text._ZN4SPI06EnableEb
                0x00011554       0x54 ../arm/arm7lib/libarm7lib.a(SPI0.o)
                0x00011554                _ZN4SPI06EnableEb

.text._ZN4SPI05SetCSEb
                0x000115a8       0x1c
 .text._ZN4SPI05SetCSEb
                0x000115a8       0x1c ../arm/arm7lib/libarm7lib.a(SPI0.o)
                0x000115a8                _ZN4SPI05SetCSEb

.text._ZN4SPI05WriteEh
                0x000115c4       0x1c
 .text._ZN4SPI05WriteEh
                0x000115c4       0x1c ../arm/arm7lib/libarm7lib.a(SPI0.o)
                0x000115c4                _ZN4SPI05WriteEh

.text._ZN4SPI04ReadEv
                0x000115e0       0x2c
 .text._ZN4SPI04ReadEv
                0x000115e0       0x2c ../arm/arm7lib/libarm7lib.a(SPI0.o)
                0x000115e0                _ZN4SPI04ReadEv

.text._ZN4SPI111GetInstanceEv
                0x0001160c        0xc
 .text._ZN4SPI111GetInstanceEv
                0x0001160c        0xc ../arm/arm7lib/libarm7lib.a(SPI1.o)
                0x0001160c                _ZN4SPI111GetInstanceEv

.text._ZN4SPI15SetCSEb
                0x00011618       0x1c
 .text._ZN4SPI15SetCSEb
                0x00011618       0x1c ../arm/arm7lib/libarm7lib.a(SPI1.o)
                0x00011618                _ZN4SPI15SetCSEb

.text._ZN4SPI15WriteEm
                0x00011634       0x3c
 .text._ZN4SPI15WriteEm
                0x00011634       0x3c ../arm/arm7lib/libarm7lib.a(SPI1.o)
                0x00011634                _ZN4SPI15WriteEm

.text._ZN4SPI14ReadEv
                0x00011670       0x28
 .text._ZN4SPI14ReadEv
                0x00011670       0x28 ../arm/arm7lib/libarm7lib.a(SPI1.o)
                0x00011670                _ZN4SPI14ReadEv

.text._ZN13SystemControl11GetInstanceEv
                0x00011698        0xc
 .text._ZN13SystemControl11GetInstanceEv
                0x00011698        0xc ../arm/arm7lib/libarm7lib.a(SystemControl.o)
                0x00011698                _ZN13SystemControl11GetInstanceEv

.text._ZN13SystemControl9GetPClockEv
                0x000116a4        0x8
 .text._ZN13SystemControl9GetPClockEv
                0x000116a4        0x8 ../arm/arm7lib/libarm7lib.a(SystemControl.o)
                0x000116a4                _ZN13SystemControl9GetPClockEv

.text._ZN13SystemControl6EnableENS_14ClockFrequencyENS_18SystemTickTimeBaseE
                0x000116ac      0x19c
 .text._ZN13SystemControl6EnableENS_14ClockFrequencyENS_18SystemTickTimeBaseE
                0x000116ac      0x19c ../arm/arm7lib/libarm7lib.a(SystemControl.o)
                0x000116ac                _ZN13SystemControl6EnableENS_14ClockFrequencyENS_18SystemTickTimeBaseE

.text._ZN13SystemControl5SleepEm
                0x00011848       0x38
 .text._ZN13SystemControl5SleepEm
                0x00011848       0x38 ../arm/arm7lib/libarm7lib.a(SystemControl.o)
                0x00011848                _ZN13SystemControl5SleepEm

.text._ZN13SystemControl7GetTickEv
                0x00011880       0x1c
 .text._ZN13SystemControl7GetTickEv
                0x00011880       0x1c ../arm/arm7lib/libarm7lib.a(SystemControl.o)
                0x00011880                _ZN13SystemControl7GetTickEv

.text._GLOBAL__I__ZN13SystemControl11GetInstanceEv
                0x0001189c       0x20
 .text._GLOBAL__I__ZN13SystemControl11GetInstanceEv
                0x0001189c       0x20 ../arm/arm7lib/libarm7lib.a(SystemControl.o)

.text._ZN9TimerBaseC2Ev
                0x000118bc       0x14
 .text._ZN9TimerBaseC2Ev
                0x000118bc       0x14 ../arm/arm7lib/libarm7lib.a(TimerBase.o)
                0x000118bc                _ZN9TimerBaseC1Ev
                0x000118bc                _ZN9TimerBaseC2Ev

.text._ZN9TimerBase9TimerTickEv
                0x000118d0       0x50
 .text._ZN9TimerBase9TimerTickEv
                0x000118d0       0x50 ../arm/arm7lib/libarm7lib.a(TimerBase.o)
                0x000118d0                _ZN9TimerBase9TimerTickEv

.text._ZN9TimerBase9SetPeriodEm
                0x00011920        0x8
 .text._ZN9TimerBase9SetPeriodEm
                0x00011920        0x8 ../arm/arm7lib/libarm7lib.a(TimerBase.o)
                0x00011920                _ZN9TimerBase9SetPeriodEm

.text._ZN9TimerBase7GetTickEv
                0x00011928        0x8
 .text._ZN9TimerBase7GetTickEv
                0x00011928        0x8 ../arm/arm7lib/libarm7lib.a(TimerBase.o)
                0x00011928                _ZN9TimerBase7GetTickEv

.text._ZN6Timer011GetInstanceEv
                0x00011930        0xc
 .text._ZN6Timer011GetInstanceEv
                0x00011930        0xc ../arm/arm7lib/libarm7lib.a(Timer0.o)
                0x00011930                _ZN6Timer011GetInstanceEv

.text._ZN6Timer09SetPeriodEm
                0x0001193c       0x50
 .text._ZN6Timer09SetPeriodEm
                0x0001193c       0x50 ../arm/arm7lib/libarm7lib.a(Timer0.o)
                0x0001193c                _ZN6Timer09SetPeriodEm

.text._ZN6Timer06EnableEv
                0x0001198c       0x4c
 .text._ZN6Timer06EnableEv
                0x0001198c       0x4c ../arm/arm7lib/libarm7lib.a(Timer0.o)
                0x0001198c                _ZN6Timer06EnableEv

.text._ZN6Timer09TimerTickEv
                0x000119d8       0x20
 .text._ZN6Timer09TimerTickEv
                0x000119d8       0x20 ../arm/arm7lib/libarm7lib.a(Timer0.o)
                0x000119d8                _ZN6Timer09TimerTickEv

.text._Z9Timer0ISRv
                0x000119f8        0xc
 .text._Z9Timer0ISRv
                0x000119f8        0xc ../arm/arm7lib/libarm7lib.a(Timer0.o)
                0x000119f8                _Z9Timer0ISRv

.text._GLOBAL__I__ZN6Timer011GetInstanceEv
                0x00011a04       0x18
 .text._GLOBAL__I__ZN6Timer011GetInstanceEv
                0x00011a04       0x18 ../arm/arm7lib/libarm7lib.a(Timer0.o)

.text._ZN6Timer111GetInstanceEv
                0x00011a1c        0xc
 .text._ZN6Timer111GetInstanceEv
                0x00011a1c        0xc ../arm/arm7lib/libarm7lib.a(Timer1.o)
                0x00011a1c                _ZN6Timer111GetInstanceEv

.text._ZN6Timer19SetPeriodEm
                0x00011a28       0x50
 .text._ZN6Timer19SetPeriodEm
                0x00011a28       0x50 ../arm/arm7lib/libarm7lib.a(Timer1.o)
                0x00011a28                _ZN6Timer19SetPeriodEm

.text._ZN6Timer16EnableEv
                0x00011a78       0x4c
 .text._ZN6Timer16EnableEv
                0x00011a78       0x4c ../arm/arm7lib/libarm7lib.a(Timer1.o)
                0x00011a78                _ZN6Timer16EnableEv

.text._ZN6Timer19TimerTickEv
                0x00011ac4       0x20
 .text._ZN6Timer19TimerTickEv
                0x00011ac4       0x20 ../arm/arm7lib/libarm7lib.a(Timer1.o)
                0x00011ac4                _ZN6Timer19TimerTickEv

.text._Z9Timer1ISRv
                0x00011ae4        0xc
 .text._Z9Timer1ISRv
                0x00011ae4        0xc ../arm/arm7lib/libarm7lib.a(Timer1.o)
                0x00011ae4                _Z9Timer1ISRv

.text._GLOBAL__I__ZN6Timer111GetInstanceEv
                0x00011af0       0x18
 .text._GLOBAL__I__ZN6Timer111GetInstanceEv
                0x00011af0       0x18 ../arm/arm7lib/libarm7lib.a(Timer1.o)

.text._ZN5UART011GetInstanceEv
                0x00011b08        0xc
 .text._ZN5UART011GetInstanceEv
                0x00011b08        0xc ../arm/arm7lib/libarm7lib.a(UART0.o)
                0x00011b08                _ZN5UART011GetInstanceEv

.text._ZN5UART06EnableEN8UARTBase8BaudRateE
                0x00011b14       0x94
 .text._ZN5UART06EnableEN8UARTBase8BaudRateE
                0x00011b14       0x94 ../arm/arm7lib/libarm7lib.a(UART0.o)
                0x00011b14                _ZN5UART06EnableEN8UARTBase8BaudRateE

.text._ZN5UART05WriteEPKc
                0x00011ba8       0x34
 .text._ZN5UART05WriteEPKc
                0x00011ba8       0x34 ../arm/arm7lib/libarm7lib.a(UART0.o)
                0x00011ba8                _ZN5UART05WriteEPKc

.text._ZN5UART09WriteLineEPKcz
                0x00011bdc       0x98
 .text._ZN5UART09WriteLineEPKcz
                0x00011bdc       0x98 ../arm/arm7lib/libarm7lib.a(UART0.o)
                0x00011bdc                _ZN5UART09WriteLineEPKcz

.text._ZN5UART08ReadCharEv
                0x00011c74       0x10
 .text._ZN5UART08ReadCharEv
                0x00011c74       0x10 ../arm/arm7lib/libarm7lib.a(UART0.o)
                0x00011c74                _ZN5UART08ReadCharEv

.text._ZN5UART011IsCharReadyEv
                0x00011c84       0x10
 .text._ZN5UART011IsCharReadyEv
                0x00011c84       0x10 ../arm/arm7lib/libarm7lib.a(UART0.o)
                0x00011c84                _ZN5UART011IsCharReadyEv

.text._ZN5UART03ISREv
                0x00011c94       0x5c
 .text._ZN5UART03ISREv
                0x00011c94       0x5c ../arm/arm7lib/libarm7lib.a(UART0.o)
                0x00011c94                _ZN5UART03ISREv

.text._Z8UART0ISRv
                0x00011cf0        0xc
 .text._Z8UART0ISRv
                0x00011cf0        0xc ../arm/arm7lib/libarm7lib.a(UART0.o)
                0x00011cf0                _Z8UART0ISRv

.text._GLOBAL__I__Z8UART0ISRv
                0x00011cfc       0x18
 .text._GLOBAL__I__Z8UART0ISRv
                0x00011cfc       0x18 ../arm/arm7lib/libarm7lib.a(UART0.o)

.text._ZN5UART111GetInstanceEv
                0x00011d14        0xc
 .text._ZN5UART111GetInstanceEv
                0x00011d14        0xc ../arm/arm7lib/libarm7lib.a(UART1.o)
                0x00011d14                _ZN5UART111GetInstanceEv

.text._ZN5UART19WriteCharEh
                0x00011d20       0x20
 .text._ZN5UART19WriteCharEh
                0x00011d20       0x20 ../arm/arm7lib/libarm7lib.a(UART1.o)
                0x00011d20                _ZN5UART19WriteCharEh

.text._ZN5UART18ReadCharEv
                0x00011d40       0x10
 .text._ZN5UART18ReadCharEv
                0x00011d40       0x10 ../arm/arm7lib/libarm7lib.a(UART1.o)
                0x00011d40                _ZN5UART18ReadCharEv

.text._ZN5UART111IsCharReadyEv
                0x00011d50       0x10
 .text._ZN5UART111IsCharReadyEv
                0x00011d50       0x10 ../arm/arm7lib/libarm7lib.a(UART1.o)
                0x00011d50                _ZN5UART111IsCharReadyEv

.text._GLOBAL__I__Z8UART1ISRv
                0x00011d60       0x18
 .text._GLOBAL__I__Z8UART1ISRv
                0x00011d60       0x18 ../arm/arm7lib/libarm7lib.a(UART1.o)

.text._Z10disableIRQv
                0x00011d78       0x10
 .text._Z10disableIRQv
                0x00011d78       0x10 ../arm/arm7lib/libarm7lib.a(VIC.o)
                0x00011d78                _Z10disableIRQv

.text._Z9enableIRQv
                0x00011d88       0x10
 .text._Z9enableIRQv
                0x00011d88       0x10 ../arm/arm7lib/libarm7lib.a(VIC.o)
                0x00011d88                _Z9enableIRQv

.text._ZN13WatchDogTimer5ResetEv
                0x00011d98       0x30
 .text._ZN13WatchDogTimer5ResetEv
                0x00011d98       0x30 ../arm/arm7lib/libarm7lib.a(WatchDogTimer.o)
                0x00011d98                _ZN13WatchDogTimer5ResetEv

.text._ZN7CMX867A11GetInstanceEv
                0x00011dc8        0xc
 .text._ZN7CMX867A11GetInstanceEv
                0x00011dc8        0xc ../arm/arm7lib/libarm7lib.a(CMX867A.o)
                0x00011dc8                _ZN7CMX867A11GetInstanceEv

.text._ZN7CMX867A8SendByteEh
                0x00011dd4       0x70
 .text._ZN7CMX867A8SendByteEh
                0x00011dd4       0x70 ../arm/arm7lib/libarm7lib.a(CMX867A.o)
                0x00011dd4                _ZN7CMX867A8SendByteEh

.text._ZN7CMX867A6EnableEv
                0x00011e44      0x104
 .text._ZN7CMX867A6EnableEv
                0x00011e44      0x104 ../arm/arm7lib/libarm7lib.a(CMX867A.o)
                0x00011e44                _ZN7CMX867A6EnableEv

.text._ZN7CMX867A6StatusEv
                0x00011f48       0x88
 .text._ZN7CMX867A6StatusEv
                0x00011f48       0x88 ../arm/arm7lib/libarm7lib.a(CMX867A.o)
                0x00011f48                _ZN7CMX867A6StatusEv

.text._ZN7CMX867A13IsTxDataReadyEv
                0x00011fd0       0x1c
 .text._ZN7CMX867A13IsTxDataReadyEv
                0x00011fd0       0x1c ../arm/arm7lib/libarm7lib.a(CMX867A.o)
                0x00011fd0                _ZN7CMX867A13IsTxDataReadyEv

.text._GLOBAL__I__ZN7CMX867A11GetInstanceEv
                0x00011fec       0x18
 .text._GLOBAL__I__ZN7CMX867A11GetInstanceEv
                0x00011fec       0x18 ../arm/arm7lib/libarm7lib.a(CMX867A.o)

.text._ZN9GPSLassen11GetInstanceEv
                0x00012004        0xc
 .text._ZN9GPSLassen11GetInstanceEv
                0x00012004        0xc ../arm/arm7lib/libarm7lib.a(GPSLassen.o)
                0x00012004                _ZN9GPSLassen11GetInstanceEv

.text._ZN9GPSLassen4DataEv
                0x00012010        0x8
 .text._ZN9GPSLassen4DataEv
                0x00012010        0x8 ../arm/arm7lib/libarm7lib.a(GPSLassen.o)
                0x00012010                _ZN9GPSLassen4DataEv

.text._ZN9GPSLassen11IsDataReadyEv
                0x00012018       0x1c
 .text._ZN9GPSLassen11IsDataReadyEv
                0x00012018       0x1c ../arm/arm7lib/libarm7lib.a(GPSLassen.o)
                0x00012018                _ZN9GPSLassen11IsDataReadyEv

.text._ZN9GPSLassen20ProcessGPSTimePacketEPKNS_15GPS_TIME_PACKETE
                0x00012034       0x70
 .text._ZN9GPSLassen20ProcessGPSTimePacketEPKNS_15GPS_TIME_PACKETE
                0x00012034       0x70 ../arm/arm7lib/libarm7lib.a(GPSLassen.o)
                0x00012034                _ZN9GPSLassen20ProcessGPSTimePacketEPKNS_15GPS_TIME_PACKETE

.text._ZN9GPSLassen22ProcessAllInViewPacketEPKNS_22GPS_ALL_IN_VIEW_PACKETE
                0x000120a4       0xac
 .text._ZN9GPSLassen22ProcessAllInViewPacketEPKNS_22GPS_ALL_IN_VIEW_PACKETE
                0x000120a4       0xac ../arm/arm7lib/libarm7lib.a(GPSLassen.o)
                0x000120a4                _ZN9GPSLassen22ProcessAllInViewPacketEPKNS_22GPS_ALL_IN_VIEW_PACKETE

.text._ZN9GPSLassen10TimeOfWeekEm
                0x00012150       0x70
 .text._ZN9GPSLassen10TimeOfWeekEm
                0x00012150       0x70 ../arm/arm7lib/libarm7lib.a(GPSLassen.o)
                0x00012150                _ZN9GPSLassen10TimeOfWeekEm

.text._ZN9GPSLassen16ProcessLLAPacketEPKNS_14GPS_LLA_PACKETE
                0x000121c0      0x1c8
 .text._ZN9GPSLassen16ProcessLLAPacketEPKNS_14GPS_LLA_PACKETE
                0x000121c0      0x1c8 ../arm/arm7lib/libarm7lib.a(GPSLassen.o)
                0x000121c0                _ZN9GPSLassen16ProcessLLAPacketEPKNS_14GPS_LLA_PACKETE

.text._ZN9GPSLassen18ProcessVelocityFixEPKNS_23GPS_VELOCITY_FIX_PACKETE
                0x00012388      0x158
 .text._ZN9GPSLassen18ProcessVelocityFixEPKNS_23GPS_VELOCITY_FIX_PACKETE
                0x00012388      0x158 ../arm/arm7lib/libarm7lib.a(GPSLassen.o)
                0x00012388                _ZN9GPSLassen18ProcessVelocityFixEPKNS_23GPS_VELOCITY_FIX_PACKETE

.text._ZN9GPSLassen22ProcessSoftwareVersionEPKNS_27GPS_SOFTWARE_VERSION_PACKETE
                0x000124e0       0x74
 .text._ZN9GPSLassen22ProcessSoftwareVersionEPKNS_27GPS_SOFTWARE_VERSION_PACKETE
                0x000124e0       0x74 ../arm/arm7lib/libarm7lib.a(GPSLassen.o)
                0x000124e0                _ZN9GPSLassen22ProcessSoftwareVersionEPKNS_27GPS_SOFTWARE_VERSION_PACKETE

.text._ZN9GPSLassen12ParseMessageEv
                0x00012554      0x1ac
 .text._ZN9GPSLassen12ParseMessageEv
                0x00012554      0x1ac ../arm/arm7lib/libarm7lib.a(GPSLassen.o)
                0x00012554                _ZN9GPSLassen12ParseMessageEv

.text._ZN9GPSLassen6UpdateEv
                0x00012700       0xf0
 .text._ZN9GPSLassen6UpdateEv
                0x00012700       0xf0 ../arm/arm7lib/libarm7lib.a(GPSLassen.o)
                0x00012700                _ZN9GPSLassen6UpdateEv

.text._ZN9GPSLassen7VersionEv
                0x000127f0        0x8
 .text._ZN9GPSLassen7VersionEv
                0x000127f0        0x8 ../arm/arm7lib/libarm7lib.a(GPSLassen.o)
                0x000127f0                _ZN9GPSLassen7VersionEv

.text._GLOBAL__I__ZN9GPSLassenC2Ev
                0x000127f8       0x44
 .text._GLOBAL__I__ZN9GPSLassenC2Ev
                0x000127f8       0x44 ../arm/arm7lib/libarm7lib.a(GPSLassen.o)

.text._ZN4LM9211GetInstanceEv
                0x0001283c        0xc
 .text._ZN4LM9211GetInstanceEv
                0x0001283c        0xc ../arm/arm7lib/libarm7lib.a(LM92.o)
                0x0001283c                _ZN4LM9211GetInstanceEv

.text._ZN4LM927ReadRawEv
                0x00012848       0x54
 .text._ZN4LM927ReadRawEv
                0x00012848       0x54 ../arm/arm7lib/libarm7lib.a(LM92.o)
                0x00012848                _ZN4LM927ReadRawEv

.text._ZN4LM929ReadTempFEv
                0x0001289c       0x38
 .text._ZN4LM929ReadTempFEv
                0x0001289c       0x38 ../arm/arm7lib/libarm7lib.a(LM92.o)
                0x0001289c                _ZN4LM929ReadTempFEv

.text._ZN6M25P8011GetInstanceEv
                0x000128d4        0xc
 .text._ZN6M25P8011GetInstanceEv
                0x000128d4        0xc ../arm/arm7lib/libarm7lib.a(M25P80.o)
                0x000128d4                _ZN6M25P8011GetInstanceEv

.text._ZN6M25P8017IsWriteInProgressEv
                0x000128e0       0x70
 .text._ZN6M25P8017IsWriteInProgressEv
                0x000128e0       0x70 ../arm/arm7lib/libarm7lib.a(M25P80.o)
                0x000128e0                _ZN6M25P8017IsWriteInProgressEv

.text._ZN6M25P809BulkEraseEv
                0x00012950       0xac
 .text._ZN6M25P809BulkEraseEv
                0x00012950       0xac ../arm/arm7lib/libarm7lib.a(M25P80.o)
                0x00012950                _ZN6M25P809BulkEraseEv

.text._ZN6M25P8011SendAddressEm
                0x000129fc       0x60
 .text._ZN6M25P8011SendAddressEm
                0x000129fc       0x60 ../arm/arm7lib/libarm7lib.a(M25P80.o)
                0x000129fc                _ZN6M25P8011SendAddressEm

.text._ZN6M25P8010WriteBlockEmPKvm
                0x00012a5c      0x1b4
 .text._ZN6M25P8010WriteBlockEmPKvm
                0x00012a5c      0x1b4 ../arm/arm7lib/libarm7lib.a(M25P80.o)
                0x00012a5c                _ZN6M25P8010WriteBlockEmPKvm

.text._ZN6M25P809ReadBlockEmPvm
                0x00012c10      0x10c
 .text._ZN6M25P809ReadBlockEmPvm
                0x00012c10      0x10c ../arm/arm7lib/libarm7lib.a(M25P80.o)
                0x00012c10                _ZN6M25P809ReadBlockEmPvm

.text._GLOBAL__I__ZN6M25P8011GetInstanceEv
                0x00012d1c       0x18
 .text._GLOBAL__I__ZN6M25P8011GetInstanceEv
                0x00012d1c       0x18 ../arm/arm7lib/libarm7lib.a(M25P80.o)

.text._ZN7GPSDataC2Ev
                0x00012d34       0x20
 .text._ZN7GPSDataC2Ev
                0x00012d34       0x20 ../arm/arm7lib/libarm7lib.a(GPSData.o)
                0x00012d34                _ZN7GPSDataC2Ev
                0x00012d34                _ZN7GPSDataC1Ev

.text._ZNK7GPSData10SpeedKnotsEv
                0x00012d54       0x30
 .text._ZNK7GPSData10SpeedKnotsEv
                0x00012d54       0x30 ../arm/arm7lib/libarm7lib.a(GPSData.o)
                0x00012d54                _ZNK7GPSData10SpeedKnotsEv

.text._ZNK7GPSData12AltitudeFeetEv
                0x00012d84       0x28
 .text._ZNK7GPSData12AltitudeFeetEv
                0x00012d84       0x28 ../arm/arm7lib/libarm7lib.a(GPSData.o)
                0x00012d84                _ZNK7GPSData12AltitudeFeetEv

.text._ZNK7GPSData14TimeSinceEpochEv
                0x00012dac       0x54
 .text._ZNK7GPSData14TimeSinceEpochEv
                0x00012dac       0x54 ../arm/arm7lib/libarm7lib.a(GPSData.o)
                0x00012dac                _ZNK7GPSData14TimeSinceEpochEv

.text._ZN10MICEncoder6EncodeEPK7GPSData
                0x00012e00      0x3d0
 .text._ZN10MICEncoder6EncodeEPK7GPSData
                0x00012e00      0x3d0 ../arm/arm7lib/libarm7lib.a(MIC-E.o)
                0x00012e00                _ZN10MICEncoder6EncodeEPK7GPSData

.text._ZN10MICEncoder14GetDestAddressEv
                0x000131d0        0x4
 .text._ZN10MICEncoder14GetDestAddressEv
                0x000131d0        0x4 ../arm/arm7lib/libarm7lib.a(MIC-E.o)
                0x000131d0                _ZN10MICEncoder14GetDestAddressEv

.text._ZN10MICEncoder19GetInformationFieldEv
                0x000131d4        0x8
 .text._ZN10MICEncoder19GetInformationFieldEv
                0x000131d4        0x8 ../arm/arm7lib/libarm7lib.a(MIC-E.o)
                0x000131d4                _ZN10MICEncoder19GetInformationFieldEv

.text._ZN4NMEA4TimeEPK7GPSDataPc
                0x000131dc       0x44
 .text._ZN4NMEA4TimeEPK7GPSDataPc
                0x000131dc       0x44 ../arm/arm7lib/libarm7lib.a(NMEA.o)
                0x000131dc                _ZN4NMEA4TimeEPK7GPSDataPc

.text._ZN4NMEA11CoordinatesEPK7GPSDataPc
                0x00013220      0x288
 .text._ZN4NMEA11CoordinatesEPK7GPSDataPc
                0x00013220      0x288 ../arm/arm7lib/libarm7lib.a(NMEA.o)
                0x00013220                _ZN4NMEA11CoordinatesEPK7GPSDataPc

.text._ZN4NMEA14AppendChecksumEPc
                0x000134a8       0x68
 .text._ZN4NMEA14AppendChecksumEPc
                0x000134a8       0x68 ../arm/arm7lib/libarm7lib.a(NMEA.o)
                0x000134a8                _ZN4NMEA14AppendChecksumEPc

.text._ZN4NMEA5GPGGAEPK7GPSDataPc
                0x00013510      0x12c
 .text._ZN4NMEA5GPGGAEPK7GPSDataPc
                0x00013510      0x12c ../arm/arm7lib/libarm7lib.a(NMEA.o)
                0x00013510                _ZN4NMEA5GPGGAEPK7GPSDataPc

.text._ZN7RTCTimeC2Ev
                0x0001363c       0x10
 .text._ZN7RTCTimeC2Ev
                0x0001363c       0x10 ../arm/arm7lib/libarm7lib.a(RTCTime.o)
                0x0001363c                _ZN7RTCTimeC1Ev
                0x0001363c                _ZN7RTCTimeC2Ev

.text._ZN7RTCTimeC2Emmm
                0x0001364c       0x90
 .text._ZN7RTCTimeC2Emmm
                0x0001364c       0x90 ../arm/arm7lib/libarm7lib.a(RTCTime.o)
                0x0001364c                _ZN7RTCTimeC2Emmm
                0x0001364c                _ZN7RTCTimeC1Emmm

.text._ZN4FIFOC2Ev
                0x000136dc       0x10
 .text._ZN4FIFOC2Ev
                0x000136dc       0x10 ../arm/arm7lib/libarm7lib.a(FIFO.o)
                0x000136dc                _ZN4FIFOC1Ev
                0x000136dc                _ZN4FIFOC2Ev

.text._ZN4FIFO7HasDataEv
                0x000136ec       0x10
 .text._ZN4FIFO7HasDataEv
                0x000136ec       0x10 ../arm/arm7lib/libarm7lib.a(FIFO.o)
                0x000136ec                _ZN4FIFO7HasDataEv

.text._ZN4FIFO4ReadEv
                0x000136fc       0x28
 .text._ZN4FIFO4ReadEv
                0x000136fc       0x28 ../arm/arm7lib/libarm7lib.a(FIFO.o)
                0x000136fc                _ZN4FIFO4ReadEv

.text._ZN4FIFO5WriteEh
                0x00013724       0x1c
 .text._ZN4FIFO5WriteEh
                0x00013724       0x1c ../arm/arm7lib/libarm7lib.a(FIFO.o)
                0x00013724                _ZN4FIFO5WriteEh

.text._ZN4AX25C2Ev
                0x00013740       0x14
 .text._ZN4AX25C2Ev
                0x00013740       0x14 ../arm/arm7lib/libarm7lib.a(AX25.o)
                0x00013740                _ZN4AX25C1Ev
                0x00013740                _ZN4AX25C2Ev

.text._ZN4AX256StreamEv
                0x00013754        0x8
 .text._ZN4AX256StreamEv
                0x00013754        0x8 ../arm/arm7lib/libarm7lib.a(AX25.o)
                0x00013754                _ZN4AX256StreamEv

.text._ZN4AX256LengthEv
                0x0001375c        0x8
 .text._ZN4AX256LengthEv
                0x0001375c        0x8 ../arm/arm7lib/libarm7lib.a(AX25.o)
                0x0001375c                _ZN4AX256LengthEv

.text._ZN4AX2516SetPreambleCountEm
                0x00013764        0x8
 .text._ZN4AX2516SetPreambleCountEm
                0x00013764        0x8 ../arm/arm7lib/libarm7lib.a(AX25.o)
                0x00013764                _ZN4AX2516SetPreambleCountEm

.text._ZN4AX2510SetAddressEmPKc
                0x0001376c       0xfc
 .text._ZN4AX2510SetAddressEmPKc
                0x0001376c       0xfc ../arm/arm7lib/libarm7lib.a(AX25.o)
                0x0001376c                _ZN4AX2510SetAddressEmPKc

.text._ZN4AX2511SetDigiPathEPKcmS1_m
                0x00013868       0x6c
 .text._ZN4AX2511SetDigiPathEPKcmS1_m
                0x00013868       0x6c ../arm/arm7lib/libarm7lib.a(AX25.o)
                0x00013868                _ZN4AX2511SetDigiPathEPKcmS1_m

.text._ZN4AX2516SetSourceAddressEPKcm
                0x000138d4       0x30
 .text._ZN4AX2516SetSourceAddressEPKcm
                0x000138d4       0x30 ../arm/arm7lib/libarm7lib.a(AX25.o)
                0x000138d4                _ZN4AX2516SetSourceAddressEPKcm

.text._ZN4AX2514SetDestAddressEPKcm
                0x00013904       0x30
 .text._ZN4AX2514SetDestAddressEPKcm
                0x00013904       0x30 ../arm/arm7lib/libarm7lib.a(AX25.o)
                0x00013904                _ZN4AX2514SetDestAddressEPKcm

.text._ZN4AX259AddStreamEmb
                0x00013934      0x8b8
 .text._ZN4AX259AddStreamEmb
                0x00013934      0x8b8 ../arm/arm7lib/libarm7lib.a(AX25.o)
                0x00013934                _ZN4AX259AddStreamEmb

.text._ZN4AX2515GenerateMessageEPKc
                0x000141ec      0x180
 .text._ZN4AX2515GenerateMessageEPKc
                0x000141ec      0x180 ../arm/arm7lib/libarm7lib.a(AX25.o)
                0x000141ec                _ZN4AX2515GenerateMessageEPKc

.text._ZN4I2C011GetInstanceEv
                0x0001436c        0xc
 .text._ZN4I2C011GetInstanceEv
                0x0001436c        0xc ../arm/arm7lib/libarm7lib.a(I2C0.o)
                0x0001436c                _ZN4I2C011GetInstanceEv

.text._ZN4I2C04StopEv
                0x00014378       0x1c
 .text._ZN4I2C04StopEv
                0x00014378       0x1c ../arm/arm7lib/libarm7lib.a(I2C0.o)
                0x00014378                _ZN4I2C04StopEv

.text._ZN4I2C013WaitInterruptEv
                0x00014394       0x58
 .text._ZN4I2C013WaitInterruptEv
                0x00014394       0x58 ../arm/arm7lib/libarm7lib.a(I2C0.o)
                0x00014394                _ZN4I2C013WaitInterruptEv

.text._ZN4I2C04ReadEPhm
                0x000143ec      0x104
 .text._ZN4I2C04ReadEPhm
                0x000143ec      0x104 ../arm/arm7lib/libarm7lib.a(I2C0.o)
                0x000143ec                _ZN4I2C04ReadEPhm

.text._ZN4I2C05StartEm
                0x000144f0      0x20c
 .text._ZN4I2C05StartEm
                0x000144f0      0x20c ../arm/arm7lib/libarm7lib.a(I2C0.o)
                0x000144f0                _ZN4I2C05StartEm

.text._ZN3RTC11GetInstanceEv
                0x000146fc        0xc
 .text._ZN3RTC11GetInstanceEv
                0x000146fc        0xc ../arm/arm7lib/libarm7lib.a(RTC.o)
                0x000146fc                _ZN3RTC11GetInstanceEv

.text._ZN3RTC6EnableEv
                0x00014708       0x14
 .text._ZN3RTC6EnableEv
                0x00014708       0x14 ../arm/arm7lib/libarm7lib.a(RTC.o)
                0x00014708                _ZN3RTC6EnableEv

.text._GLOBAL__I__ZN3RTC11GetInstanceEv
                0x0001471c       0x18
 .text._GLOBAL__I__ZN3RTC11GetInstanceEv
                0x0001471c       0x18 ../arm/arm7lib/libarm7lib.a(RTC.o)

.text._ZN5CRC169CalculateEPKvmm
                0x00014734       0xcc
 .text._ZN5CRC169CalculateEPKvmm
                0x00014734       0xcc ../arm/arm7lib/libarm7lib.a(CRC16.o)
                0x00014734                _ZN5CRC169CalculateEPKvmm

.ARM.exidx      0x00014800        0x8
 .ARM.exidx     0x00014800        0x8 /home/elijah/CodeSourcery/Sourcery_G++_Lite/bin/../lib/gcc/arm-none-eabi/4.5.2/libgcc.a(_divdi3.o)
 .ARM.exidx     0x00014808        0x0 /home/elijah/CodeSourcery/Sourcery_G++_Lite/bin/../lib/gcc/arm-none-eabi/4.5.2/libgcc.a(_udivdi3.o)
                                  0x8 (size before relaxing)
                0x00014808                . = ALIGN (0x4)

.etext          0x00014808        0x0
                0x00014808                . = ALIGN (0x4)
                0x00014808                _etext = .

.data           0x40000000      0x904 load address 0x00014808
                0x40000000                . = ALIGN (0x4)
                0x40000000                _data = .
 *(.data)
 .data          0x40000000        0x1 /home/elijah/CodeSourcery/Sourcery_G++_Lite/bin/../lib/gcc/arm-none-eabi/4.5.2/../../../../arm-none-eabi/lib/libm.a(lib_a-s_lib_ver.o)
                0x40000000                __fdlib_version
 *fill*         0x40000001        0x7 00
 .data          0x40000008      0x430 /home/elijah/CodeSourcery/Sourcery_G++_Lite/bin/../lib/gcc/arm-none-eabi/4.5.2/../../../../arm-none-eabi/lib/libc.a(lib_a-impure.o)
                0x40000008                _impure_ptr
 .data          0x40000438      0x410 /home/elijah/CodeSourcery/Sourcery_G++_Lite/bin/../lib/gcc/arm-none-eabi/4.5.2/../../../../arm-none-eabi/lib/libc.a(lib_a-mallocr.o)
                0x40000438                __malloc_av_
                0x40000840                __malloc_sbrk_base
                0x40000844                __malloc_trim_threshold
 .data          0x40000848       0x40 /home/elijah/CodeSourcery/Sourcery_G++_Lite/bin/../lib/gcc/arm-none-eabi/4.5.2/../../../../arm-none-eabi/lib/libc.a(lib_a-gettzinfo.o)
 .data          0x40000888       0x7c /home/elijah/CodeSourcery/Sourcery_G++_Lite/bin/../lib/gcc/arm-none-eabi/4.5.2/../../../../arm-none-eabi/lib/libc.a(lib_a-locale.o)
                0x400008a8                __mb_cur_max
                0x40000904                _edata = .

.jcr            0x40000904        0x0 load address 0x0001510c
 .jcr           0x40000904        0x0 /home/elijah/CodeSourcery/Sourcery_G++_Lite/bin/../lib/gcc/arm-none-eabi/4.5.2/crtbegin.o

.bss            0x40000904      0x77c load address 0x0001510c
                0x40000904                __bss_start = .
 *(.bss)
 .bss           0x40000904        0x1 /home/elijah/CodeSourcery/Sourcery_G++_Lite/bin/../lib/gcc/arm-none-eabi/4.5.2/crtbegin.o
 *fill*         0x40000905        0x3 00
 .bss           0x40000908        0x4 CRunTime.o
 .bss           0x4000090c      0x110 AFSK.o
 .bss           0x40000a1c        0xc Engineering.o
 .bss           0x40000a28       0x18 APRSBeacon.o
 .bss           0x40000a40       0x34 Log.o
 .bss           0x40000a74       0x40 rootdir.o
                0x40000a74                dir_entry
                0x40000aa0                fs
                0x40000aa4                partition
                0x40000aa8                dd
                0x40000aac                fd
 .bss           0x40000ab4      0x208 sd_raw.o
 .bss           0x40000cbc        0x4 ../arm/arm7lib/libarm7lib.a(DAC.o)
 .bss           0x40000cc0        0x4 ../arm/arm7lib/libarm7lib.a(SPI0.o)
 .bss           0x40000cc4        0x4 ../arm/arm7lib/libarm7lib.a(SPI1.o)
 .bss           0x40000cc8        0xc ../arm/arm7lib/libarm7lib.a(SystemControl.o)
 .bss           0x40000cd4       0x10 ../arm/arm7lib/libarm7lib.a(Timer0.o)
 .bss           0x40000ce4       0x10 ../arm/arm7lib/libarm7lib.a(Timer1.o)
 .bss           0x40000cf4      0x108 ../arm/arm7lib/libarm7lib.a(UART0.o)
 .bss           0x40000dfc      0x108 ../arm/arm7lib/libarm7lib.a(UART1.o)
 .bss           0x40000f04        0x4 ../arm/arm7lib/libarm7lib.a(CMX867A.o)
 .bss           0x40000f08      0x124 ../arm/arm7lib/libarm7lib.a(GPSLassen.o)
 .bss           0x4000102c        0x4 ../arm/arm7lib/libarm7lib.a(LM92.o)
 .bss           0x40001030        0x4 ../arm/arm7lib/libarm7lib.a(M25P80.o)
 .bss           0x40001034        0x4 ../arm/arm7lib/libarm7lib.a(I2C0.o)
 .bss           0x40001038        0xc ../arm/arm7lib/libarm7lib.a(RTC.o)
 .bss           0x40001044       0x34 /home/elijah/CodeSourcery/Sourcery_G++_Lite/bin/../lib/gcc/arm-none-eabi/4.5.2/../../../../arm-none-eabi/lib/libc.a(lib_a-mallocr.o)
                0x40001044                __malloc_top_pad
                0x40001048                __malloc_current_mallinfo
                0x40001070                __malloc_max_sbrked_mem
                0x40001074                __malloc_max_total_mem
 .bss           0x40001078        0x8 /home/elijah/CodeSourcery/Sourcery_G++_Lite/bin/../lib/gcc/arm-none-eabi/4.5.2/../../../../arm-none-eabi/lib/libc.a(lib_a-tzvars.o)
                0x40001078                _daylight
                0x4000107c                _timezone
                0x40001080                . = ALIGN (0x4)
                0x40001080                __bss_end = .

.stack          0x40001080     0x2880 load address 0x00015888
                0x40001100                . = ALIGN (0x100)
 *fill*         0x40001080       0x80 00
                0x40001100                __stack_start = .
                0x40001500                . = (. + IRQ_STACK_SIZE)
 *fill*         0x40001100      0x400 00
                0x40001500                . = ALIGN (0x4)
                0x40001500                __irq_stack_top__ = .
                0x40001600                . = (. + FIQ_STACK_SIZE)
 *fill*         0x40001500      0x100 00
                0x40001600                . = ALIGN (0x4)
                0x40001600                __fiq_stack_top__ = .
                0x40001700                . = (. + SVC_STACK_SIZE)
 *fill*         0x40001600      0x100 00
                0x40001700                . = ALIGN (0x4)
                0x40001700                __svc_stack_top__ = .
                0x40001800                . = (. + ABT_STACK_SIZE)
 *fill*         0x40001700      0x100 00
                0x40001800                . = ALIGN (0x4)
                0x40001800                __abt_stack_top__ = .
                0x40001900                . = (. + UND_STACK_SIZE)
 *fill*         0x40001800      0x100 00
                0x40001900                . = ALIGN (0x4)
                0x40001900                __und_stack_top__ = .
                0x40003900                . = (. + C_STACK_SIZE)
 *fill*         0x40001900     0x2000 00
                0x40003900                . = ALIGN (0x4)
                0x40003900                __c_stack_top__ = .
                0x40003900                __stack_end = .
                0x40003900                end = .
OUTPUT(APRSBeacon.elf elf32-littlearm)

.ARM.attributes
                0x00000000       0x30
 .ARM.attributes
                0x00000000       0x16 /home/elijah/CodeSourcery/Sourcery_G++_Lite/bin/../lib/gcc/arm-none-eabi/4.5.2/crti.o
 .ARM.attributes
                0x00000016       0x34 /home/elijah/CodeSourcery/Sourcery_G++_Lite/bin/../lib/gcc/arm-none-eabi/4.5.2/crtbegin.o
 .ARM.attributes
                0x0000004a       0x22 crt.o
 .ARM.attributes
                0x0000006c       0x32 CRunTime.o
 .ARM.attributes
                0x0000009e       0x32 AFSK.o
 .ARM.attributes
                0x000000d0       0x32 main.o
 .ARM.attributes
                0x00000102       0x32 Engineering.o
 .ARM.attributes
                0x00000134       0x32 APRSBeacon.o
 .ARM.attributes
                0x00000166       0x32 IOPorts.o
 .ARM.attributes
                0x00000198       0x32 Log.o
 .ARM.attributes
                0x000001ca       0x32 rootdir.o
 .ARM.attributes
                0x000001fc       0x32 sd_raw.o
 .ARM.attributes
                0x0000022e       0x32 fat16.o
 .ARM.attributes
                0x00000260       0x32 partition.o
 .ARM.attributes
                0x00000292       0x32 ../arm/arm7lib/libarm7lib.a(DAC.o)
 .ARM.attributes
                0x000002c4       0x32 ../arm/arm7lib/libarm7lib.a(SPI0.o)
 .ARM.attributes
                0x000002f6       0x32 ../arm/arm7lib/libarm7lib.a(SPI1.o)
 .ARM.attributes
                0x00000328       0x32 ../arm/arm7lib/libarm7lib.a(SystemControl.o)
 .ARM.attributes
                0x0000035a       0x32 ../arm/arm7lib/libarm7lib.a(TimerBase.o)
 .ARM.attributes
                0x0000038c       0x32 ../arm/arm7lib/libarm7lib.a(Timer0.o)
 .ARM.attributes
                0x000003be       0x32 ../arm/arm7lib/libarm7lib.a(Timer1.o)
 .ARM.attributes
                0x000003f0       0x32 ../arm/arm7lib/libarm7lib.a(UART0.o)
 .ARM.attributes
                0x00000422       0x32 ../arm/arm7lib/libarm7lib.a(UART1.o)
 .ARM.attributes
                0x00000454       0x32 ../arm/arm7lib/libarm7lib.a(VIC.o)
 .ARM.attributes
                0x00000486       0x32 ../arm/arm7lib/libarm7lib.a(WatchDogTimer.o)
 .ARM.attributes
                0x000004b8       0x32 ../arm/arm7lib/libarm7lib.a(CMX867A.o)
 .ARM.attributes
                0x000004ea       0x32 ../arm/arm7lib/libarm7lib.a(GPSLassen.o)
 .ARM.attributes
                0x0000051c       0x32 ../arm/arm7lib/libarm7lib.a(LM92.o)
 .ARM.attributes
                0x0000054e       0x32 ../arm/arm7lib/libarm7lib.a(M25P80.o)
 .ARM.attributes
                0x00000580       0x32 ../arm/arm7lib/libarm7lib.a(GPSData.o)
 .ARM.attributes
                0x000005b2       0x32 ../arm/arm7lib/libarm7lib.a(MIC-E.o)
 .ARM.attributes
                0x000005e4       0x32 ../arm/arm7lib/libarm7lib.a(NMEA.o)
 .ARM.attributes
                0x00000616       0x32 ../arm/arm7lib/libarm7lib.a(RTCTime.o)
 .ARM.attributes
                0x00000648       0x32 ../arm/arm7lib/libarm7lib.a(FIFO.o)
 .ARM.attributes
                0x0000067a       0x32 ../arm/arm7lib/libarm7lib.a(AX25.o)
 .ARM.attributes
                0x000006ac       0x32 ../arm/arm7lib/libarm7lib.a(I2C0.o)
 .ARM.attributes
                0x000006de       0x32 ../arm/arm7lib/libarm7lib.a(RTC.o)
 .ARM.attributes
                0x00000710       0x32 ../arm/arm7lib/libarm7lib.a(CRC16.o)
 .ARM.attributes
                0x00000742       0x34 /home/elijah/CodeSourcery/Sourcery_G++_Lite/bin/../lib/gcc/arm-none-eabi/4.5.2/../../../../arm-none-eabi/lib/libm.a(lib_a-sf_lround.o)
 .ARM.attributes
                0x00000776       0x34 /home/elijah/CodeSourcery/Sourcery_G++_Lite/bin/../lib/gcc/arm-none-eabi/4.5.2/../../../../arm-none-eabi/lib/libm.a(lib_a-w_atan2.o)
 .ARM.attributes
                0x000007aa       0x34 /home/elijah/CodeSourcery/Sourcery_G++_Lite/bin/../lib/gcc/arm-none-eabi/4.5.2/../../../../arm-none-eabi/lib/libm.a(lib_a-w_sqrt.o)
 .ARM.attributes
                0x000007de       0x34 /home/elijah/CodeSourcery/Sourcery_G++_Lite/bin/../lib/gcc/arm-none-eabi/4.5.2/../../../../arm-none-eabi/lib/libm.a(lib_a-e_atan2.o)
 .ARM.attributes
                0x00000812       0x34 /home/elijah/CodeSourcery/Sourcery_G++_Lite/bin/../lib/gcc/arm-none-eabi/4.5.2/../../../../arm-none-eabi/lib/libm.a(lib_a-e_sqrt.o)
 .ARM.attributes
                0x00000846       0x34 /home/elijah/CodeSourcery/Sourcery_G++_Lite/bin/../lib/gcc/arm-none-eabi/4.5.2/../../../../arm-none-eabi/lib/libm.a(lib_a-s_atan.o)
 .ARM.attributes
                0x0000087a       0x34 /home/elijah/CodeSourcery/Sourcery_G++_Lite/bin/../lib/gcc/arm-none-eabi/4.5.2/../../../../arm-none-eabi/lib/libm.a(lib_a-s_fabs.o)
 .ARM.attributes
                0x000008ae       0x34 /home/elijah/CodeSourcery/Sourcery_G++_Lite/bin/../lib/gcc/arm-none-eabi/4.5.2/../../../../arm-none-eabi/lib/libm.a(lib_a-s_fpclassify.o)
 .ARM.attributes
                0x000008e2       0x34 /home/elijah/CodeSourcery/Sourcery_G++_Lite/bin/../lib/gcc/arm-none-eabi/4.5.2/../../../../arm-none-eabi/lib/libm.a(lib_a-s_lib_ver.o)
 .ARM.attributes
                0x00000916       0x34 /home/elijah/CodeSourcery/Sourcery_G++_Lite/bin/../lib/gcc/arm-none-eabi/4.5.2/../../../../arm-none-eabi/lib/libm.a(lib_a-s_matherr.o)
 .ARM.attributes
                0x0000094a       0x1a /home/elijah/CodeSourcery/Sourcery_G++_Lite/bin/../lib/gcc/arm-none-eabi/4.5.2/libgcc.a(_udivsi3.o)
 .ARM.attributes
                0x00000964       0x1a /home/elijah/CodeSourcery/Sourcery_G++_Lite/bin/../lib/gcc/arm-none-eabi/4.5.2/libgcc.a(_divsi3.o)
 .ARM.attributes
                0x0000097e       0x18 /home/elijah/CodeSourcery/Sourcery_G++_Lite/bin/../lib/gcc/arm-none-eabi/4.5.2/libgcc.a(_dvmd_tls.o)
 .ARM.attributes
                0x00000996       0x1a /home/elijah/CodeSourcery/Sourcery_G++_Lite/bin/../lib/gcc/arm-none-eabi/4.5.2/libgcc.a(_arm_addsubdf3.o)
 .ARM.attributes
                0x000009b0       0x1a /home/elijah/CodeSourcery/Sourcery_G++_Lite/bin/../lib/gcc/arm-none-eabi/4.5.2/libgcc.a(_arm_muldivdf3.o)
 .ARM.attributes
                0x000009ca       0x1a /home/elijah/CodeSourcery/Sourcery_G++_Lite/bin/../lib/gcc/arm-none-eabi/4.5.2/libgcc.a(_arm_cmpdf2.o)
 .ARM.attributes
                0x000009e4       0x1a /home/elijah/CodeSourcery/Sourcery_G++_Lite/bin/../lib/gcc/arm-none-eabi/4.5.2/libgcc.a(_arm_truncdfsf2.o)
 .ARM.attributes
                0x000009fe       0x1a /home/elijah/CodeSourcery/Sourcery_G++_Lite/bin/../lib/gcc/arm-none-eabi/4.5.2/libgcc.a(_arm_addsubsf3.o)
 .ARM.attributes
                0x00000a18       0x1a /home/elijah/CodeSourcery/Sourcery_G++_Lite/bin/../lib/gcc/arm-none-eabi/4.5.2/libgcc.a(_arm_muldivsf3.o)
 .ARM.attributes
                0x00000a32       0x1a /home/elijah/CodeSourcery/Sourcery_G++_Lite/bin/../lib/gcc/arm-none-eabi/4.5.2/libgcc.a(_arm_fixsfsi.o)
 .ARM.attributes
                0x00000a4c       0x34 /home/elijah/CodeSourcery/Sourcery_G++_Lite/bin/../lib/gcc/arm-none-eabi/4.5.2/../../../../arm-none-eabi/lib/libc.a(lib_a-errno.o)
 .ARM.attributes
                0x00000a80       0x34 /home/elijah/CodeSourcery/Sourcery_G++_Lite/bin/../lib/gcc/arm-none-eabi/4.5.2/../../../../arm-none-eabi/lib/libc.a(lib_a-gmtime.o)
 .ARM.attributes
                0x00000ab4       0x34 /home/elijah/CodeSourcery/Sourcery_G++_Lite/bin/../lib/gcc/arm-none-eabi/4.5.2/../../../../arm-none-eabi/lib/libc.a(lib_a-gmtime_r.o)
 .ARM.attributes
                0x00000ae8       0x34 /home/elijah/CodeSourcery/Sourcery_G++_Lite/bin/../lib/gcc/arm-none-eabi/4.5.2/../../../../arm-none-eabi/lib/libc.a(lib_a-impure.o)
 .ARM.attributes
                0x00000b1c       0x34 /home/elijah/CodeSourcery/Sourcery_G++_Lite/bin/../lib/gcc/arm-none-eabi/4.5.2/../../../../arm-none-eabi/lib/libc.a(lib_a-init.o)
 .ARM.attributes
                0x00000b50       0x34 /home/elijah/CodeSourcery/Sourcery_G++_Lite/bin/../lib/gcc/arm-none-eabi/4.5.2/../../../../arm-none-eabi/lib/libc.a(lib_a-malloc.o)
 .ARM.attributes
                0x00000b84       0x34 /home/elijah/CodeSourcery/Sourcery_G++_Lite/bin/../lib/gcc/arm-none-eabi/4.5.2/../../../../arm-none-eabi/lib/libc.a(lib_a-mallocr.o)
 .ARM.attributes
                0x00000bb8       0x34 /home/elijah/CodeSourcery/Sourcery_G++_Lite/bin/../lib/gcc/arm-none-eabi/4.5.2/../../../../arm-none-eabi/lib/libc.a(lib_a-memcpy.o)
 .ARM.attributes
                0x00000bec       0x34 /home/elijah/CodeSourcery/Sourcery_G++_Lite/bin/../lib/gcc/arm-none-eabi/4.5.2/../../../../arm-none-eabi/lib/libc.a(lib_a-memset.o)
 .ARM.attributes
                0x00000c20       0x34 /home/elijah/CodeSourcery/Sourcery_G++_Lite/bin/../lib/gcc/arm-none-eabi/4.5.2/../../../../arm-none-eabi/lib/libc.a(lib_a-mktm_r.o)
 .ARM.attributes
                0x00000c54       0x34 /home/elijah/CodeSourcery/Sourcery_G++_Lite/bin/../lib/gcc/arm-none-eabi/4.5.2/../../../../arm-none-eabi/lib/libc.a(lib_a-mlock.o)
 .ARM.attributes
                0x00000c88       0x34 /home/elijah/CodeSourcery/Sourcery_G++_Lite/bin/../lib/gcc/arm-none-eabi/4.5.2/../../../../arm-none-eabi/lib/libc.a(lib_a-sprintf.o)
 .ARM.attributes
                0x00000cbc       0x34 /home/elijah/CodeSourcery/Sourcery_G++_Lite/bin/../lib/gcc/arm-none-eabi/4.5.2/../../../../arm-none-eabi/lib/libc.a(lib_a-strcat.o)
 .ARM.attributes
                0x00000cf0       0x34 /home/elijah/CodeSourcery/Sourcery_G++_Lite/bin/../lib/gcc/arm-none-eabi/4.5.2/../../../../arm-none-eabi/lib/libc.a(lib_a-strchr.o)
 .ARM.attributes
                0x00000d24       0x34 /home/elijah/CodeSourcery/Sourcery_G++_Lite/bin/../lib/gcc/arm-none-eabi/4.5.2/../../../../arm-none-eabi/lib/libc.a(lib_a-strcmp.o)
 .ARM.attributes
                0x00000d58       0x34 /home/elijah/CodeSourcery/Sourcery_G++_Lite/bin/../lib/gcc/arm-none-eabi/4.5.2/../../../../arm-none-eabi/lib/libc.a(lib_a-strcpy.o)
 .ARM.attributes
                0x00000d8c       0x34 /home/elijah/CodeSourcery/Sourcery_G++_Lite/bin/../lib/gcc/arm-none-eabi/4.5.2/../../../../arm-none-eabi/lib/libc.a(lib_a-strlen.o)
 .ARM.attributes
                0x00000dc0       0x34 /home/elijah/CodeSourcery/Sourcery_G++_Lite/bin/../lib/gcc/arm-none-eabi/4.5.2/../../../../arm-none-eabi/lib/libc.a(lib_a-strncmp.o)
 .ARM.attributes
                0x00000df4       0x34 /home/elijah/CodeSourcery/Sourcery_G++_Lite/bin/../lib/gcc/arm-none-eabi/4.5.2/../../../../arm-none-eabi/lib/libc.a(lib_a-strncpy.o)
 .ARM.attributes
                0x00000e28       0x34 /home/elijah/CodeSourcery/Sourcery_G++_Lite/bin/../lib/gcc/arm-none-eabi/4.5.2/../../../../arm-none-eabi/lib/libc.a(lib_a-strrchr.o)
 .ARM.attributes
                0x00000e5c       0x34 /home/elijah/CodeSourcery/Sourcery_G++_Lite/bin/../lib/gcc/arm-none-eabi/4.5.2/../../../../arm-none-eabi/lib/libc.a(lib_a-svfprintf.o)
 .ARM.attributes
                0x00000e90       0x34 /home/elijah/CodeSourcery/Sourcery_G++_Lite/bin/../lib/gcc/arm-none-eabi/4.5.2/../../../../arm-none-eabi/lib/libc.a(lib_a-tzlock.o)
 .ARM.attributes
                0x00000ec4       0x34 /home/elijah/CodeSourcery/Sourcery_G++_Lite/bin/../lib/gcc/arm-none-eabi/4.5.2/../../../../arm-none-eabi/lib/libc.a(lib_a-tzvars.o)
 .ARM.attributes
                0x00000ef8       0x34 /home/elijah/CodeSourcery/Sourcery_G++_Lite/bin/../lib/gcc/arm-none-eabi/4.5.2/../../../../arm-none-eabi/lib/libc.a(lib_a-vsnprintf.o)
 .ARM.attributes
                0x00000f2c       0x34 /home/elijah/CodeSourcery/Sourcery_G++_Lite/bin/../lib/gcc/arm-none-eabi/4.5.2/../../../../arm-none-eabi/lib/libc.a(lib_a-dtoa.o)
 .ARM.attributes
                0x00000f60       0x34 /home/elijah/CodeSourcery/Sourcery_G++_Lite/bin/../lib/gcc/arm-none-eabi/4.5.2/../../../../arm-none-eabi/lib/libc.a(lib_a-freer.o)
 .ARM.attributes
                0x00000f94       0x34 /home/elijah/CodeSourcery/Sourcery_G++_Lite/bin/../lib/gcc/arm-none-eabi/4.5.2/../../../../arm-none-eabi/lib/libc.a(lib_a-gettzinfo.o)
 .ARM.attributes
                0x00000fc8       0x34 /home/elijah/CodeSourcery/Sourcery_G++_Lite/bin/../lib/gcc/arm-none-eabi/4.5.2/../../../../arm-none-eabi/lib/libc.a(lib_a-locale.o)
 .ARM.attributes
                0x00000ffc       0x34 /home/elijah/CodeSourcery/Sourcery_G++_Lite/bin/../lib/gcc/arm-none-eabi/4.5.2/../../../../arm-none-eabi/lib/libc.a(lib_a-memchr.o)
 .ARM.attributes
                0x00001030       0x34 /home/elijah/CodeSourcery/Sourcery_G++_Lite/bin/../lib/gcc/arm-none-eabi/4.5.2/../../../../arm-none-eabi/lib/libc.a(lib_a-mprec.o)
 .ARM.attributes
                0x00001064       0x34 /home/elijah/CodeSourcery/Sourcery_G++_Lite/bin/../lib/gcc/arm-none-eabi/4.5.2/../../../../arm-none-eabi/lib/libc.a(lib_a-svfiprintf.o)
 .ARM.attributes
                0x00001098       0x34 /home/elijah/CodeSourcery/Sourcery_G++_Lite/bin/../lib/gcc/arm-none-eabi/4.5.2/../../../../arm-none-eabi/lib/libc.a(lib_a-callocr.o)
 .ARM.attributes
                0x000010cc       0x34 /home/elijah/CodeSourcery/Sourcery_G++_Lite/bin/../lib/gcc/arm-none-eabi/4.5.2/../../../../arm-none-eabi/lib/libc.a(lib_a-memmove.o)
 .ARM.attributes
                0x00001100       0x34 /home/elijah/CodeSourcery/Sourcery_G++_Lite/bin/../lib/gcc/arm-none-eabi/4.5.2/../../../../arm-none-eabi/lib/libc.a(lib_a-reallocr.o)
 .ARM.attributes
                0x00001134       0x1a /home/elijah/CodeSourcery/Sourcery_G++_Lite/bin/../lib/gcc/arm-none-eabi/4.5.2/libgcc.a(_arm_fixdfsi.o)
 .ARM.attributes
                0x0000114e       0x1a /home/elijah/CodeSourcery/Sourcery_G++_Lite/bin/../lib/gcc/arm-none-eabi/4.5.2/libgcc.a(_aeabi_uldivmod.o)
 .ARM.attributes
                0x00001168       0x34 /home/elijah/CodeSourcery/Sourcery_G++_Lite/bin/../lib/gcc/arm-none-eabi/4.5.2/libgcc.a(bpabi.o)
 .ARM.attributes
                0x0000119c       0x34 /home/elijah/CodeSourcery/Sourcery_G++_Lite/bin/../lib/gcc/arm-none-eabi/4.5.2/libgcc.a(_divdi3.o)
 .ARM.attributes
                0x000011d0       0x34 /home/elijah/CodeSourcery/Sourcery_G++_Lite/bin/../lib/gcc/arm-none-eabi/4.5.2/libgcc.a(_udivdi3.o)
 .ARM.attributes
                0x00001204       0x1a /home/elijah/CodeSourcery/Sourcery_G++_Lite/bin/../lib/gcc/arm-none-eabi/4.5.2/libgcc.a(_clzsi2.o)
 .ARM.attributes
                0x0000121e       0x34 /home/elijah/CodeSourcery/Sourcery_G++_Lite/bin/../lib/gcc/arm-none-eabi/4.5.2/crtend.o
 .ARM.attributes
                0x00001252       0x18 /home/elijah/CodeSourcery/Sourcery_G++_Lite/bin/../lib/gcc/arm-none-eabi/4.5.2/crtn.o

.comment        0x00000000       0x2a
 .comment       0x00000000       0x2a CRunTime.o
                                 0x2b (size before relaxing)
 .comment       0x00000000       0x2b AFSK.o
 .comment       0x00000000       0x2b main.o
 .comment       0x00000000       0x2b Engineering.o
 .comment       0x00000000       0x2b APRSBeacon.o
 .comment       0x00000000       0x2b IOPorts.o
 .comment       0x00000000       0x2b Log.o